12-05 11:35:49.370 W/ActivityManager(1704): Slow operation: 182ms so far, now at startProcess: starting to update pids map
12-05 11:35:49.371 W/ActivityManager(1704): Slow operation: 182ms so far, now at startProcess: done updating pids map
12-05 11:35:49.371 W/ActivityManager(1704): Slow operation: 167ms so far, now at startProcess: asking zygote to start proc
12-05 11:35:49.371 D/CompatibilityChangeReporter(1704): Compat change id reported: 143937733; UID 10143; state: ENABLED
12-05 11:35:49.372 I/ActivityManager(1704): Process com.android.chrome:sandboxed_process0:org.chromium.content.app.SandboxedProcessService0:6 (pid 17466) has died: vis BTOP
12-05 11:35:49.373 D/ProcessState(17622): Binder ioctl to enable oneway spam detection failed: Invalid argument
12-05 11:35:49.374 I/libprocessgroup(1704): Successfully killed process cgroup uid 90030 pid 17466 in 2ms
12-05 11:35:49.373 I/binder  (0): 17622:17622 ioctl 40046210 ffad84a8 returned -22
12-05 11:35:49.364 W/composer@2.3-se(633): type=1400 audit(0.0:6783): avc: denied { read } for name="u:object_r:bootanim_system_prop:s0" dev="tmpfs" ino=22652 scontext=u:r:hal_graphics_composer_default:s0 tcontext=u:object_r:bootanim_system_prop:s0 tclass=file permissive=0
12-05 11:35:49.375 W/libc    (633): Access denied finding property "service.bootanim.exit"
12-05 11:35:49.374 I/adbd    (4140): jdwp connection from 17622
12-05 11:35:49.379 W/ActivityManager(1704): Scheduling restart of crashed service com.android.chrome/org.chromium.content.app.SandboxedProcessService0:6 in 1000ms for connection
12-05 11:35:49.386 W/chromium(17221): [WARNING:compositor_view.cc(341)] Child process died (type=6) pid=17506)
12-05 11:35:49.386 E/system_server(1704): Cannot read thread CPU times for PID 1704
12-05 11:35:49.389 D/CompatibilityChangeReporter(1704): Compat change id reported: 168419799; UID 1068; state: DISABLED
12-05 11:35:49.391 W/libc    (633): Access denied finding property "service.bootanim.exit"
12-05 11:35:49.392 W/InstanceID(17221): Instance ID SDK is deprecated, com.android.chrome should update to use Firebase Instance ID
12-05 11:35:49.384 W/composer@2.3-se(633): type=1400 audit(0.0:6784): avc: denied { read } for name="u:object_r:bootanim_system_prop:s0" dev="tmpfs" ino=22652 scontext=u:r:hal_graphics_composer_default:s0 tcontext=u:object_r:bootanim_system_prop:s0 tclass=file permissive=0
12-05 11:35:49.398 I/ActivityManager(1704): Process com.android.chrome:sandboxed_process0:org.chromium.content.app.SandboxedProcessService0:8 (pid 17506) has died: vis BTOP
12-05 11:35:49.399 I/libprocessgroup(1704): Successfully killed process cgroup uid 90032 pid 17506 in 0ms
12-05 11:35:49.399 D/CompatibilityChangeReporter(17605): Compat change id reported: 171979766; UID 1068; state: ENABLED
12-05 11:35:49.399 W/ActivityManager(1704): Scheduling restart of crashed service com.android.chrome/org.chromium.content.app.SandboxedProcessService0:8 in 10980ms for connection
12-05 11:35:49.404 E/system_server(1704): Cannot read thread CPU times for PID 1704
12-05 11:35:49.394 W/composer@2.3-se(633): type=1400 audit(0.0:6785): avc: denied { read } for name="u:object_r:bootanim_system_prop:s0" dev="tmpfs" ino=22652 scontext=u:r:hal_graphics_composer_default:s0 tcontext=u:object_r:bootanim_system_prop:s0 tclass=file permissive=0
12-05 11:35:49.409 W/libc    (633): Access denied finding property "service.bootanim.exit"
12-05 11:35:49.410 E/SELinux (621): avc:  denied  { find } for pid=17579 uid=90035 name=content_capture scontext=u:r:isolated_app:s0:c512,c768 tcontext=u:object_r:content_capture_service:s0 tclass=service_manager permissive=0
12-05 11:35:49.412 D/CompatibilityChangeReporter(1704): Compat change id reported: 135634846; UID 10143; state: DISABLED
12-05 11:35:49.424 W/libc    (633): Access denied finding property "service.bootanim.exit"
12-05 11:35:49.427 V/GraphicsEnvironment(17605): ANGLE Developer option for 'com.android.se' set to: 'default'
12-05 11:35:49.427 V/GraphicsEnvironment(17605): Neither updatable production driver nor prerelease driver is supported.
12-05 11:35:49.429 D/NetworkSecurityConfig(17605): No Network Security Config specified, using platform default
12-05 11:35:49.430 D/Zygote  (15031): Forked child process 17643
12-05 11:35:49.431 D/NetworkSecurityConfig(17605): No Network Security Config specified, using platform default
12-05 11:35:49.431 W/ActivityManager(1704): Slow operation: 228ms so far, now at startProcess: returned from zygote!
12-05 11:35:49.435 D/CompatibilityChangeReporter(17622): Compat change id reported: 171979766; UID 90036; state: ENABLED
12-05 11:35:49.437 I/SecureElementService(17605): main onCreate
12-05 11:35:49.437 W/ActivityManager(1704): Slow operation: 233ms so far, now at startProcess: done updating battery stats
12-05 11:35:49.437 W/ActivityManager(1704): Slow operation: 233ms so far, now at startProcess: building log message
12-05 11:35:49.437 I/ActivityManager(1704): Start proc 17643:com.android.chrome:sandboxed_process0:org.chromium.content.app.SandboxedProcessService0:13/u0ai37 for  {com.android.chrome/org.chromium.content.app.SandboxedProcessService0:13}
12-05 11:35:49.437 W/ActivityManager(1704): Slow operation: 233ms so far, now at startProcess: starting to update pids map
12-05 11:35:49.437 W/ActivityManager(1704): Slow operation: 234ms so far, now at startProcess: done updating pids map
12-05 11:35:49.437 W/ActivityManager(1704): Slow operation: 220ms so far, now at startProcess: asking zygote to start proc
12-05 11:35:49.437 D/CompatibilityChangeReporter(1704): Compat change id reported: 143937733; UID 10143; state: ENABLED
12-05 11:35:49.444 E/SELinux (621): avc:  denied  { find } for pid=17561 uid=90034 name=content_capture scontext=u:r:isolated_app:s0:c512,c768 tcontext=u:object_r:content_capture_service:s0 tclass=service_manager permissive=0
12-05 11:35:49.445 W/libc    (633): Access denied finding property "service.bootanim.exit"
12-05 11:35:49.457 D/CompatibilityChangeReporter(1704): Compat change id reported: 135634846; UID 10143; state: DISABLED
12-05 11:35:49.457 W/libc    (633): Access denied finding property "service.bootanim.exit"
12-05 11:35:49.458 I/SecureElementService(17605): Check if terminal eSE1 is available.
12-05 11:35:49.460 I/GoogleInputMethodService(5083): GoogleInputMethodService.onFinishInput():3316 
12-05 11:35:49.461 D/hw-ProcessState(17605): Binder ioctl to enable oneway spam detection failed: Invalid argument
12-05 11:35:49.462 I/hwservicemanager(622): getTransport: Cannot find entry android.hardware.secure_element@1.2::ISecureElement/eSE1 in either framework or device VINTF manifest.
12-05 11:35:49.462 D/SecureElement-Terminal-eSE1(17605): SE Hal V1.2 is not supported
12-05 11:35:49.463 I/hwservicemanager(622): getTransport: Cannot find entry android.hardware.secure_element@1.1::ISecureElement/eSE1 in either framework or device VINTF manifest.
12-05 11:35:49.463 I/GoogleInputMethodService(5083): GoogleInputMethodService.updateDeviceLockedStatus():2181 checkRepeatedly = false, unlocked = true
12-05 11:35:49.463 I/GoogleInputMethodService(5083): GoogleInputMethodService.onStartInput():1989 
12-05 11:35:49.463 D/SecureElement-Terminal-eSE1(17605): SE Hal V1.1 is not supported
12-05 11:35:49.463 I/GoogleInputMethodService(5083): GoogleInputMethodService.updateDeviceLockedStatus():2181 checkRepeatedly = true, unlocked = true
12-05 11:35:49.464 I/hwservicemanager(622): Since android.hardware.secure_element@1.0::ISecureElement/eSE1 is not registered, trying to start it as a lazy HAL.
12-05 11:35:49.461 I/binder  (0): 17605:17605 ioctl 40046210 7fc451afb4 returned -22
12-05 11:35:49.466 I/hwservicemanager(622): Since android.hardware.secure_element@1.0::ISecureElement/eSE1 is not registered, trying to start it as a lazy HAL.
12-05 11:35:49.466 I/HidlServiceManagement(17605): getService: Trying again for android.hardware.secure_element@1.0::ISecureElement/eSE1...
12-05 11:35:49.467 W/InputManager-JNI(1704): Input channel object '8068b63 Splash Screen com.android.chrome (client)' was disposed without first being removed with the input manager!
12-05 11:35:49.469 E/init    (0): Control message: Could not find 'android.hardware.secure_element@1.0::ISecureElement/eSE1' for ctl.interface_start from pid: 622 (/system/bin/hwservicemanager)
12-05 11:35:49.469 I/binder  (0): 17643:17643 ioctl 40046210 ffad84a8 returned -22
12-05 11:35:49.469 D/ProcessState(17643): Binder ioctl to enable oneway spam detection failed: Invalid argument
12-05 11:35:49.472 E/init    (0): Control message: Could not find 'android.hardware.secure_element@1.0::ISecureElement/eSE1' for ctl.interface_start from pid: 622 (/system/bin/hwservicemanager)
12-05 11:35:49.471 W/libc    (622): Unable to set property "ctl.interface_start" to "android.hardware.secure_element@1.0::ISecureElement/eSE1": error code: 0x20
12-05 11:35:49.472 W/libc    (622): Unable to set property "ctl.interface_start" to "android.hardware.secure_element@1.0::ISecureElement/eSE1": error code: 0x20
12-05 11:35:49.472 I/hwservicemanager(622): Tried to start android.hardware.secure_element@1.0::ISecureElement/eSE1 as a lazy service, but was unable to. Usually this happens when a service is not installed, but if the service is intended to be used as a lazy service, then it may be configured incorrectly.
12-05 11:35:49.475 V/ANDR-PERF-RESOURCEQS(999): Failed to apply optimization [2, 0]
12-05 11:35:49.475 V/ANDR-PERF-RESOURCEQS(999): Failed to apply optimization [2, 0]
12-05 11:35:49.475 D/Zygote  (15031): Forked child process 17661
12-05 11:35:49.476 I/hwservicemanager(622): Tried to start android.hardware.secure_element@1.0::ISecureElement/eSE1 as a lazy service, but was unable to. Usually this happens when a service is not installed, but if the service is intended to be used as a lazy service, then it may be configured incorrectly.
12-05 11:35:49.476 W/ActivityManager(1704): Slow operation: 259ms so far, now at startProcess: returned from zygote!
12-05 11:35:49.476 W/libc    (633): Access denied finding property "service.bootanim.exit"
12-05 11:35:49.476 W/ActivityManager(1704): Slow operation: 259ms so far, now at startProcess: done updating battery stats
12-05 11:35:49.476 W/ActivityManager(1704): Slow operation: 259ms so far, now at startProcess: building log message
12-05 11:35:49.476 I/ActivityManager(1704): Start proc 17661:com.android.chrome:sandboxed_process0:org.chromium.content.app.SandboxedProcessService0:14/u0ai38 for  {com.android.chrome/org.chromium.content.app.SandboxedProcessService0:14}
12-05 11:35:49.476 W/ActivityManager(1704): Slow operation: 259ms so far, now at startProcess: starting to update pids map
12-05 11:35:49.478 I/adbd    (4140): jdwp connection from 17643
12-05 11:35:49.479 D/NetworkSecurityConfig(17622): Using Network Security Config from resource 0_resource_name_obfuscated debugBuild: false
12-05 11:35:49.481 W/ActivityManager(1704): Slow operation: 263ms so far, now at startProcess: done updating pids map
12-05 11:35:49.481 W/ActivityManager(1704): Slow operation: 236ms so far, now at startProcess: asking zygote to start proc
12-05 11:35:49.482 D/NetworkSecurityConfig(17622): Using Network Security Config from resource 0_resource_name_obfuscated debugBuild: false
12-05 11:35:49.484 I/cr_SplitCompatApp(17622): Launched version=96.0.4664.45 minSdkVersion=29 isBundle=true processName=com.android.chrome:sandboxed_process0:org.chromium.content.app.SandboxedProcessService0:12 isIsolated=true
12-05 11:35:49.493 I/binder  (0): 17661:17661 ioctl 40046210 ffad84a8 returned -22
12-05 11:35:49.493 D/ProcessState(17661): Binder ioctl to enable oneway spam detection failed: Invalid argument
12-05 11:35:49.495 I/adbd    (4140): jdwp connection from 17661
12-05 11:35:49.500 D/CompatibilityChangeReporter(1704): Compat change id reported: 135634846; UID 10143; state: DISABLED
12-05 11:35:49.502 W/SystemServiceRegistry(17622): No service published for: uimode
12-05 11:35:49.502 D/CompatibilityChangeReporter(17643): Compat change id reported: 171979766; UID 90037; state: ENABLED
12-05 11:35:49.511 W/libc    (633): Access denied finding property "service.bootanim.exit"
12-05 11:35:49.517 D/Zygote  (15031): Forked child process 17678
12-05 11:35:49.518 W/ActivityManager(1704): Slow operation: 274ms so far, now at startProcess: returned from zygote!
12-05 11:35:49.518 W/ActivityManager(1704): Slow operation: 274ms so far, now at startProcess: done updating battery stats
12-05 11:35:49.518 W/ActivityManager(1704): Slow operation: 274ms so far, now at startProcess: building log message
12-05 11:35:49.518 I/ActivityManager(1704): Start proc 17678:com.android.chrome:sandboxed_process0:org.chromium.content.app.SandboxedProcessService0:15/u0ai39 for  {com.android.chrome/org.chromium.content.app.SandboxedProcessService0:15}
12-05 11:35:49.518 W/ActivityManager(1704): Slow operation: 274ms so far, now at startProcess: starting to update pids map
12-05 11:35:49.519 W/ActivityManager(1704): Slow operation: 274ms so far, now at startProcess: done updating pids map
12-05 11:35:49.519 W/ActivityManager(1704): Slow operation: 253ms so far, now at startProcess: asking zygote to start proc
12-05 11:35:49.519 D/CompatibilityChangeReporter(1704): Compat change id reported: 143937733; UID 10143; state: ENABLED
12-05 11:35:49.519 D/CompatibilityChangeReporter(17661): Compat change id reported: 171979766; UID 90038; state: ENABLED
12-05 11:35:49.524 W/libc    (633): Access denied finding property "service.bootanim.exit"
12-05 11:35:49.538 I/cr_ChildProcessService(17622): Creating new ChildProcessService pid=17622
12-05 11:35:49.542 D/NetworkSecurityConfig(17643): Using Network Security Config from resource 0_resource_name_obfuscated debugBuild: false
12-05 11:35:49.542 I/adbd    (4140): jdwp connection from 17678
12-05 11:35:49.544 I/binder  (0): 17678:17678 ioctl 40046210 ffad84a8 returned -22
12-05 11:35:49.543 D/Zygote  (15031): Forked child process 17686
12-05 11:35:49.544 W/libc    (633): Access denied finding property "service.bootanim.exit"
12-05 11:35:49.544 W/ActivityManager(1704): Slow operation: 279ms so far, now at startProcess: returned from zygote!
12-05 11:35:49.544 D/ProcessState(17678): Binder ioctl to enable oneway spam detection failed: Invalid argument
12-05 11:35:49.546 E/SparseMappingTable(1704): can't store negative values key=0xd3f0000 index=0 value=-1 -- SparseMappingTable.Table{mSequence=1 mParent.mSequence=1 mParent.mLongs.size()=1 mSize=5 mTable=[0x0/0x0/0xd3f, 0x14/0x0/0xd3e, 0x15/0x0/0xd4e, 0x16/0x0/0xd3d, 0x17/0x0/0xd3b, 0x0/0x0/0x0, 0x0/0x0/0x0, 0x0/0x0/0x0, 0x0/0x0/0x0] clazz=com.android.internal.app.procstats.DurationsTable}
12-05 11:35:49.546 E/SparseMappingTable(1704): java.lang.RuntimeException: Stack trace
12-05 11:35:49.546 E/SparseMappingTable(1704): 	at com.android.internal.app.procstats.SparseMappingTable.logOrThrow(SparseMappingTable.java:645)
12-05 11:35:49.546 E/SparseMappingTable(1704): 	at com.android.internal.app.procstats.SparseMappingTable.access$400(SparseMappingTable.java:46)
12-05 11:35:49.546 E/SparseMappingTable(1704): 	at com.android.internal.app.procstats.SparseMappingTable$Table.setValue(SparseMappingTable.java:274)
12-05 11:35:49.546 E/SparseMappingTable(1704): 	at com.android.internal.app.procstats.SparseMappingTable$Table.setValue(SparseMappingTable.java:259)
12-05 11:35:49.546 E/SparseMappingTable(1704): 	at com.android.internal.app.procstats.DurationsTable.addDuration(DurationsTable.java:49)
12-05 11:35:49.546 E/SparseMappingTable(1704): 	at com.android.internal.app.procstats.ServiceState.updateRunning(ServiceState.java:289)
12-05 11:35:49.546 E/SparseMappingTable(1704): 	at com.android.internal.app.procstats.ServiceState.setBound(ServiceState.java:351)
12-05 11:35:49.546 E/SparseMappingTable(1704): 	at com.android.server.am.ActiveServices.bindServiceLocked(ActiveServices.java:2758)
12-05 11:35:49.546 E/SparseMappingTable(1704): 	at com.android.server.am.ActivityManagerService.bindIsolatedService(ActivityManagerService.java:11999)
12-05 11:35:49.546 E/SparseMappingTable(1704): 	at android.app.IActivityManager$Stub.onTransact(IActivityManager.java:2617)
12-05 11:35:49.546 E/SparseMappingTable(1704): 	at com.android.server.am.ActivityManagerService.onTransact(ActivityManagerService.java:2504)
12-05 11:35:49.546 E/SparseMappingTable(1704): 	at android.os.Binder.execTransactInternal(Binder.java:1179)
12-05 11:35:49.546 E/SparseMappingTable(1704): 	at android.os.Binder.execTransact(Binder.java:1143)
12-05 11:35:49.547 D/NetworkSecurityConfig(17643): Using Network Security Config from resource 0_resource_name_obfuscated debugBuild: false
12-05 11:35:49.550 D/CompatibilityChangeReporter(1704): Compat change id reported: 135634846; UID 10143; state: DISABLED
12-05 11:35:49.553 I/cr_SplitCompatApp(17643): Launched version=96.0.4664.45 minSdkVersion=29 isBundle=true processName=com.android.chrome:sandboxed_process0:org.chromium.content.app.SandboxedProcessService0:13 isIsolated=true
12-05 11:35:49.553 D/ProcessState(17686): Binder ioctl to enable oneway spam detection failed: Invalid argument
12-05 11:35:49.553 I/binder  (0): 17686:17686 ioctl 40046210 ffad84a8 returned -22
12-05 11:35:49.556 I/adbd    (4140): jdwp connection from 17686
12-05 11:35:49.556 W/ActivityManager(1704): Slow operation: 291ms so far, now at startProcess: done updating battery stats
12-05 11:35:49.557 W/ActivityManager(1704): Slow operation: 291ms so far, now at startProcess: building log message
12-05 11:35:49.557 I/ActivityManager(1704): Start proc 17686:com.android.chrome:sandboxed_process0:org.chromium.content.app.SandboxedProcessService0:16/u0ai40 for  {com.android.chrome/org.chromium.content.app.SandboxedProcessService0:16}
12-05 11:35:49.557 W/ActivityManager(1704): Slow operation: 291ms so far, now at startProcess: starting to update pids map
12-05 11:35:49.557 W/ActivityManager(1704): Slow operation: 291ms so far, now at startProcess: done updating pids map
12-05 11:35:49.557 W/ActivityManager(1704): Slow operation: 272ms so far, now at startProcess: asking zygote to start proc
12-05 11:35:49.561 D/NetworkSecurityConfig(17661): Using Network Security Config from resource 0_resource_name_obfuscated debugBuild: false
12-05 11:35:49.562 D/NetworkSecurityConfig(17661): Using Network Security Config from resource 0_resource_name_obfuscated debugBuild: false
12-05 11:35:49.563 I/cr_SplitCompatApp(17661): Launched version=96.0.4664.45 minSdkVersion=29 isBundle=true processName=com.android.chrome:sandboxed_process0:org.chromium.content.app.SandboxedProcessService0:14 isIsolated=true
12-05 11:35:49.566 W/SystemServiceRegistry(17643): No service published for: uimode
12-05 11:35:49.567 D/CompatibilityChangeReporter(17678): Compat change id reported: 171979766; UID 90039; state: ENABLED
12-05 11:35:49.570 W/SystemServiceRegistry(17661): No service published for: uimode
12-05 11:35:49.570 I/cr_ChildProcessService(17643): Creating new ChildProcessService pid=17643
12-05 11:35:49.579 E/SELinux (621): avc:  denied  { find } for pid=17622 uid=90036 name=content_capture scontext=u:r:isolated_app:s0:c512,c768 tcontext=u:object_r:content_capture_service:s0 tclass=service_manager permissive=0
12-05 11:35:49.583 I/cr_ChildProcessService(17661): Creating new ChildProcessService pid=17661
12-05 11:35:49.585 D/CompatibilityChangeReporter(17686): Compat change id reported: 171979766; UID 90040; state: ENABLED
12-05 11:35:49.593 E/SparseMappingTable(1704): can't store negative values key=0xd3f0000 index=0 value=-1 -- SparseMappingTable.Table{mSequence=1 mParent.mSequence=1 mParent.mLongs.size()=1 mSize=5 mTable=[0x0/0x0/0xd3f, 0x14/0x0/0xd3e, 0x15/0x0/0xd4e, 0x16/0x0/0xd3d, 0x17/0x0/0xd3b, 0x0/0x0/0x0, 0x0/0x0/0x0, 0x0/0x0/0x0, 0x0/0x0/0x0] clazz=com.android.internal.app.procstats.DurationsTable}
12-05 11:35:49.593 E/SparseMappingTable(1704): java.lang.RuntimeException: Stack trace
12-05 11:35:49.593 E/SparseMappingTable(1704): 	at com.android.internal.app.procstats.SparseMappingTable.logOrThrow(SparseMappingTable.java:645)
12-05 11:35:49.593 E/SparseMappingTable(1704): 	at com.android.internal.app.procstats.SparseMappingTable.access$400(SparseMappingTable.java:46)
12-05 11:35:49.593 E/SparseMappingTable(1704): 	at com.android.internal.app.procstats.SparseMappingTable$Table.setValue(SparseMappingTable.java:274)
12-05 11:35:49.593 E/SparseMappingTable(1704): 	at com.android.internal.app.procstats.SparseMappingTable$Table.setValue(SparseMappingTable.java:259)
12-05 11:35:49.593 E/SparseMappingTable(1704): 	at com.android.internal.app.procstats.DurationsTable.addDuration(DurationsTable.java:49)
12-05 11:35:49.593 E/SparseMappingTable(1704): 	at com.android.internal.app.procstats.ServiceState.updateRunning(ServiceState.java:289)
12-05 11:35:49.593 E/SparseMappingTable(1704): 	at com.android.internal.app.procstats.ServiceState.setBound(ServiceState.java:351)
12-05 11:35:49.593 E/SparseMappingTable(1704): 	at com.android.server.am.ActiveServices.bindServiceLocked(ActiveServices.java:2758)
12-05 11:35:49.593 E/SparseMappingTable(1704): 	at com.android.server.am.ActivityManagerService.bindIsolatedService(ActivityManagerService.java:11999)
12-05 11:35:49.593 E/SparseMappingTable(1704): 	at android.app.IActivityManager$Stub.onTransact(IActivityManager.java:2617)
12-05 11:35:49.593 E/SparseMappingTable(1704): 	at com.android.server.am.ActivityManagerService.onTransact(ActivityManagerService.java:2504)
12-05 11:35:49.593 E/SparseMappingTable(1704): 	at android.os.Binder.execTransactInternal(Binder.java:1179)
12-05 11:35:49.593 E/SparseMappingTable(1704): 	at android.os.Binder.execTransact(Binder.java:1143)
12-05 11:35:49.594 D/Zygote  (15031): Forked child process 17712
12-05 11:35:49.595 W/ActivityManager(1704): Slow operation: 310ms so far, now at startProcess: returned from zygote!
12-05 11:35:49.595 D/CompatibilityChangeReporter(1704): Compat change id reported: 135634846; UID 10143; state: DISABLED
12-05 11:35:49.596 W/ActivityManager(1704): Slow operation: 311ms so far, now at startProcess: done updating battery stats
12-05 11:35:49.596 W/ActivityManager(1704): Slow operation: 311ms so far, now at startProcess: building log message
12-05 11:35:49.596 I/ActivityManager(1704): Start proc 17712:com.android.chrome:sandboxed_process0:org.chromium.content.app.SandboxedProcessService0:17/u0ai41 for  {com.android.chrome/org.chromium.content.app.SandboxedProcessService0:17}
12-05 11:35:49.596 W/ActivityManager(1704): Slow operation: 311ms so far, now at startProcess: starting to update pids map
12-05 11:35:49.596 W/ActivityManager(1704): Slow operation: 311ms so far, now at startProcess: done updating pids map
12-05 11:35:49.596 W/ActivityManager(1704): Slow operation: 184ms so far, now at startProcess: asking zygote to start proc
12-05 11:35:49.596 D/CompatibilityChangeReporter(1704): Compat change id reported: 143937733; UID 10143; state: ENABLED
12-05 11:35:49.596 E/SELinux (621): avc:  denied  { find } for pid=17643 uid=90037 name=content_capture scontext=u:r:isolated_app:s0:c512,c768 tcontext=u:object_r:content_capture_service:s0 tclass=service_manager permissive=0
12-05 11:35:49.599 D/NetworkSecurityConfig(17678): Using Network Security Config from resource 0_resource_name_obfuscated debugBuild: false
12-05 11:35:49.601 E/SELinux (621): avc:  denied  { find } for pid=17661 uid=90038 name=content_capture scontext=u:r:isolated_app:s0:c512,c768 tcontext=u:object_r:content_capture_service:s0 tclass=service_manager permissive=0
12-05 11:35:49.602 D/NetworkSecurityConfig(17678): Using Network Security Config from resource 0_resource_name_obfuscated debugBuild: false
12-05 11:35:49.604 I/cr_SplitCompatApp(17678): Launched version=96.0.4664.45 minSdkVersion=29 isBundle=true processName=com.android.chrome:sandboxed_process0:org.chromium.content.app.SandboxedProcessService0:15 isIsolated=true
12-05 11:35:49.612 D/NetworkSecurityConfig(17686): Using Network Security Config from resource 0_resource_name_obfuscated debugBuild: false
12-05 11:35:49.614 D/NetworkSecurityConfig(17686): Using Network Security Config from resource 0_resource_name_obfuscated debugBuild: false
12-05 11:35:49.617 I/cr_SplitCompatApp(17686): Launched version=96.0.4664.45 minSdkVersion=29 isBundle=true processName=com.android.chrome:sandboxed_process0:org.chromium.content.app.SandboxedProcessService0:16 isIsolated=true
12-05 11:35:49.623 W/libc    (633): Access denied finding property "service.bootanim.exit"
12-05 11:35:49.629 I/cr_LibraryLoader(17528): Using linker: org.chromium.base.library_loader.ModernLinker
12-05 11:35:49.630 I/cr_LibraryLoader(17486): Using linker: org.chromium.base.library_loader.ModernLinker
12-05 11:35:49.631 D/Zygote  (15031): Forked child process 17719
12-05 11:35:49.634 I/binder  (0): 17712:17712 ioctl 40046210 ffad84a8 returned -22
12-05 11:35:49.632 D/BufferPoolAccessor2.0(1243): evictor expired: 4, evicted: 0
12-05 11:35:49.632 W/ActivityManager(1704): Slow operation: 220ms so far, now at startProcess: returned from zygote!
12-05 11:35:49.632 W/ActivityManager(1704): Slow operation: 220ms so far, now at startProcess: done updating battery stats
12-05 11:35:49.632 W/ActivityManager(1704): Slow operation: 221ms so far, now at startProcess: building log message
12-05 11:35:49.632 I/ActivityManager(1704): Start proc 17719:com.android.chrome:sandboxed_process0:org.chromium.content.app.SandboxedProcessService0:18/u0ai42 for  {com.android.chrome/org.chromium.content.app.SandboxedProcessService0:18}
12-05 11:35:49.632 W/ActivityManager(1704): Slow operation: 221ms so far, now at startProcess: starting to update pids map
12-05 11:35:49.632 W/ActivityManager(1704): Slow operation: 221ms so far, now at startProcess: done updating pids map
12-05 11:35:49.632 W/ActivityManager(1704): Slow operation: 176ms so far, now at startProcess: asking zygote to start proc
12-05 11:35:49.633 I/adbd    (4140): jdwp connection from 17712
12-05 11:35:49.633 E/cr_ChromiumAndroidLinker(17528): ReserveAddressWithHint: Address range starting at 0xbb581000 was not free to use
12-05 11:35:49.634 D/ProcessState(17712): Binder ioctl to enable oneway spam detection failed: Invalid argument
12-05 11:35:49.636 W/SystemServiceRegistry(17678): No service published for: uimode
12-05 11:35:49.637 E/cr_ChromiumAndroidLinker(17486): ReserveAddressWithHint: Address range starting at 0xbb581000 was not free to use
12-05 11:35:49.641 D/ProcessState(17719): Binder ioctl to enable oneway spam detection failed: Invalid argument
12-05 11:35:49.641 I/binder  (0): 17719:17719 ioctl 40046210 ffad84a8 returned -22
12-05 11:35:49.642 I/cr_ChildProcessService(17678): Creating new ChildProcessService pid=17678
12-05 11:35:49.644 I/adbd    (4140): jdwp connection from 17719
12-05 11:35:49.645 E/SELinux (621): avc:  denied  { find } for pid=17678 uid=90039 name=content_capture scontext=u:r:isolated_app:s0:c512,c768 tcontext=u:object_r:content_capture_service:s0 tclass=service_manager permissive=0
12-05 11:35:49.652 I/cr_LibraryLoader(17486): Successfully loaded native library
12-05 11:35:49.655 W/libc    (633): Access denied finding property "service.bootanim.exit"
12-05 11:35:49.656 I/cr_CachingUmaRecorder(17486): Flushed 2 samples from 2 histograms.
12-05 11:35:49.662 I/cr_LibraryLoader(17579): Using linker: org.chromium.base.library_loader.ModernLinker
12-05 11:35:49.662 I/cr_LibraryLoader(17561): Using linker: org.chromium.base.library_loader.ModernLinker
12-05 11:35:49.663 I/cr_LibraryLoader(17622): Using linker: org.chromium.base.library_loader.ModernLinker
12-05 11:35:49.664 I/cr_LibraryLoader(17643): Using linker: org.chromium.base.library_loader.ModernLinker
12-05 11:35:49.667 I/cr_LibraryLoader(17661): Using linker: org.chromium.base.library_loader.ModernLinker
12-05 11:35:49.667 E/cr_ChromiumAndroidLinker(17561): ReserveAddressWithHint: Address range starting at 0xbb581000 was not free to use
12-05 11:35:49.671 W/libc    (633): Access denied finding property "service.bootanim.exit"
12-05 11:35:49.670 D/Zygote  (15031): Forked child process 17741
12-05 11:35:49.673 E/cr_ChromiumAndroidLinker(17622): ReserveAddressWithHint: Address range starting at 0xbb581000 was not free to use
12-05 11:35:49.673 W/ActivityManager(1704): Slow operation: 217ms so far, now at startProcess: returned from zygote!
12-05 11:35:49.674 W/ActivityManager(1704): Slow operation: 217ms so far, now at startProcess: done updating battery stats
12-05 11:35:49.674 W/ActivityManager(1704): Slow operation: 217ms so far, now at startProcess: building log message
12-05 11:35:49.674 I/ActivityManager(1704): Start proc 17741:com.android.chrome:sandboxed_process0:org.chromium.content.app.SandboxedProcessService0:19/u0ai43 for  {com.android.chrome/org.chromium.content.app.SandboxedProcessService0:19}
12-05 11:35:49.674 W/ActivityManager(1704): Slow operation: 217ms so far, now at startProcess: starting to update pids map
12-05 11:35:49.674 W/ActivityManager(1704): Slow operation: 217ms so far, now at startProcess: done updating pids map
12-05 11:35:49.674 W/ActivityManager(1704): Slow operation: 175ms so far, now at startProcess: asking zygote to start proc
12-05 11:35:49.680 I/cr_LibraryLoader(17678): Using linker: org.chromium.base.library_loader.ModernLinker
12-05 11:35:49.684 E/cr_ChromiumAndroidLinker(17643): ReserveAddressWithHint: Address range starting at 0xbb581000 was not free to use
12-05 11:35:49.687 E/cr_ChromiumAndroidLinker(17661): ReserveAddressWithHint: Address range starting at 0xbb581000 was not free to use
12-05 11:35:49.689 D/ProcessState(17741): Binder ioctl to enable oneway spam detection failed: Invalid argument
12-05 11:35:49.689 I/binder  (0): 17741:17741 ioctl 40046210 ffad84a8 returned -22
12-05 11:35:49.690 E/cr_ChromiumAndroidLinker(17579): ReserveAddressWithHint: Address range starting at 0xbb581000 was not free to use
12-05 11:35:49.690 W/libc    (633): Access denied finding property "service.bootanim.exit"
12-05 11:35:49.690 I/cr_LibraryLoader(17528): Successfully loaded native library
12-05 11:35:49.691 I/adbd    (4140): jdwp connection from 17741
12-05 11:35:49.693 I/cr_CachingUmaRecorder(17528): Flushed 2 samples from 2 histograms.
12-05 11:35:49.694 I/cr_LibraryLoader(17561): Successfully loaded native library
12-05 11:35:49.695 I/cr_LibraryLoader(17579): Successfully loaded native library
12-05 11:35:49.695 I/cr_CachingUmaRecorder(17561): Flushed 2 samples from 2 histograms.
12-05 11:35:49.697 I/cr_CachingUmaRecorder(17579): Flushed 2 samples from 2 histograms.
12-05 11:35:49.698 I/cr_LibraryLoader(17622): Successfully loaded native library
12-05 11:35:49.700 I/cr_CachingUmaRecorder(17622): Flushed 2 samples from 2 histograms.
12-05 11:35:49.706 W/libc    (633): Access denied finding property "service.bootanim.exit"
12-05 11:35:49.708 I/cr_LibraryLoader(17643): Successfully loaded native library
12-05 11:35:49.706 D/tas2559 2-004c(0): Die=0x1784aaaa, degree=47
12-05 11:35:49.709 I/cr_CachingUmaRecorder(17643): Flushed 2 samples from 2 histograms.
12-05 11:35:49.712 I/cr_BindingManager(17221): Moderate binding enabled: maxSize=-1
12-05 11:35:49.715 E/cr_ChromiumAndroidLinker(17678): ReserveAddressWithHint: Address range starting at 0xbb581000 was not free to use
12-05 11:35:49.724 W/libc    (633): Access denied finding property "service.bootanim.exit"
12-05 11:35:49.725 I/cr_LibraryLoader(17661): Successfully loaded native library
12-05 11:35:49.727 I/cr_CachingUmaRecorder(17661): Flushed 2 samples from 2 histograms.
12-05 11:35:49.721 D/tas2559 2-004c(0): IRQ status DevA: 0x2, 0x0
12-05 11:35:49.722 D/tas2559 2-004c(0): IRQ status DevB: 0x2, 0x1
12-05 11:35:49.731 D/CompatibilityChangeReporter(17719): Compat change id reported: 171979766; UID 90042; state: ENABLED
12-05 11:35:49.737 D/CompatibilityChangeReporter(17712): Compat change id reported: 171979766; UID 90041; state: ENABLED
12-05 11:35:49.739 I/chromium(17486): [INFO:child_process_service.cc(69)] ChildProcessService: Exiting child process.
12-05 11:35:49.742 I/cr_LibraryLoader(17678): Successfully loaded native library
12-05 11:35:49.744 D/CompatibilityChangeReporter(17741): Compat change id reported: 171979766; UID 90043; state: ENABLED
12-05 11:35:49.747 I/cr_CachingUmaRecorder(17678): Flushed 2 samples from 2 histograms.
12-05 11:35:49.747 W/SystemServiceRegistry(17686): No service published for: uimode
12-05 11:35:49.752 I/ActivityManager(1704): Killing 17486:com.android.chrome:sandboxed_process0:org.chromium.content.app.SandboxedProcessService0:7/u0a143i-8969 (adj 0): isolated not needed
12-05 11:35:49.756 W/libc    (633): Access denied finding property "service.bootanim.exit"
12-05 11:35:49.761 I/chromium(17579): [INFO:child_process_service.cc(69)] ChildProcessService: Exiting child process.
12-05 11:35:49.767 I/ActivityManager(1704): Killing 17579:com.android.chrome:sandboxed_process0:org.chromium.content.app.SandboxedProcessService0:11/u0a143i-8965 (adj 0): isolated not needed
12-05 11:35:49.777 D/NetworkSecurityConfig(17741): Using Network Security Config from resource 0_resource_name_obfuscated debugBuild: false
12-05 11:35:49.778 D/NetworkSecurityConfig(17741): Using Network Security Config from resource 0_resource_name_obfuscated debugBuild: false
12-05 11:35:49.779 I/cr_SplitCompatApp(17741): Launched version=96.0.4664.45 minSdkVersion=29 isBundle=true processName=com.android.chrome:sandboxed_process0:org.chromium.content.app.SandboxedProcessService0:19 isIsolated=true
12-05 11:35:49.781 I/ActivityManager(1704): Killing 17643:com.android.chrome:sandboxed_process0:org.chromium.content.app.SandboxedProcessService0:13/u0a143i-8963 (adj 0): isolated not needed
12-05 11:35:49.782 I/cr_ChildProcessService(17643): Destroying ChildProcessService pid=17643
12-05 11:35:49.783 I/chromium(17643): [INFO:child_process_service.cc(69)] ChildProcessService: Exiting child process.
12-05 11:35:49.787 D/Zygote  (15031): Forked child process 17801
12-05 11:35:49.788 W/ActivityManager(1704): Slow operation: 290ms so far, now at startProcess: returned from zygote!
12-05 11:35:49.793 W/SystemServiceRegistry(17741): No service published for: uimode
12-05 11:35:49.796 I/Zygote  (15031): Process 17579 exited cleanly (0)
12-05 11:35:49.796 I/binder  (0): undelivered transaction 630069, process died.
12-05 11:35:49.796 I/binder  (0): undelivered transaction 630070, process died.
12-05 11:35:49.796 I/binder  (0): undelivered transaction 630068, process died.
12-05 11:35:49.803 W/chromium(17221): [WARNING:compositor_view.cc(341)] Child process died (type=6) pid=17579)
12-05 11:35:49.804 W/ActivityManager(1704): Slow operation: 305ms so far, now at startProcess: done updating battery stats
12-05 11:35:49.804 W/ActivityManager(1704): Slow operation: 305ms so far, now at startProcess: building log message
12-05 11:35:49.804 I/ActivityManager(1704): Start proc 17801:com.android.chrome:sandboxed_process0:org.chromium.content.app.SandboxedProcessService0:20/u0ai44 for  {com.android.chrome/org.chromium.content.app.SandboxedProcessService0:20}
12-05 11:35:49.804 W/ActivityManager(1704): Slow operation: 305ms so far, now at startProcess: starting to update pids map
12-05 11:35:49.804 W/ActivityManager(1704): Slow operation: 306ms so far, now at startProcess: done updating pids map
12-05 11:35:49.804 W/ActivityManager(1704): Slow operation: 256ms so far, now at startProcess: asking zygote to start proc
12-05 11:35:49.804 D/CompatibilityChangeReporter(1704): Compat change id reported: 143937733; UID 10143; state: ENABLED
12-05 11:35:49.813 E/system_server(1704): Cannot read thread CPU times for PID 1704
12-05 11:35:49.818 I/cr_ChildProcessService(17686): Creating new ChildProcessService pid=17686
12-05 11:35:49.820 I/binder  (0): 17801:17801 ioctl 40046210 ffad84a8 returned -22
12-05 11:35:49.821 I/adbd    (4140): jdwp connection from 17801
12-05 11:35:49.821 D/ProcessState(17801): Binder ioctl to enable oneway spam detection failed: Invalid argument
12-05 11:35:49.829 I/cr_ChildProcessService(17741): Creating new ChildProcessService pid=17741
12-05 11:35:49.831 I/chromium(17661): [INFO:child_process_service.cc(69)] ChildProcessService: Exiting child process.
12-05 11:35:49.834 I/chromium(17622): [INFO:child_process_service.cc(69)] ChildProcessService: Exiting child process.
12-05 11:35:49.839 I/DropBoxManagerService(1704): add tag=system_server_strictmode isTagEnabled=true flags=0x2
12-05 11:35:49.842 I/DropBoxManagerService(1704): add tag=system_server_strictmode isTagEnabled=true flags=0x2
12-05 11:35:49.844 I/DropBoxManagerService(1704): add tag=system_server_strictmode isTagEnabled=true flags=0x2
12-05 11:35:49.844 D/NetworkSecurityConfig(17712): Using Network Security Config from resource 0_resource_name_obfuscated debugBuild: false
12-05 11:35:49.845 I/DropBoxManagerService(1704): add tag=system_server_strictmode isTagEnabled=true flags=0x2
12-05 11:35:49.845 D/NetworkSecurityConfig(17712): Using Network Security Config from resource 0_resource_name_obfuscated debugBuild: false
12-05 11:35:49.846 I/ActivityManager(1704): Process com.android.chrome:sandboxed_process0:org.chromium.content.app.SandboxedProcessService0:14 (pid 17661) has died: vis BTOP
12-05 11:35:49.846 W/ActivityManager(1704): Scheduling restart of crashed service com.android.chrome/org.chromium.content.app.SandboxedProcessService0:14 in 1000ms for connection
12-05 11:35:49.849 I/DropBoxManagerService(1704): add tag=system_server_strictmode isTagEnabled=true flags=0x2
12-05 11:35:49.854 E/SELinux (621): avc:  denied  { find } for pid=17686 uid=90040 name=content_capture scontext=u:r:isolated_app:s0:c512,c768 tcontext=u:object_r:content_capture_service:s0 tclass=service_manager permissive=0
12-05 11:35:49.854 I/DropBoxManagerService(1704): add tag=system_server_strictmode isTagEnabled=true flags=0x2
12-05 11:35:49.856 I/chromium(17678): [INFO:child_process_service.cc(69)] ChildProcessService: Exiting child process.
12-05 11:35:49.860 E/system_server(1704): Cannot read thread CPU times for PID 1704
12-05 11:35:49.862 I/cr_SplitCompatApp(17712): Launched version=96.0.4664.45 minSdkVersion=29 isBundle=true processName=com.android.chrome:sandboxed_process0:org.chromium.content.app.SandboxedProcessService0:17 isIsolated=true
12-05 11:35:49.862 I/chromium(17561): [INFO:child_process_service.cc(69)] ChildProcessService: Exiting child process.
12-05 11:35:49.863 I/DropBoxManagerService(1704): add tag=system_server_strictmode isTagEnabled=true flags=0x2
12-05 11:35:49.868 E/PhenotypeCombinedFlags(17221): Config package com.google.android.libraries.search.rendering.xuikit.device#com.android.chrome cannot use ProtoDataStore backing without declarative registration. See go/phenotype-android-integration#phenotype for more information. This will lead to stale flags.
12-05 11:35:49.868 I/binder  (0): undelivered transaction 630023, process died.
12-05 11:35:49.868 I/binder  (0): undelivered transaction 630027, process died.
12-05 11:35:49.868 I/binder  (0): undelivered transaction 630022, process died.
12-05 11:35:49.872 I/libprocessgroup(1704): Successfully killed process cgroup uid 90031 pid 17486 in 117ms
12-05 11:35:49.872 I/libprocessgroup(1704): Successfully killed process cgroup uid 90035 pid 17579 in 0ms
12-05 11:35:49.872 I/libprocessgroup(1704): Successfully killed process cgroup uid 90037 pid 17643 in 0ms
12-05 11:35:49.873 I/libprocessgroup(1704): Successfully killed process cgroup uid 90038 pid 17661 in 0ms
12-05 11:35:49.875 D/NetworkSecurityConfig(17719): Using Network Security Config from resource 0_resource_name_obfuscated debugBuild: false
12-05 11:35:49.877 D/NetworkSecurityConfig(17719): Using Network Security Config from resource 0_resource_name_obfuscated debugBuild: false
12-05 11:35:49.878 I/cr_SplitCompatApp(17719): Launched version=96.0.4664.45 minSdkVersion=29 isBundle=true processName=com.android.chrome:sandboxed_process0:org.chromium.content.app.SandboxedProcessService0:18 isIsolated=true
12-05 11:35:49.882 W/SystemServiceRegistry(17712): No service published for: uimode
12-05 11:35:49.888 W/SystemServiceRegistry(17719): No service published for: uimode
12-05 11:35:49.889 I/cr_ChildProcessService(17712): Creating new ChildProcessService pid=17712
12-05 11:35:49.891 I/chromium(17528): [INFO:child_process_service.cc(69)] ChildProcessService: Exiting child process.
12-05 11:35:49.893 I/cr_ChildProcessService(17719): Creating new ChildProcessService pid=17719
12-05 11:35:49.897 I/ActivityManager(1704): Process com.android.chrome:sandboxed_process0:org.chromium.content.app.SandboxedProcessService0:12 (pid 17622) has died: vis BTOP
12-05 11:35:49.897 I/libprocessgroup(1704): Successfully killed process cgroup uid 90036 pid 17622 in 0ms
12-05 11:35:49.897 W/ActivityManager(1704): Scheduling restart of crashed service com.android.chrome/org.chromium.content.app.SandboxedProcessService0:12 in 1000ms for connection
12-05 11:35:49.899 D/CompatibilityChangeReporter(17801): Compat change id reported: 171979766; UID 90044; state: ENABLED
12-05 11:35:49.900 E/system_server(1704): Cannot read thread CPU times for PID 1704
12-05 11:35:49.903 E/system_server(1704): Cannot read thread CPU times for PID 1704
12-05 11:35:49.904 E/SELinux (621): avc:  denied  { find } for pid=17719 uid=90042 name=content_capture scontext=u:r:isolated_app:s0:c512,c768 tcontext=u:object_r:content_capture_service:s0 tclass=service_manager permissive=0
12-05 11:35:49.905 E/SELinux (621): avc:  denied  { find } for pid=17741 uid=90043 name=content_capture scontext=u:r:isolated_app:s0:c512,c768 tcontext=u:object_r:content_capture_service:s0 tclass=service_manager permissive=0
12-05 11:35:49.906 E/SELinux (621): avc:  denied  { find } for pid=17712 uid=90041 name=content_capture scontext=u:r:isolated_app:s0:c512,c768 tcontext=u:object_r:content_capture_service:s0 tclass=service_manager permissive=0
12-05 11:35:49.907 W/ProtoDataStoreFlagStore(17221): Unable to retrieve flag snapshot for com.google.android.libraries.search.rendering.xuikit.device#com.android.chrome, using defaults.
12-05 11:35:49.908 D/Zygote  (15031): Forked child process 17828
12-05 11:35:49.909 I/Zygote  (15031): Process 17486 exited cleanly (0)
12-05 11:35:49.909 I/Zygote  (15031): Process 17622 exited cleanly (0)
12-05 11:35:49.909 I/Zygote  (15031): Process 17643 exited cleanly (0)
12-05 11:35:49.909 I/Zygote  (15031): Process 17661 exited cleanly (0)
12-05 11:35:49.909 E/PhenotypeCombinedFlags(17221): Config package com.google.android.libraries.search.rendering.xuikit.device#com.android.chrome cannot use ProtoDataStore backing without declarative registration. See go/phenotype-android-integration#phenotype for more information. This will lead to stale flags.
12-05 11:35:49.910 I/ActivityManager(1704): Killing 17678:com.android.chrome:sandboxed_process0:org.chromium.content.app.SandboxedProcessService0:15/u0a143i-8961 (adj 0): isolated not needed
12-05 11:35:49.911 W/ActivityManager(1704): Slow operation: 363ms so far, now at startProcess: returned from zygote!
12-05 11:35:49.912 W/ActivityManager(1704): Slow operation: 363ms so far, now at startProcess: done updating battery stats
12-05 11:35:49.912 W/ActivityManager(1704): Slow operation: 363ms so far, now at startProcess: building log message
12-05 11:35:49.912 I/ActivityManager(1704): Start proc 17828:com.android.chrome:sandboxed_process0:org.chromium.content.app.SandboxedProcessService0:21/u0ai45 for  {com.android.chrome/org.chromium.content.app.SandboxedProcessService0:21}
12-05 11:35:49.912 W/ActivityManager(1704): Slow operation: 363ms so far, now at startProcess: starting to update pids map
12-05 11:35:49.912 W/ActivityManager(1704): Slow operation: 364ms so far, now at startProcess: done updating pids map
12-05 11:35:49.912 W/ActivityManager(1704): Slow operation: 318ms so far, now at startProcess: asking zygote to start proc
12-05 11:35:49.912 D/CompatibilityChangeReporter(1704): Compat change id reported: 143937733; UID 10143; state: ENABLED
12-05 11:35:49.918 D/NetworkSecurityConfig(17801): Using Network Security Config from resource 0_resource_name_obfuscated debugBuild: false
12-05 11:35:49.920 D/NetworkSecurityConfig(17801): Using Network Security Config from resource 0_resource_name_obfuscated debugBuild: false
12-05 11:35:49.922 I/cr_LibraryLoader(17686): Using linker: org.chromium.base.library_loader.ModernLinker
12-05 11:35:49.923 I/ActivityManager(1704): Process com.android.chrome:sandboxed_process0:org.chromium.content.app.SandboxedProcessService0:10 (pid 17561) has died: vis BTOP
12-05 11:35:49.923 W/libc    (633): Access denied finding property "service.bootanim.exit"
12-05 11:35:49.923 I/cr_SplitCompatApp(17801): Launched version=96.0.4664.45 minSdkVersion=29 isBundle=true processName=com.android.chrome:sandboxed_process0:org.chromium.content.app.SandboxedProcessService0:20 isIsolated=true
12-05 11:35:49.924 W/ActivityManager(1704): Scheduling restart of crashed service com.android.chrome/org.chromium.content.app.SandboxedProcessService0:10 in 1000ms for connection
12-05 11:35:49.927 E/cr_ChromiumAndroidLinker(17686): ReserveAddressWithHint: Address range starting at 0xbb581000 was not free to use
12-05 11:35:49.928 W/SystemServiceRegistry(17801): No service published for: uimode
12-05 11:35:49.933 I/cr_ChildProcessService(17801): Creating new ChildProcessService pid=17801
12-05 11:35:49.939 I/adbd    (4140): jdwp connection from 17828
12-05 11:35:49.939 W/BroadcastQueue(1704): Background execution not allowed: receiving Intent { act=android.intent.action.DROPBOX_ENTRY_ADDED flg=0x10 (has extras) } to com.google.android.gms/.stats.service.DropBoxEntryAddedReceiver
12-05 11:35:49.939 W/BroadcastQueue(1704): Background execution not allowed: receiving Intent { act=android.intent.action.DROPBOX_ENTRY_ADDED flg=0x10 (has extras) } to com.google.android.gms/.chimera.GmsIntentOperationService$PersistentTrustedReceiver
12-05 11:35:49.941 E/system_server(1704): Cannot read thread CPU times for PID 1704
12-05 11:35:49.941 I/ActivityManager(1704): Killing 17528:com.android.chrome:sandboxed_process0:org.chromium.content.app.SandboxedProcessService0:9/u0a143i-8967 (adj 0): isolated not needed
12-05 11:35:49.944 E/SELinux (621): avc:  denied  { find } for pid=17801 uid=90044 name=content_capture scontext=u:r:isolated_app:s0:c512,c768 tcontext=u:object_r:content_capture_service:s0 tclass=service_manager permissive=0
12-05 11:35:49.941 I/binder  (0): undelivered transaction 630399, process died.
12-05 11:35:49.941 I/binder  (0): undelivered transaction 630400, process died.
12-05 11:35:49.941 I/binder  (0): undelivered transaction 630398, process died.
12-05 11:35:49.945 E/PhenotypeCombinedFlags(17221): Config package com.google.android.libraries.search.rendering.xuikit.device#com.android.chrome cannot use ProtoDataStore backing without declarative registration. See go/phenotype-android-integration#phenotype for more information. This will lead to stale flags.
12-05 11:35:49.946 I/cr_LibraryLoader(17741): Using linker: org.chromium.base.library_loader.ModernLinker
12-05 11:35:49.947 I/cr_LibraryLoader(17719): Using linker: org.chromium.base.library_loader.ModernLinker
12-05 11:35:49.948 E/cr_ChromiumAndroidLinker(17719): ReserveAddressWithHint: Address range starting at 0xbb581000 was not free to use
12-05 11:35:49.949 E/cr_ChromiumAndroidLinker(17741): ReserveAddressWithHint: Address range starting at 0xbb581000 was not free to use
12-05 11:35:49.950 I/libprocessgroup(1704): Successfully killed process cgroup uid 90039 pid 17678 in 39ms
12-05 11:35:49.950 I/libprocessgroup(1704): Successfully killed process cgroup uid 90034 pid 17561 in 0ms
12-05 11:35:49.951 I/cr_LibraryLoader(17801): Using linker: org.chromium.base.library_loader.ModernLinker
12-05 11:35:49.952 I/cr_LibraryLoader(17712): Using linker: org.chromium.base.library_loader.ModernLinker
12-05 11:35:49.954 E/cr_ChromiumAndroidLinker(17712): ReserveAddressWithHint: Address range starting at 0xbb581000 was not free to use
12-05 11:35:49.954 I/cr_LibraryLoader(17719): Successfully loaded native library
12-05 11:35:49.959 I/cr_LibraryLoader(17741): Successfully loaded native library
12-05 11:35:49.959 D/Zygote  (15031): Forked child process 17843
12-05 11:35:49.960 I/Zygote  (15031): Process 17561 exited cleanly (0)
12-05 11:35:49.962 E/cr_ChromiumAndroidLinker(17801): ReserveAddressWithHint: Address range starting at 0xbb581000 was not free to use
12-05 11:35:49.962 W/ActivityManager(1704): Slow operation: 367ms so far, now at startProcess: returned from zygote!
12-05 11:35:49.964 I/cr_CachingUmaRecorder(17719): Flushed 2 samples from 2 histograms.
12-05 11:35:49.964 W/chromium(17221): [WARNING:compositor_view.cc(341)] Child process died (type=6) pid=17643)
12-05 11:35:49.964 W/chromium(17221): [WARNING:compositor_view.cc(341)] Child process died (type=6) pid=17661)
12-05 11:35:49.964 W/chromium(17221): [WARNING:compositor_view.cc(341)] Child process died (type=6) pid=17486)
12-05 11:35:49.965 W/chromium(17221): [WARNING:compositor_view.cc(341)] Child process died (type=6) pid=17622)
12-05 11:35:49.965 W/chromium(17221): [WARNING:compositor_view.cc(341)] Child process died (type=6) pid=17561)
12-05 11:35:49.965 W/chromium(17221): [WARNING:compositor_view.cc(341)] Child process died (type=6) pid=17678)
12-05 11:35:49.965 I/cr_CachingUmaRecorder(17741): Flushed 2 samples from 2 histograms.
12-05 11:35:49.973 W/ActivityManager(1704): Slow operation: 378ms so far, now at startProcess: done updating battery stats
12-05 11:35:49.973 W/ActivityManager(1704): Slow operation: 378ms so far, now at startProcess: building log message
12-05 11:35:49.973 I/ActivityManager(1704): Start proc 17843:com.android.chrome:sandboxed_process0:org.chromium.content.app.SandboxedProcessService0:22/u0ai46 for  {com.android.chrome/org.chromium.content.app.SandboxedProcessService0:22}
12-05 11:35:49.973 W/ActivityManager(1704): Slow operation: 378ms so far, now at startProcess: starting to update pids map
