12-05 11:35:44.666 D/msm8974_platform(941): platform_split_snd_device: snd_device(2) num devices(1) new_snd_devices(0)
12-05 11:35:44.666 D/audio_hw_utils(941): audio_extn_btsco_get_sample_rate:Not a BT SCO device, need not update sampling rate
12-05 11:35:44.666 D/ACDB-LOADER(941): ACDB -> send_audio_cal, acdb_id = 15, path = 0, app id = 0x11131, sample rate = 48000
12-05 11:35:44.666 D/ACDB-LOADER(941): ACDB -> send_asm_topology
12-05 11:35:44.666 D/ACDB-LOADER(941): ACDB -> ACDB_CMD_GET_AUDPROC_STREAM_TOPOLOGY_ID
12-05 11:35:44.666 D/ACDB-LOADER(941): ACDB -> send_adm_topology
12-05 11:35:44.666 D/ACDB-LOADER(941): ACDB -> ACDB_CMD_GET_AUDPROC_COMMON_TOPOLOGY_ID
12-05 11:35:44.666 D/ACDB-LOADER(941): ACDB -> send_audtable
12-05 11:35:44.666 D/ACDB-LOADER(941): ACDB -> ACDB_CMD_GET_AUDPROC_COMMON_TABLE_SIZE
12-05 11:35:44.666 D/ACDB-LOADER(941): ACDB -> ACDB_CMD_GET_AUDPROC_COMMON_TABLE
12-05 11:35:44.666 D/ACDB-LOADER(941): ACDB -> AUDIO_SET_AUDPROC_CAL
12-05 11:35:44.666 D/ACDB-LOADER(941): ACDB -> send_audvoltable
12-05 11:35:44.666 D/ACDB-LOADER(941): ACDB -> ACDB_CMD_GET_AUDPROC_VOL_STEP_TABLE_SIZE
12-05 11:35:44.667 D/ACDB-LOADER(941): ACDB -> ACDB_CMD_GET_AUDPROC_GAIN_DEP_STEP_TABLE, vol index 0
12-05 11:35:44.667 D/android.hardware.audio.service(941): Failed to fetch the lookup information of the device 0000000F 
12-05 11:35:44.667 E/ACDB-LOADER(941): Error: ACDB AudProc vol returned = -19
12-05 11:35:44.667 D/ACDB-LOADER(941): ACDB -> AUDIO_SET_VOL_CAL cal type = 12
12-05 11:35:44.667 D/ACDB-LOADER(941): ACDB -> ACDB_CMD_GET_AUDPROC_STREAM_TABLE_SIZE
12-05 11:35:44.667 D/ACDB-LOADER(941): ACDB -> send_audstrmtable
12-05 11:35:44.667 D/ACDB-LOADER(941): ACDB -> ACDB_CMD_GET_AUDPROC_STREAM_TABLE_V2
12-05 11:35:44.667 D/ACDB-LOADER(941): ACDB -> audstrm_cal->cal_type.cal_data.cal_size = 16
12-05 11:35:44.667 D/ACDB-LOADER(941): ACDB -> send_afe_topology
12-05 11:35:44.667 D/ACDB-LOADER(941): ACDB -> ACDB_CMD_GET_AFE_TOPOLOGY_ID
12-05 11:35:44.667 D/ACDB-LOADER(941): ACDB -> GET_AFE_TOPOLOGY_ID for adcd_id 15, Topology Id 112fc
12-05 11:35:44.667 D/ACDB-LOADER(941): ACDB -> send_afe_cal
12-05 11:35:44.667 D/ACDB-LOADER(941): ACDB -> ACDB_CMD_GET_AFE_COMMON_TABLE_SIZE
12-05 11:35:44.667 D/android.hardware.audio.service(941): Failed to fetch the lookup information of the device 0000000F 
12-05 11:35:44.667 E/ACDB-LOADER(941): Error: ACDB_CMD_GET_AFE_COMMON_TABLE_SIZE Returned = -19
12-05 11:35:44.667 D/ACDB-LOADER(941): ACDB -> ACDB_CMD_GET_AFE_COMMON_TABLE
12-05 11:35:44.667 D/android.hardware.audio.service(941): Failed to fetch the lookup information of the device 0000000F 
12-05 11:35:44.667 E/ACDB-LOADER(941): Error: ACDB AFE returned = -19
12-05 11:35:44.667 D/ACDB-LOADER(941): ACDB -> AUDIO_SET_AFE_CAL
12-05 11:35:44.667 D/ACDB-LOADER(941): ACDB -> send_hw_delay : acdb_id = 15 path = 0
12-05 11:35:44.667 D/ACDB-LOADER(941): ACDB -> ACDB_AVSYNC_INFO: ACDB_CMD_GET_DEVICE_PROPERTY
12-05 11:35:44.667 D/msm8974_platform(941): platform_split_snd_device: snd_device(2) num devices(0) new_snd_devices(0)
12-05 11:35:44.667 I/msm8974_platform(941): platform_get_custom_mtmx_params: no matching param with id 0 ip_ch 2 op_ch 2 uc_id 1 snd_dev 2
12-05 11:35:44.667 D/audio_hw_primary(941): enable_audio_route: apply mixer and update path: low-latency-playback speaker
12-05 11:35:44.667 D/audio_route(941): Apply path: low-latency-playback speaker
12-05 11:35:44.668 D/send_data_to_xlog(941): send_misound_data_to_xlog: enter: usecase(1)
12-05 11:35:44.668 D/audio_hw_primary(941): select_devices: done
12-05 11:35:44.668 D/audio_hw_primary(941): start_output_stream: Opening PCM device card_id(0) device_id(13) format(0x4)
12-05 11:35:44.668 D/tas2559 2-004c(0): tas2559_startup
12-05 11:35:44.670 D/tas2559 2-004c(0): tas2559_hw_params
12-05 11:35:44.670 D/tas2559 2-004c(0): tas2559_set_sampling_rate: nSamplingRate = 48000 [Hz]
12-05 11:35:44.670 I/tas2559 2-004c(0): Sampling rate for current configuration matches: 48000
12-05 11:35:44.670 W/libc    (633): Access denied finding property "service.bootanim.exit"
12-05 11:35:44.670 D/tas2559 2-004c(0): tas2559_set_bias_level: 1
12-05 11:35:44.670 D/tas2559 2-004c(0): tas2559_set_bias_level: 2
12-05 11:35:44.671 D/tas2559 2-004c(0): tas2559_set_bias_level: 3
12-05 11:35:44.671 D/tas2559 2-004c(0): tas2559_prepare
12-05 11:35:44.676 D/tas2559 2-004c(0): tas2559_mute
12-05 11:35:44.676 D/tas2559 2-004c(0): tas2559_enable: On
12-05 11:35:44.677 D/tas2559 2-004c(0): VBoost ctrl register before coeff set: 0x0
12-05 11:35:44.677 D/tas2559 2-004c(0): VBoost ctrl register after coeff set: 0x0
12-05 11:35:44.678 D/tas2559 2-004c(0): VBoost ctrl register after set VBoost: 0x0
12-05 11:35:44.679 D/tas2559 2-004c(0): tas2559_DevStartup, chl=3
12-05 11:35:44.679 D/tas2559 2-004c(0): tas2559_dev_load_data, write chl=1, B[0]P[1]R[61]=0x1
12-05 11:35:44.679 D/tas2559 2-004c(0): tas2559_dev_load_data, write chl=1, B[0]P[1]R[62]=0x1
12-05 11:35:44.679 D/tas2559 2-004c(0): tas2559_dev_load_data, write chl=1, B[0]P[0]R[5]=0xa0
12-05 11:35:44.680 D/tas2559 2-004c(0): tas2559_dev_load_data, write chl=1, B[0]P[0]R[5]=0xa3
12-05 11:35:44.680 D/tas2559 2-004c(0): tas2559_dev_load_data, write chl=1, B[0]P[0]R[4]=0xf8
12-05 11:35:44.684 W/HidlServiceManagement(16938): Waited one second for android.hardware.secure_element@1.0::ISecureElement/eSE1
12-05 11:35:44.685 I/hwservicemanager(622): Since android.hardware.secure_element@1.0::ISecureElement/eSE1 is not registered, trying to start it as a lazy HAL.
12-05 11:35:44.685 I/HidlServiceManagement(16938): getService: Trying again for android.hardware.secure_element@1.0::ISecureElement/eSE1...
12-05 11:35:44.687 W/libc    (622): Unable to set property "ctl.interface_start" to "android.hardware.secure_element@1.0::ISecureElement/eSE1": error code: 0x20
12-05 11:35:44.687 I/hwservicemanager(622): Tried to start android.hardware.secure_element@1.0::ISecureElement/eSE1 as a lazy service, but was unable to. Usually this happens when a service is not installed, but if the service is intended to be used as a lazy service, then it may be configured incorrectly.
12-05 11:35:44.682 D/tas2559 2-004c(0): tas2559_dev_load_data, udelay 2000
12-05 11:35:44.682 D/tas2559 2-004c(0): tas2559_dev_load_data, write chl=2, B[0]P[0]R[2]=0x2
12-05 11:35:44.682 D/tas2559 2-004c(0): tas2559_dev_load_data, write chl=2, B[0]P[0]R[7]=0x41
12-05 11:35:44.684 D/tas2559 2-004c(0): tas2559_dev_load_data, udelay 2000
12-05 11:35:44.684 D/tas2559 2-004c(0): tas2559_dev_load_data, write chl=1, B[0]P[0]R[44]=0x2b
12-05 11:35:44.684 D/tas2559 2-004c(0): tas2559_dev_load_data, write chl=2, B[0]P[0]R[33]=0xb
12-05 11:35:44.685 D/tas2559 2-004c(0): TAS2559 load data: Snapshot 5, Blocks = 4, Block Type = 14
12-05 11:35:44.685 D/tas2559 2-004c(0): tas2559_load_block: Type = 14, commands = 93
12-05 11:35:44.687 E/init    (0): Control message: Could not find 'android.hardware.secure_element@1.0::ISecureElement/eSE1' for ctl.interface_start from pid: 622 (/system/bin/hwservicemanager)
12-05 11:35:44.698 W/healthd (0): battery l=35 v=4052 t=38.0 h=2 st=2 c=-1748045 fc=3246000 cc=111 chg=a
12-05 11:35:44.703 D/tas2559 2-004c(0): Block[0xe] YChkSum match
12-05 11:35:44.703 D/tas2559 2-004c(0): tas2559_DevMute, dev=3, mute=0
12-05 11:35:44.703 D/tas2559 2-004c(0): tas2559_dev_load_data, write chl=1, B[0]P[0]R[7]=0x0
12-05 11:35:44.704 D/tas2559 2-004c(0): tas2559_dev_load_data, write chl=2, B[0]P[0]R[7]=0x40
12-05 11:35:44.704 D/tas2559 2-004c(0): tas2559_dev_load_data, write chl=1, B[100]P[0]R[7]=0x0
12-05 11:35:44.705 D/tas2559 2-004c(0): tas2559_enable: exit
12-05 11:35:44.712 D/tas2559 2-004c(0): IRQ status DevA: 0x2, 0x0
12-05 11:35:44.712 D/tas2559 2-004c(0): IRQ status DevB: 0x2, 0x1
12-05 11:35:44.718 D/msm8974_platform(941): platform_set_channel_map mixer_ctl_name:Playback Channel Map13
12-05 11:35:44.718 D/msm8974_platform(941): platform_set_channel_map: set mapping(1 2 0 0 0 0 0 0) for channel:2
12-05 11:35:44.718 E/msm8974_platform(941): platform_set_channel_map: Could not set ctl, error:-22 ch_count:2
12-05 11:35:44.718 D/audio_hw_primary(941): start_output_stream: pcm_prepare
12-05 11:35:44.718 D/audio_hw_primary(941): start_output_stream: exit
12-05 11:35:44.718 D/audio_hw_primary(941): out_write: retry previous failed cal level set
12-05 11:35:44.718 D/msm8974_platform(941): platform_split_snd_device: snd_device(2) num devices(1) new_snd_devices(0)
12-05 11:35:44.718 D/ACDB-LOADER(941): ACDB -> send_audvoltable
12-05 11:35:44.718 D/ACDB-LOADER(941): ACDB -> ACDB_CMD_GET_AUDPROC_VOL_STEP_TABLE_SIZE
12-05 11:35:44.718 D/ACDB-LOADER(941): ACDB -> ACDB_CMD_GET_AUDPROC_GAIN_DEP_STEP_TABLE, vol index 5
12-05 11:35:44.718 D/android.hardware.audio.service(941): Failed to fetch the lookup information of the device 0000000F 
12-05 11:35:44.718 E/ACDB-LOADER(941): Error: ACDB AudProc vol returned = -19
12-05 11:35:44.718 D/ACDB-LOADER(941): ACDB -> AUDIO_SET_VOL_CAL cal type = 40
12-05 11:35:44.718 D/msm8974_platform(941): platform_split_snd_device: snd_device(2) num devices(0) new_snd_devices(0)
12-05 11:35:44.718 I/msm8974_platform(941): platform_get_custom_mtmx_params: no matching param with id 0 ip_ch 2 op_ch 2 uc_id 1 snd_dev 2
12-05 11:35:44.739 D/msm8974_platform(941): platform_split_snd_device: snd_device(2) num devices(1) new_snd_devices(0)
12-05 11:35:44.739 D/ACDB-LOADER(941): ACDB -> send_audvoltable
12-05 11:35:44.739 D/ACDB-LOADER(941): ACDB -> ACDB_CMD_GET_AUDPROC_VOL_STEP_TABLE_SIZE
12-05 11:35:44.739 D/ACDB-LOADER(941): ACDB -> ACDB_CMD_GET_AUDPROC_GAIN_DEP_STEP_TABLE, vol index 2
12-05 11:35:44.739 D/android.hardware.audio.service(941): Failed to fetch the lookup information of the device 0000000F 
12-05 11:35:44.739 E/ACDB-LOADER(941): Error: ACDB AudProc vol returned = -19
12-05 11:35:44.739 D/ACDB-LOADER(941): ACDB -> AUDIO_SET_VOL_CAL cal type = 40
12-05 11:35:44.739 W/libc    (633): Access denied finding property "service.bootanim.exit"
12-05 11:35:44.756 W/libc    (633): Access denied finding property "service.bootanim.exit"
12-05 11:35:44.824 W/libc    (633): Access denied finding property "service.bootanim.exit"
12-05 11:35:44.905 D/vendor.qti.vibrator(1013): QTI Vibrator off
12-05 11:35:44.906 D/vendor.qti.vibrator(1013): Notifying on complete
12-05 11:35:45.004 W/libc    (633): Access denied finding property "service.bootanim.exit"
12-05 11:35:44.994 W/composer@2.3-se(633): type=1400 audit(0.0:6731): avc: denied { read } for name="u:object_r:bootanim_system_prop:s0" dev="tmpfs" ino=22652 scontext=u:r:hal_graphics_composer_default:s0 tcontext=u:object_r:bootanim_system_prop:s0 tclass=file permissive=0
12-05 11:35:45.004 W/composer@2.3-se(633): type=1400 audit(0.0:6732): avc: denied { read } for name="u:object_r:bootanim_system_prop:s0" dev="tmpfs" ino=22652 scontext=u:r:hal_graphics_composer_default:s0 tcontext=u:object_r:bootanim_system_prop:s0 tclass=file permissive=0
12-05 11:35:45.020 W/libc    (633): Access denied finding property "service.bootanim.exit"
12-05 11:35:45.107 W/libc    (633): Access denied finding property "service.bootanim.exit"
12-05 11:35:45.094 W/composer@2.3-se(633): type=1400 audit(0.0:6733): avc: denied { read } for name="u:object_r:bootanim_system_prop:s0" dev="tmpfs" ino=22652 scontext=u:r:hal_graphics_composer_default:s0 tcontext=u:object_r:bootanim_system_prop:s0 tclass=file permissive=0
12-05 11:35:45.155 D/vendor.qti.vibrator(1013): Vibrator on for timeoutMs: 350
12-05 11:35:45.156 D/vendor.qti.vibrator(1013): Starting on on another thread
12-05 11:35:45.157 D/CompatibilityChangeReporter(1704): Compat change id reported: 135634846; UID 10143; state: DISABLED
12-05 11:35:45.158 D/CompatibilityChangeReporter(1704): Compat change id reported: 143937733; UID 10143; state: ENABLED
12-05 11:35:45.192 D/Zygote  (15031): Forked child process 17346
12-05 11:35:45.197 I/ActivityManager(1704): Start proc 17346:com.android.chrome:sandboxed_process0:org.chromium.content.app.SandboxedProcessService0:1/u0ai25 for  {com.android.chrome/org.chromium.content.app.SandboxedProcessService0:1}
12-05 11:35:45.219 I/adbd    (4140): jdwp connection from 17346
12-05 11:35:45.219 D/ProcessState(17346): Binder ioctl to enable oneway spam detection failed: Invalid argument
12-05 11:35:45.219 I/binder  (0): 17346:17346 ioctl 40046210 ffad84a8 returned -22
12-05 11:35:45.236 D/CompatibilityChangeReporter(17346): Compat change id reported: 171979766; UID 90025; state: ENABLED
12-05 11:35:45.251 D/NetworkSecurityConfig(17346): Using Network Security Config from resource 0_resource_name_obfuscated debugBuild: false
12-05 11:35:45.253 D/NetworkSecurityConfig(17346): Using Network Security Config from resource 0_resource_name_obfuscated debugBuild: false
12-05 11:35:45.256 I/cr_SplitCompatApp(17346): Launched version=96.0.4664.45 minSdkVersion=29 isBundle=true processName=com.android.chrome:sandboxed_process0:org.chromium.content.app.SandboxedProcessService0:1 isIsolated=true
12-05 11:35:45.262 W/SystemServiceRegistry(17346): No service published for: uimode
12-05 11:35:45.268 I/cr_ChildProcessService(17346): Creating new ChildProcessService pid=17346
12-05 11:35:45.272 E/SELinux (621): avc:  denied  { find } for pid=17346 uid=90025 name=content_capture scontext=u:r:isolated_app:s0:c512,c768 tcontext=u:object_r:content_capture_service:s0 tclass=service_manager permissive=0
12-05 11:35:45.274 I/cr_LibraryLoader(17346): Using linker: org.chromium.base.library_loader.ModernLinker
12-05 11:35:45.278 E/cr_ChromiumAndroidLinker(17346): ReserveAddressWithHint: Address range starting at 0xbb581000 was not free to use
12-05 11:35:45.288 I/cr_LibraryLoader(17346): Successfully loaded native library
12-05 11:35:45.289 I/cr_CachingUmaRecorder(17346): Flushed 2 samples from 2 histograms.
12-05 11:35:45.323 I/chromium(17346): [INFO:child_process_service.cc(69)] ChildProcessService: Exiting child process.
12-05 11:35:45.330 I/ActivityManager(1704): Killing 17346:com.android.chrome:sandboxed_process0:org.chromium.content.app.SandboxedProcessService0:1/u0a143i-8975 (adj 0): isolated not needed
12-05 11:35:45.358 I/binder  (0): undelivered transaction 623411, process died.
12-05 11:35:45.358 I/binder  (0): undelivered transaction 623414, process died.
12-05 11:35:45.358 I/binder  (0): undelivered transaction 623410, process died.
12-05 11:35:45.372 I/libprocessgroup(1704): Successfully killed process cgroup uid 90025 pid 17346 in 39ms
12-05 11:35:45.374 I/Zygote  (15031): Process 17346 exited cleanly (0)
12-05 11:35:45.378 E/KernelCpuUidUserSysTimeReader(1704): Negative user/sys time delta for UID=10143
12-05 11:35:45.378 E/KernelCpuUidUserSysTimeReader(1704): Prev times: u=19260000 s=3740000 Curr times: u=16140000 s=3470000
12-05 11:35:45.385 E/system_server(1704): Cannot read thread CPU times for PID 1704
12-05 11:35:45.411 D/CompatibilityChangeReporter(1704): Compat change id reported: 135634846; UID 10143; state: DISABLED
12-05 11:35:45.412 D/CompatibilityChangeReporter(1704): Compat change id reported: 143937733; UID 10143; state: ENABLED
12-05 11:35:45.439 D/Zygote  (15031): Forked child process 17368
12-05 11:35:45.443 I/ActivityManager(1704): Start proc 17368:com.android.chrome:sandboxed_process0:org.chromium.content.app.SandboxedProcessService0:2/u0ai26 for  {com.android.chrome/org.chromium.content.app.SandboxedProcessService0:2}
12-05 11:35:45.458 I/adbd    (4140): jdwp connection from 17368
12-05 11:35:45.458 D/ProcessState(17368): Binder ioctl to enable oneway spam detection failed: Invalid argument
12-05 11:35:45.458 I/binder  (0): 17368:17368 ioctl 40046210 ffad84a8 returned -22
12-05 11:35:45.478 D/CompatibilityChangeReporter(17368): Compat change id reported: 171979766; UID 90026; state: ENABLED
12-05 11:35:45.494 D/NetworkSecurityConfig(17368): Using Network Security Config from resource 0_resource_name_obfuscated debugBuild: false
12-05 11:35:45.496 D/NetworkSecurityConfig(17368): Using Network Security Config from resource 0_resource_name_obfuscated debugBuild: false
12-05 11:35:45.498 I/cr_SplitCompatApp(17368): Launched version=96.0.4664.45 minSdkVersion=29 isBundle=true processName=com.android.chrome:sandboxed_process0:org.chromium.content.app.SandboxedProcessService0:2 isIsolated=true
12-05 11:35:45.505 W/SystemServiceRegistry(17368): No service published for: uimode
12-05 11:35:45.506 D/vendor.qti.vibrator(1013): Notifying on complete
12-05 11:35:45.506 D/vendor.qti.vibrator(1013): QTI Vibrator off
12-05 11:35:45.512 I/cr_ChildProcessService(17368): Creating new ChildProcessService pid=17368
12-05 11:35:45.517 E/SELinux (621): avc:  denied  { find } for pid=17368 uid=90026 name=content_capture scontext=u:r:isolated_app:s0:c512,c768 tcontext=u:object_r:content_capture_service:s0 tclass=service_manager permissive=0
12-05 11:35:45.519 I/cr_LibraryLoader(17368): Using linker: org.chromium.base.library_loader.ModernLinker
12-05 11:35:45.522 V/ANDR-PERF-RESOURCEQS(999): Failed to apply optimization [2, 0]
12-05 11:35:45.522 V/ANDR-PERF-RESOURCEQS(999): Failed to apply optimization [2, 0]
12-05 11:35:45.524 E/cr_ChromiumAndroidLinker(17368): ReserveAddressWithHint: Address range starting at 0xbb581000 was not free to use
12-05 11:35:45.536 I/cr_LibraryLoader(17368): Successfully loaded native library
12-05 11:35:45.537 I/cr_CachingUmaRecorder(17368): Flushed 2 samples from 2 histograms.
12-05 11:35:45.560 I/chromium(17368): [INFO:child_process_service.cc(69)] ChildProcessService: Exiting child process.
12-05 11:35:45.566 I/ActivityManager(1704): Killing 17368:com.android.chrome:sandboxed_process0:org.chromium.content.app.SandboxedProcessService0:2/u0a143i-8974 (adj 0): isolated not needed
12-05 11:35:45.588 I/binder  (0): undelivered transaction 623619, process died.
12-05 11:35:45.588 I/binder  (0): undelivered transaction 623620, process died.
12-05 11:35:45.588 I/binder  (0): undelivered transaction 623618, process died.
12-05 11:35:45.593 E/system_server(1704): Cannot read thread CPU times for PID 1704
12-05 11:35:45.595 I/Zygote  (15031): Process 17368 exited cleanly (0)
12-05 11:35:45.612 I/libprocessgroup(1704): Successfully killed process cgroup uid 90026 pid 17368 in 45ms
12-05 11:35:45.651 W/healthd (0): battery l=35 v=3994 t=38.0 h=2 st=2 c=-1263182 fc=3246000 cc=111 chg=a
12-05 11:35:45.674 W/composer@2.3-se(633): type=1400 audit(0.0:6734): avc: denied { read } for name="u:object_r:bootanim_system_prop:s0" dev="tmpfs" ino=22652 scontext=u:r:hal_graphics_composer_default:s0 tcontext=u:object_r:bootanim_system_prop:s0 tclass=file permissive=0
12-05 11:35:45.688 W/libc    (633): Access denied finding property "service.bootanim.exit"
12-05 11:35:45.691 W/HidlServiceManagement(16938): Waited one second for android.hardware.secure_element@1.0::ISecureElement/eSE1
12-05 11:35:45.692 I/OpenGLRenderer(2537): Davey! duration=9223371586760ms; Flags=0, FrameTimelineVsyncId=37818, IntendedVsync=450094164274, Vsync=450094164274, InputEventId=1322438189, HandleInputStart=450096072636, AnimationStart=450096074667, PerformTraversalsStart=450096222740, DrawStart=450104731751, FrameDeadline=450115164274, FrameInterval=450096068886, FrameStartTime=16666666, SyncQueued=450105390292, SyncStart=450105500865, IssueDrawCommandsStart=450106471647, SwapBuffers=450110230553, FrameCompleted=9223372036854775807, DequeueBufferDuration=70729, QueueBufferDuration=2008906, GpuCompleted=9223372036854775807, SwapBuffersCompleted=450113145084, DisplayPresentTime=182023789613, 
12-05 11:35:45.693 I/hwservicemanager(622): Since android.hardware.secure_element@1.0::ISecureElement/eSE1 is not registered, trying to start it as a lazy HAL.
12-05 11:35:45.694 I/HidlServiceManagement(16938): getService: Trying again for android.hardware.secure_element@1.0::ISecureElement/eSE1...
12-05 11:35:45.696 W/libc    (622): Unable to set property "ctl.interface_start" to "android.hardware.secure_element@1.0::ISecureElement/eSE1": error code: 0x20
12-05 11:35:45.696 I/hwservicemanager(622): Tried to start android.hardware.secure_element@1.0::ISecureElement/eSE1 as a lazy service, but was unable to. Usually this happens when a service is not installed, but if the service is intended to be used as a lazy service, then it may be configured incorrectly.
12-05 11:35:45.696 E/init    (0): Control message: Could not find 'android.hardware.secure_element@1.0::ISecureElement/eSE1' for ctl.interface_start from pid: 622 (/system/bin/hwservicemanager)
12-05 11:35:45.694 W/composer@2.3-se(633): type=1400 audit(0.0:6735): avc: denied { read } for name="u:object_r:bootanim_system_prop:s0" dev="tmpfs" ino=22652 scontext=u:r:hal_graphics_composer_default:s0 tcontext=u:object_r:bootanim_system_prop:s0 tclass=file permissive=0
12-05 11:35:45.703 W/libc    (633): Access denied finding property "service.bootanim.exit"
12-05 11:35:45.740 W/libc    (633): Access denied finding property "service.bootanim.exit"
12-05 11:35:45.740 W/audit   (0): audit_lost=4586 audit_rate_limit=5 audit_backlog_limit=64
12-05 11:35:45.740 E/audit   (0): rate limit exceeded
12-05 11:35:46.040 V/ANDR-PERF-RESOURCEQS(999): Failed to apply optimization [2, 0]
12-05 11:35:46.040 V/ANDR-PERF-RESOURCEQS(999): Failed to apply optimization [2, 0]
12-05 11:35:46.114 W/composer@2.3-se(633): type=1400 audit(0.0:6737): avc: denied { read } for name="u:object_r:bootanim_system_prop:s0" dev="tmpfs" ino=22652 scontext=u:r:hal_graphics_composer_default:s0 tcontext=u:object_r:bootanim_system_prop:s0 tclass=file permissive=0
12-05 11:35:46.123 W/libc    (633): Access denied finding property "service.bootanim.exit"
12-05 11:35:46.137 I/netd    (821): trafficSwapActiveStatsMap() <0.84ms>
12-05 11:35:46.144 I/netd    (821): tetherGetStats() -> {[]} <1.65ms>
12-05 11:35:46.167 I/netd    (821): bandwidthSetGlobalAlert(2097152) <0.48ms>
12-05 11:35:46.224 W/composer@2.3-se(633): type=1400 audit(0.0:6738): avc: denied { read } for name="u:object_r:bootanim_system_prop:s0" dev="tmpfs" ino=22652 scontext=u:r:hal_graphics_composer_default:s0 tcontext=u:object_r:bootanim_system_prop:s0 tclass=file permissive=0
12-05 11:35:46.238 W/libc    (633): Access denied finding property "service.bootanim.exit"
12-05 11:35:46.244 W/composer@2.3-se(633): type=1400 audit(0.0:6739): avc: denied { read } for name="u:object_r:bootanim_system_prop:s0" dev="tmpfs" ino=22652 scontext=u:r:hal_graphics_composer_default:s0 tcontext=u:object_r:bootanim_system_prop:s0 tclass=file permissive=0
12-05 11:35:46.254 W/libc    (633): Access denied finding property "service.bootanim.exit"
12-05 11:35:46.274 W/libc    (633): Access denied finding property "service.bootanim.exit"
12-05 11:35:46.264 W/composer@2.3-se(633): type=1400 audit(0.0:6740): avc: denied { read } for name="u:object_r:bootanim_system_prop:s0" dev="tmpfs" ino=22652 scontext=u:r:hal_graphics_composer_default:s0 tcontext=u:object_r:bootanim_system_prop:s0 tclass=file permissive=0
12-05 11:35:46.524 W/composer@2.3-se(633): type=1400 audit(0.0:6741): avc: denied { read } for name="u:object_r:bootanim_system_prop:s0" dev="tmpfs" ino=22652 scontext=u:r:hal_graphics_composer_default:s0 tcontext=u:object_r:bootanim_system_prop:s0 tclass=file permissive=0
12-05 11:35:46.540 W/libc    (633): Access denied finding property "service.bootanim.exit"
12-05 11:35:46.564 E/MP3Extractor(1186): Unable to resync. Signalling end of stream.
12-05 11:35:46.568 E/MP3Extractor(1186): Unable to resync. Signalling end of stream.
12-05 11:35:46.610 D/ConnectivityService(1704): requestNetwork for uid/pid:10143/17221 activeRequest: null callbackRequest: 256 [NetworkRequest [ REQUEST id=257, [ Capabilities: INTERNET&NOT_RESTRICTED&TRUSTED&NOT_VCN_MANAGED Uid: 10143 RequestorUid: 10143 RequestorPkg: com.android.chrome] ]] callback flags: 0 priority: 2147483647
12-05 11:35:46.612 D/ConnectivityService(1704): NetReassign [257 : null  101]
12-05 11:35:46.617 D/WifiNetworkFactory(1704): got request NetworkRequest [ REQUEST id=257, [ Capabilities: INTERNET&NOT_RESTRICTED&TRUSTED&NOT_VCN_MANAGED Uid: 10143 RequestorUid: 10143 RequestorPkg: com.android.chrome] ]
12-05 11:35:46.617 D/UntrustedWifiNetworkFactory(1704): got request NetworkRequest [ REQUEST id=257, [ Capabilities: INTERNET&NOT_RESTRICTED&TRUSTED&NOT_VCN_MANAGED Uid: 10143 RequestorUid: 10143 RequestorPkg: com.android.chrome] ]
12-05 11:35:46.618 D/OemPaidWifiNetworkFactory(1704): got request NetworkRequest [ REQUEST id=257, [ Capabilities: INTERNET&NOT_RESTRICTED&TRUSTED&NOT_VCN_MANAGED Uid: 10143 RequestorUid: 10143 RequestorPkg: com.android.chrome] ]
12-05 11:35:46.621 D/ConnectivityService(1704): NetReassign [no changes]
12-05 11:35:46.622 E/cr_BTSPrefs(17221): No data found for task id: 53
12-05 11:35:46.622 E/cr_BkgrdTaskScheduler(17221): Task cannot be canceled because no data was found instorage or data was invalid
12-05 11:35:46.694 W/HidlServiceManagement(16938): Waited one second for android.hardware.secure_element@1.0::ISecureElement/eSE1
12-05 11:35:46.695 I/hwservicemanager(622): Since android.hardware.secure_element@1.0::ISecureElement/eSE1 is not registered, trying to start it as a lazy HAL.
12-05 11:35:46.696 I/HidlServiceManagement(16938): getService: Trying again for android.hardware.secure_element@1.0::ISecureElement/eSE1...
12-05 11:35:46.703 W/libc    (622): Unable to set property "ctl.interface_start" to "android.hardware.secure_element@1.0::ISecureElement/eSE1": error code: 0x20
12-05 11:35:46.703 I/hwservicemanager(622): Tried to start android.hardware.secure_element@1.0::ISecureElement/eSE1 as a lazy service, but was unable to. Usually this happens when a service is not installed, but if the service is intended to be used as a lazy service, then it may be configured incorrectly.
12-05 11:35:46.702 E/init    (0): Control message: Could not find 'android.hardware.secure_element@1.0::ISecureElement/eSE1' for ctl.interface_start from pid: 622 (/system/bin/hwservicemanager)
12-05 11:35:46.814 D/CCodecBufferChannel(1192): [c2.android.mp3.decoder#769] buffers after EOS ignored (0 us)
12-05 11:35:46.815 D/CCodecBufferChannel(1192): [c2.android.mp3.decoder#769] buffers after EOS ignored (0 us)
12-05 11:35:46.818 D/CCodecBufferChannel(1192): [c2.android.mp3.decoder#769] buffers after EOS ignored (0 us)
12-05 11:35:46.825 D/AudioTrack(1192): stop(52): called with 110592 frames delivered
12-05 11:35:47.121 V/ANDR-PERF-RESOURCEQS(999): Failed to apply optimization [2, 0]
12-05 11:35:47.121 V/ANDR-PERF-RESOURCEQS(999): Failed to apply optimization [2, 0]
12-05 11:35:47.144 W/composer@2.3-se(633): type=1400 audit(0.0:6742): avc: denied { read } for name="u:object_r:bootanim_system_prop:s0" dev="tmpfs" ino=22652 scontext=u:r:hal_graphics_composer_default:s0 tcontext=u:object_r:bootanim_system_prop:s0 tclass=file permissive=0
12-05 11:35:47.158 W/libc    (633): Access denied finding property "service.bootanim.exit"
12-05 11:35:47.190 W/libc    (633): Access denied finding property "service.bootanim.exit"
12-05 11:35:47.174 W/composer@2.3-se(633): type=1400 audit(0.0:6743): avc: denied { read } for name="u:object_r:bootanim_system_prop:s0" dev="tmpfs" ino=22652 scontext=u:r:hal_graphics_composer_default:s0 tcontext=u:object_r:bootanim_system_prop:s0 tclass=file permissive=0
12-05 11:35:47.214 W/composer@2.3-se(633): type=1400 audit(0.0:6744): avc: denied { read } for name="u:object_r:bootanim_system_prop:s0" dev="tmpfs" ino=22652 scontext=u:r:hal_graphics_composer_default:s0 tcontext=u:object_r:bootanim_system_prop:s0 tclass=file permissive=0
12-05 11:35:47.224 W/libc    (633): Access denied finding property "service.bootanim.exit"
12-05 11:35:47.262 W/healthd (0): battery l=35 v=4020 t=38.0 h=2 st=2 c=-1479491 fc=3246000 cc=111 chg=a
12-05 11:35:47.269 W/healthd (0): battery l=35 v=4020 t=38.0 h=2 st=2 c=-1479491 fc=3246000 cc=111 chg=a
12-05 11:35:47.313 I/MediaFocusControl(1704): abandonAudioFocus() from uid/pid 10086/2537 clientId=android.media.AudioManager@27a9e77
12-05 11:35:47.317 V/MediaPlayer(2537): resetDrmState:  mDrmInfo=null mDrmProvisioningThread=null mPrepareDrmInProgress=false mActiveDrmScheme=false
12-05 11:35:47.317 V/MediaPlayer(2537): cleanDrmObj: mDrmObj=null mDrmSessionId=null
12-05 11:35:47.317 D/NuPlayerDriver(1192): reset(0xe8181190) at state 6
12-05 11:35:47.314 W/composer@2.3-se(633): type=1400 audit(0.0:6745): avc: denied { read } for name="u:object_r:bootanim_system_prop:s0" dev="tmpfs" ino=22652 scontext=u:r:hal_graphics_composer_default:s0 tcontext=u:object_r:bootanim_system_prop:s0 tclass=file permissive=0
12-05 11:35:47.324 W/libc    (633): Access denied finding property "service.bootanim.exit"
12-05 11:35:47.330 I/hw-BpHwBinder(1192): onLastStrongRef automatically unlinking death recipients
12-05 11:35:47.330 I/hw-BpHwBinder(1243): onLastStrongRef automatically unlinking death recipients
12-05 11:35:47.331 D/msm8974_platform(941): platform_split_snd_device: snd_device(2) num devices(1) new_snd_devices(0)
12-05 11:35:47.331 D/ACDB-LOADER(941): ACDB -> send_audvoltable
12-05 11:35:47.331 D/ACDB-LOADER(941): ACDB -> ACDB_CMD_GET_AUDPROC_VOL_STEP_TABLE_SIZE
12-05 11:35:47.331 D/ACDB-LOADER(941): ACDB -> ACDB_CMD_GET_AUDPROC_GAIN_DEP_STEP_TABLE, vol index 0
12-05 11:35:47.331 D/android.hardware.audio.service(941): Failed to fetch the lookup information of the device 0000000F 
12-05 11:35:47.331 E/ACDB-LOADER(941): Error: ACDB AudProc vol returned = -19
12-05 11:35:47.331 D/ACDB-LOADER(941): ACDB -> AUDIO_SET_VOL_CAL cal type = 40
12-05 11:35:47.338 D/NuPlayerDriver(1192): notifyResetComplete(0xe8181190)
12-05 11:35:47.338 D/msm8974_platform(941): platform_split_snd_device: snd_device(2) num devices(1) new_snd_devices(0)
12-05 11:35:47.339 W/AMessage(1192): failed to post message as target looper for handler 0 is gone.
12-05 11:35:47.334 W/composer@2.3-se(633): type=1400 audit(0.0:6746): avc: denied { read } for name="u:object_r:bootanim_system_prop:s0" dev="tmpfs" ino=22652 scontext=u:r:hal_graphics_composer_default:s0 tcontext=u:object_r:bootanim_system_prop:s0 tclass=file permissive=0
12-05 11:35:47.340 W/libc    (633): Access denied finding property "service.bootanim.exit"
12-05 11:35:47.341 V/C2Store (1243): in ~ComponentModule
12-05 11:35:47.342 V/C2Store (1243): unloading dll
12-05 11:35:47.411 V/ANDR-PERF-RESOURCEQS(999): Failed to apply optimization [2, 0]
12-05 11:35:47.411 V/ANDR-PERF-RESOURCEQS(999): Failed to apply optimization [2, 0]
12-05 11:35:47.554 W/RingtonePlayer(2537): STOP command without a player
12-05 11:35:47.555 W/TouchableRegionManager(2537): onHeadsUpPinnedModeChanged
12-05 11:35:47.573 W/audit   (0): audit_lost=4587 audit_rate_limit=5 audit_backlog_limit=64
12-05 11:35:47.573 E/audit   (0): rate limit exceeded
12-05 11:35:47.573 W/libc    (633): Access denied finding property "service.bootanim.exit"
12-05 11:35:47.590 W/libc    (633): Access denied finding property "service.bootanim.exit"
12-05 11:35:47.593 W/NLService(4226): onNotificationRemoved
12-05 11:35:47.593 I/NLService(4226): ID :827301458	null	org.telegram.messenger
12-05 11:35:47.606 V/ShadeControllerImpl(2537): NotificationShadeWindow: com.android.systemui.statusbar.phone.NotificationShadeWindowView{e0c2522 V.E...... ........ 0,0-1080,2246} canPanelBeCollapsed(): false
12-05 11:35:47.607 W/libc    (633): Access denied finding property "service.bootanim.exit"
12-05 11:35:47.616 D/StatusBar(2537): disable<e i a s b h r c s > disable2<q i n >
12-05 11:35:47.625 W/libc    (633): Access denied finding property "service.bootanim.exit"
12-05 11:35:47.637 D/PeopleSpaceWidgetMgr(2537): No app widget ids returned
12-05 11:35:47.673 W/libc    (633): Access denied finding property "service.bootanim.exit"
12-05 11:35:47.698 W/HidlServiceManagement(16938): Waited one second for android.hardware.secure_element@1.0::ISecureElement/eSE1
12-05 11:35:47.701 I/hwservicemanager(622): Since android.hardware.secure_element@1.0::ISecureElement/eSE1 is not registered, trying to start it as a lazy HAL.
12-05 11:35:47.702 I/HidlServiceManagement(16938): getService: Trying again for android.hardware.secure_element@1.0::ISecureElement/eSE1...
12-05 11:35:47.710 W/libc    (622): Unable to set property "ctl.interface_start" to "android.hardware.secure_element@1.0::ISecureElement/eSE1": error code: 0x20
12-05 11:35:47.711 I/hwservicemanager(622): Tried to start android.hardware.secure_element@1.0::ISecureElement/eSE1 as a lazy service, but was unable to. Usually this happens when a service is not installed, but if the service is intended to be used as a lazy service, then it may be configured incorrectly.
12-05 11:35:47.708 E/init    (0): Control message: Could not find 'android.hardware.secure_element@1.0::ISecureElement/eSE1' for ctl.interface_start from pid: 622 (/system/bin/hwservicemanager)
12-05 11:35:47.722 I/GMS_MM_Logger(8580): Memory Metric Logging not allowed. Stopping.
12-05 11:35:47.790 W/libc    (633): Access denied finding property "service.bootanim.exit"
12-05 11:35:47.915 V/ANDR-PERF-RESOURCEQS(999): Failed to apply optimization [2, 0]
12-05 11:35:47.915 V/ANDR-PERF-RESOURCEQS(999): Failed to apply optimization [2, 0]
12-05 11:35:47.921 E/StrictMode(4009): Tried to access the API:ViewConfiguration which needs to have proper configuration from a non-UI Context:com.android.quickstep.inputconsumers.OtherActivityInputConsumer@f7a857a The API:ViewConfiguration needs a proper configuration. Use UI contexts such as an activity or a context created via createWindowContext(Display, int, Bundle) or  createConfigurationContext(Configuration) with a proper configuration.
12-05 11:35:47.921 E/StrictMode(4009): java.lang.IllegalAccessException: Tried to access the API:ViewConfiguration which needs to have proper configuration from a non-UI Context:com.android.quickstep.inputconsumers.OtherActivityInputConsumer@f7a857a
12-05 11:35:47.921 E/StrictMode(4009): 	at android.os.StrictMode.assertConfigurationContext(StrictMode.java:2296)
12-05 11:35:47.921 E/StrictMode(4009): 	at android.view.ViewConfiguration.get(ViewConfiguration.java:522)
12-05 11:35:47.921 E/StrictMode(4009): 	at com.android.quickstep.inputconsumers.OtherActivityInputConsumer.<init>(OtherActivityInputConsumer.java:174)
12-05 11:35:47.921 E/StrictMode(4009): 	at com.android.quickstep.TouchInteractionService.createOtherActivityInputConsumer(TouchInteractionService.java:773)
12-05 11:35:47.921 E/StrictMode(4009): 	at com.android.quickstep.TouchInteractionService.newBaseConsumer(TouchInteractionService.java:757)
12-05 11:35:47.921 E/StrictMode(4009): 	at com.android.quickstep.TouchInteractionService.newConsumer(TouchInteractionService.java:650)
12-05 11:35:47.921 E/StrictMode(4009): 	at com.android.quickstep.TouchInteractionService.onInputEvent(TouchInteractionService.java:547)
12-05 11:35:47.921 E/StrictMode(4009): 	at com.android.quickstep.TouchInteractionService.$r8$lambda$QnySfMPM3HQvC_OREg1W70p37mY(Unknown Source:0)
12-05 11:35:47.921 E/StrictMode(4009): 	at com.android.quickstep.TouchInteractionService$$ExternalSyntheticLambda4.onInputEvent(Unknown Source:2)
12-05 11:35:47.921 E/StrictMode(4009): 	at com.android.systemui.shared.system.InputChannelCompat$InputEventReceiver$1.onInputEvent(InputChannelCompat.java:74)
12-05 11:35:47.921 E/StrictMode(4009): 	at android.view.InputEventReceiver.dispatchInputEvent(InputEventReceiver.java:259)
12-05 11:35:47.921 E/StrictMode(4009): 	at android.os.MessageQueue.nativePollOnce(Native Method)
12-05 11:35:47.921 E/StrictMode(4009): 	at android.os.MessageQueue.next(MessageQueue.java:335)
12-05 11:35:47.921 E/StrictMode(4009): 	at android.os.Looper.loopOnce(Looper.java:161)
12-05 11:35:47.921 E/StrictMode(4009): 	at android.os.Looper.loop(Looper.java:288)
12-05 11:35:47.921 E/StrictMode(4009): 	at android.app.ActivityThread.main(ActivityThread.java:7839)
12-05 11:35:47.921 E/StrictMode(4009): 	at java.lang.reflect.Method.invoke(Native Method)
12-05 11:35:47.921 E/StrictMode(4009): 	at com.android.internal.os.RuntimeInit$MethodAndArgsCaller.run(RuntimeInit.java:550)
12-05 11:35:47.921 E/StrictMode(4009): 	at com.android.internal.os.ZygoteInit.main(ZygoteInit.java:1003)
12-05 11:35:47.933 I/DropBoxManagerService(1704): add tag=system_app_strictmode isTagEnabled=true flags=0x2
12-05 11:35:47.937 I/android.hardware.power-service-qti(944): Power setMode: 5 to: 1
12-05 11:35:47.938 V/ANDR-PERF-RESOURCEQS(999): Failed to apply optimization [2, 1]
12-05 11:35:47.938 V/ANDR-PERF-RESOURCEQS(999): Failed to apply optimization [2, 1]
12-05 11:35:47.938 V/ANDR-PERF-RESOURCEQS(999): Failed to apply optimization [2, 0]
12-05 11:35:47.938 V/ANDR-PERF-RESOURCEQS(999): Failed to apply optimization [2, 0]
12-05 11:35:47.944 I/BpBinder(631): onLastStrongRef automatically unlinking death recipients: <uncached descriptor>
12-05 11:35:47.958 W/libc    (633): Access denied finding property "service.bootanim.exit"
12-05 11:35:47.966 I/OpenGLRenderer(4471): Davey! duration=15332ms; Flags=1, FrameTimelineVsyncId=36406, IntendedVsync=437057600509, Vsync=437057600509, InputEventId=0, HandleInputStart=437058837277, AnimationStart=437058838631, PerformTraversalsStart=437058839464, DrawStart=437069833631, FrameDeadline=437107433841, FrameInterval=437058834360, FrameStartTime=16666666, SyncQueued=437075876652, SyncStart=437076537641, IssueDrawCommandsStart=437076741704, SwapBuffers=437077335454, FrameCompleted=452390959094, DequeueBufferDuration=19583, QueueBufferDuration=453803, GpuCompleted=452390959094, SwapBuffersCompleted=437078027329, DisplayPresentTime=0, 
12-05 11:35:47.983 W/libc    (633): Access denied finding property "service.bootanim.exit"
12-05 11:35:47.984 W/ServiceManager(1704): Permission failure: android.permission.HIGH_SAMPLING_RATE_SENSORS from uid=10084 pid=4009
12-05 11:35:47.984 W/ServiceManager(1704): Permission failure: android.permission.HIGH_SAMPLING_RATE_SENSORS from uid=10084 pid=4009
12-05 11:35:47.985 I/sensors-hal(970): batch:180, android.sensor.accelerometer/50, period=200000000, max_latency=0
12-05 11:35:47.988 I/sensors-hal(970): batch:189, android.sensor.accelerometer/50, period=200000000, max_latency=0 request completed
12-05 11:35:47.988 I/sensors-hal(970): flush:209, android.sensor.accelerometer/50
12-05 11:35:47.989 I/sensors-hal(970): flush:215, android.sensor.accelerometer/50 completed
12-05 11:35:47.990 I/sensors-hal(970): batch:180, android.sensor.accelerometer/50, period=200000000, max_latency=2000000000
12-05 11:35:47.993 I/sensors-hal(970): batch:189, android.sensor.accelerometer/50, period=200000000, max_latency=2000000000 request completed
12-05 11:35:47.996 W/libc    (633): Access denied finding property "service.bootanim.exit"
12-05 11:35:48.012 W/libc    (633): Access denied finding property "service.bootanim.exit"
12-05 11:35:48.029 W/libc    (633): Access denied finding property "service.bootanim.exit"
12-05 11:35:48.033 I/ActivityTaskManager(1704): START u0 {act=android.intent.action.MAIN cat=[android.intent.category.LAUNCHER] flg=0x10000000 pkg=com.android.chrome cmp=com.android.chrome/com.google.android.apps.chrome.Main (has extras)} from uid 10143
12-05 11:35:48.033 W/ActivityTaskManager(1704): Can't find TaskDisplayArea to determine support for multi window. Task id=130 attached=false
12-05 11:35:48.036 I/android.hardware.power-service-qti(944): Power setMode: 5 to: 1
12-05 11:35:48.037 D/PhoneStartingWindowTypeAlgorithm(2537): preferredStartingWindowType newTask:true taskSwitch:true processRunning:true allowTaskSnapshot:true activityCreated:false useEmptySplashScreen:true legacySplashScreen:false topIsHome:false
12-05 11:35:48.037 D/StartingSurfaceDrawer(2537): addSplashScreen com.android.chrome theme=7f1503f9 task=130 suggestType=3
12-05 11:35:48.038 D/StartingSurfaceDrawer(2537): window attributes color: 0 icon null duration 0 brandImage null
12-05 11:35:48.038 D/SplashScreenView(2537): Build android.window.SplashScreenView{1864611 V.E...... ......ID 0,0-0,0}
12-05 11:35:48.038 D/SplashScreenView(2537): Icon: view: null drawable: null size: 0
12-05 11:35:48.038 D/SplashScreenView(2537): Branding: view: android.view.View{1ab3376 G.ED..... ......I. 0,0-0,0 #10204a6 android:id/splashscreen_branding_view} drawable: null size w: 0 h: 0
12-05 11:35:48.038 D/StartingSurfaceDrawer(2537): fillViewWithIcon surfaceWindowView android.window.SplashScreenView{1864611 V.E...... ......ID 0,0-0,0}
12-05 11:35:48.041 I/ActivityTaskManager(1704): Add Task{da8533a #129 type=standard A=10143:com.android.chrome U=0 visible=true mode=fullscreen translucent=false sz=1} to hidden list because adding Task{aa25f1d #130 type=standard A=10143:com.android.chrome U=0 visible=true mode=fullscreen translucent=true sz=1}
12-05 11:35:48.049 W/libc    (633): Access denied finding property "service.bootanim.exit"
12-05 11:35:48.058 W/ActivityTaskManager(1704): Tried to set launchTime (0) < mLastActivityLaunchTime (448385)
12-05 11:35:48.064 W/libc    (633): Access denied finding property "service.bootanim.exit"
12-05 11:35:48.081 W/libc    (633): Access denied finding property "service.bootanim.exit"
12-05 11:35:48.087 I/android.hardware.power-service-qti(944): Power setMode: 5 to: 0
12-05 11:35:48.102 W/libc    (633): Access denied finding property "service.bootanim.exit"
12-05 11:35:48.130 W/libc    (633): Access denied finding property "service.bootanim.exit"
12-05 11:35:48.134 W/UsageStatsService(1704): Unexpected activity event reported! (com.android.launcher3/com.android.launcher3.SuperiorLauncher event : 23 instanceId : 125759277)
12-05 11:35:48.147 W/libc    (633): Access denied finding property "service.bootanim.exit"
12-05 11:35:48.163 W/libc    (633): Access denied finding property "service.bootanim.exit"
12-05 11:35:48.154 W/composer@2.3-se(633): type=1400 audit(0.0:6764): avc: denied { read } for name="u:object_r:bootanim_system_prop:s0" dev="tmpfs" ino=22652 scontext=u:r:hal_graphics_composer_default:s0 tcontext=u:object_r:bootanim_system_prop:s0 tclass=file permissive=0
12-05 11:35:48.175 E/cr_CompositorSurfaceMgr(17221): Transitioning to surface with format : -1
12-05 11:35:48.164 W/composer@2.3-se(633): type=1400 audit(0.0:6765): avc: denied { read } for name="u:object_r:bootanim_system_prop:s0" dev="tmpfs" ino=22652 scontext=u:r:hal_graphics_composer_default:s0 tcontext=u:object_r:bootanim_system_prop:s0 tclass=file permissive=0
12-05 11:35:48.179 W/libc    (633): Access denied finding property "service.bootanim.exit"
12-05 11:35:48.184 W/composer@2.3-se(633): type=1400 audit(0.0:6766): avc: denied { read } for name="u:object_r:bootanim_system_prop:s0" dev="tmpfs" ino=22652 scontext=u:r:hal_graphics_composer_default:s0 tcontext=u:object_r:bootanim_system_prop:s0 tclass=file permissive=0
12-05 11:35:48.197 W/libc    (633): Access denied finding property "service.bootanim.exit"
12-05 11:35:48.204 W/composer@2.3-se(633): type=1400 audit(0.0:6767): avc: denied { read } for name="u:object_r:bootanim_system_prop:s0" dev="tmpfs" ino=22652 scontext=u:r:hal_graphics_composer_default:s0 tcontext=u:object_r:bootanim_system_prop:s0 tclass=file permissive=0
12-05 11:35:48.213 W/libc    (633): Access denied finding property "service.bootanim.exit"
12-05 11:35:48.230 W/libc    (633): Access denied finding property "service.bootanim.exit"
12-05 11:35:48.214 W/composer@2.3-se(633): type=1400 audit(0.0:6768): avc: denied { read } for name="u:object_r:bootanim_system_prop:s0" dev="tmpfs" ino=22652 scontext=u:r:hal_graphics_composer_default:s0 tcontext=u:object_r:bootanim_system_prop:s0 tclass=file permissive=0
12-05 11:35:48.246 W/libc    (633): Access denied finding property "service.bootanim.exit"
12-05 11:35:48.250 W/cr_tabmodel(17221): Starting to perform legacy migration.
12-05 11:35:48.252 W/cr_tabmodel(17221): Finished performing legacy migration.
12-05 11:35:48.252 W/cr_tabmodel(17221): Starting to perform multi-instance migration.
12-05 11:35:48.253 W/cr_tabmodel(17221): Finished performing multi-instance migration.
12-05 11:35:48.253 I/cr_tabmodel(17221): Starting to fetch tab list for tab_state0
12-05 11:35:48.253 I/cr_tabmodel(17221): State file does not exist.
12-05 11:35:48.253 I/cr_tabmodel(17221): Starting to fetch tab list for tab_state1
12-05 11:35:48.253 I/cr_tabmodel(17221): State file does not exist.
12-05 11:35:48.263 W/libc    (633): Access denied finding property "service.bootanim.exit"
12-05 11:35:48.279 W/libc    (633): Access denied finding property "service.bootanim.exit"
12-05 11:35:48.297 W/libc    (633): Access denied finding property "service.bootanim.exit"
12-05 11:35:48.314 W/libc    (633): Access denied finding property "service.bootanim.exit"
12-05 11:35:48.332 W/libc    (633): Access denied finding property "service.bootanim.exit"
12-05 11:35:48.348 W/libc    (633): Access denied finding property "service.bootanim.exit"
12-05 11:35:48.365 W/libc    (633): Access denied finding property "service.bootanim.exit"
12-05 11:35:48.398 W/libc    (633): Access denied finding property "service.bootanim.exit"
12-05 11:35:48.413 W/libc    (633): Access denied finding property "service.bootanim.exit"
12-05 11:35:48.416 D/OpenGLRenderer(17221): endAllActiveAnimators on 0xf57641f0 (RippleDrawable) with handle 0xc6f91d10
12-05 11:35:48.416 W/InputManager-JNI(1704): Input channel object '30f2111 com.android.chrome/org.chromium.chrome.browser.firstrun.FirstRunActivity (client)' was disposed without first being removed with the input manager!
12-05 11:35:48.423 I/cr_StartSurfaceConfig(17221): Recorded Startup.Android.FirstDrawCompletedTime.NoInstant = 280 ms
12-05 11:35:48.425 W/ActivityTaskManager(1704): Can't find TaskDisplayArea to determine support for multi window. Task id=129 attached=false
12-05 11:35:48.425 W/ActivityTaskManager(1704): Can't find TaskDisplayArea to determine support for multi window. Task id=129 attached=false
12-05 11:35:48.428 E/cr_CompositorSurfaceMgr(17221): Transitioning to surface with format : -3
12-05 11:35:48.432 E/cr_CompositorSurfaceMgr(17221): surfaceCreated format : 0
12-05 11:35:48.438 I/cr_ContextualSearch(17221): Tap suppression enabled: false
12-05 11:35:48.444 I/cr_ChromeTabbedActivity(17221): #initializeState
12-05 11:35:48.445 I/cr_CipherFactory(17221): #restoreFromBundle, no savedInstanceState.
12-05 11:35:48.445 I/cr_tabmodel(17221): #loadState, ignoreIncognitoFiles? true
12-05 11:35:48.455 I/cr_tabmodel(17221): Loaded tab lists; counts: 0,0
12-05 11:35:48.523 W/libc    (633): Access denied finding property "service.bootanim.exit"
12-05 11:35:48.531 I/FG      (0): fg_battery_soc_smooth_tracking: soc:35, last_soc:35, raw_soc:35, soc_changed:0.
12-05 11:35:48.531 I/FG      (0): soc_monitor_work: soc:35, raw_soc:35, c:-1507811, s:1
12-05 11:35:48.542 I/cr_OfflineIndicator(17221): onConnectionTypeChanged 2
12-05 11:35:48.545 I/cr_OfflineIndicator(17221): Reported by system: [ Transports: WIFI Capabilities: NOT_METERED&INTERNET&NOT_RESTRICTED&TRUSTED&NOT_VPN&VALIDATED&NOT_ROAMING&FOREGROUND&NOT_CONGESTED&NOT_SUSPENDED&NOT_VCN_MANAGED LinkUpBandwidth>=62368Kbps LinkDnBandwidth>=70810Kbps TransportInfo: <SSID: <unknown ssid>, BSSID: 02:00:00:00:00:00, MAC: 02:00:00:00:00:00, Security type: 2, Supplicant state: COMPLETED, Wi-Fi standard: 5, RSSI: -30, Link speed: 780Mbps, Tx Link speed: 780Mbps, Max Supported Tx Link speed: 866Mbps, Rx Link speed: 650Mbps, Max Supported Rx Link speed: 866Mbps, Frequency: 5200MHz, Net ID: -1, Metered hint: false, score: 60, CarrierMerged: false, SubscriptionId: -1, IsPrimary: -1> SignalStrength: -30]
12-05 11:35:48.545 I/cr_OfflineIndicator(17221): setConnectionState connectionState=4
12-05 11:35:48.545 I/cr_OfflineDetector(17221): Running updateState mConnectivityDetectorInitialized: true, mTimeWhenLastForegrounded: 452972, getElapsedTime: 452975, mTimeWhenLastOfflineNotificationReceived: 0, mTimeWhenLastOnline: 452975, mApplicationState: 1, mIsOfflineLastReportedByConnectivityDetector: false, mIsEffectivelyOffline: false
12-05 11:35:48.545 I/cr_OfflineDetector(17221): updateState(): timeSinceLastForeground: 3, timeSinceOfflineNotificationReceived: 452975, timeSinceLastOnline: 0, timeNeededForForeground: 1997, timeNeededForOffline: -450975
12-05 11:35:48.546 I/cr_OfflineIndicator(17221): processConnectivityCheckResult mConnectionState=4 mConnectivityCheckingStage=1
12-05 11:35:48.597 I/cr_ChromeTabbedActivity(17221): #createInitialTab executed.
12-05 11:35:48.647 W/ActivityManager(1704): Timeout executing service: ServiceRecord{9f59279 u0 com.android.se/.SecureElementService}
12-05 11:35:48.703 W/HidlServiceManagement(16938): Waited one second for android.hardware.secure_element@1.0::ISecureElement/eSE1
12-05 11:35:48.705 I/hwservicemanager(622): Since android.hardware.secure_element@1.0::ISecureElement/eSE1 is not registered, trying to start it as a lazy HAL.
12-05 11:35:48.706 I/HidlServiceManagement(16938): getService: Trying again for android.hardware.secure_element@1.0::ISecureElement/eSE1...
12-05 11:35:48.708 E/init    (0): Control message: Could not find 'android.hardware.secure_element@1.0::ISecureElement/eSE1' for ctl.interface_start from pid: 622 (/system/bin/hwservicemanager)
12-05 11:35:48.710 W/libc    (622): Unable to set property "ctl.interface_start" to "android.hardware.secure_element@1.0::ISecureElement/eSE1": error code: 0x20
12-05 11:35:48.710 I/hwservicemanager(622): Tried to start android.hardware.secure_element@1.0::ISecureElement/eSE1 as a lazy service, but was unable to. Usually this happens when a service is not installed, but if the service is intended to be used as a lazy service, then it may be configured incorrectly.
12-05 11:35:48.722 I/cr_LibraryLoader(17279): Using linker: org.chromium.base.library_loader.ModernLinker
12-05 11:35:48.725 E/cr_ChromiumAndroidLinker(17279): ReserveAddressWithHint: Address range starting at 0xbb581000 was not free to use
12-05 11:35:48.726 E/cr_IntentUtils(17221): getBooleanExtra failed on intent null
12-05 11:35:48.726 E/cr_IntentUtils(17221): getBooleanExtra failed on intent null
12-05 11:35:48.735 W/cr_media(17221): Requires BLUETOOTH permission
