12-05 11:35:31.536 D/StartingSurfaceDrawer(2537): addSplashScreen com.android.chrome theme=7f1503f9 task=127 suggestType=1
12-05 11:35:31.538 D/StartingSurfaceDrawer(2537): window attributes color: 0 icon null duration 0 brandImage null
12-05 11:35:31.524 W/HwBinder:633_2(633): type=1400 audit(0.0:6424): avc: denied { read } for name="u:object_r:bootanim_system_prop:s0" dev="tmpfs" ino=22652 scontext=u:r:hal_graphics_composer_default:s0 tcontext=u:object_r:bootanim_system_prop:s0 tclass=file permissive=0
12-05 11:35:31.538 W/libc    (633): Access denied finding property "service.bootanim.exit"
12-05 11:35:31.547 D/StartingSurfaceDrawer(2537): FgMainColor=ff000000 BgMainColor=fff0a048 IsBgComplex=true FromCache=true ThemeColor=ff1f1f1f
12-05 11:35:31.547 D/StartingSurfaceDrawer(2537): makeSplashScreenContentView: draw whole icon
12-05 11:35:31.548 D/SplashScreenView(2537): Build android.window.SplashScreenView{919900e V.E...... ......ID 0,0-0,0}
12-05 11:35:31.548 D/SplashScreenView(2537): Icon: view: android.widget.ImageView{29aca2f V.ED..... ......I. 0,0-0,0 #10204a7 android:id/splashscreen_icon_view} drawable: com.android.wm.shell.startingsurface.SplashscreenIconDrawableFactory$ImmobileIconDrawable@4dc983c size: 440
12-05 11:35:31.548 D/SplashScreenView(2537): Branding: view: android.view.View{2b749c5 G.ED..... ......I. 0,0-0,0 #10204a6 android:id/splashscreen_branding_view} drawable: null size w: 0 h: 0
12-05 11:35:31.548 D/StartingSurfaceDrawer(2537): fillViewWithIcon surfaceWindowView android.window.SplashScreenView{919900e V.E...... ......ID 0,0-0,0}
12-05 11:35:31.562 W/ActivityTaskManager(1704): Tried to set launchTime (0) < mLastActivityLaunchTime (407410)
12-05 11:35:31.564 W/HwBinder:633_2(633): type=1400 audit(0.0:6425): avc: denied { read } for name="u:object_r:bootanim_system_prop:s0" dev="tmpfs" ino=22652 scontext=u:r:hal_graphics_composer_default:s0 tcontext=u:object_r:bootanim_system_prop:s0 tclass=file permissive=0
12-05 11:35:31.571 W/libc    (633): Access denied finding property "service.bootanim.exit"
12-05 11:35:31.582 I/OpenGLRenderer(2537): Davey! duration=9223371600877ms; Flags=1, FrameTimelineVsyncId=36308, IntendedVsync=435977239679, Vsync=435977239679, InputEventId=0, HandleInputStart=435990989933, AnimationStart=435990990819, PerformTraversalsStart=435991024100, DrawStart=436003459725, FrameDeadline=435998239679, FrameInterval=435990987329, FrameStartTime=16666666, SyncQueued=436003611548, SyncStart=436003844829, IssueDrawCommandsStart=436005502329, SwapBuffers=436006658162, FrameCompleted=9223372036854775807, DequeueBufferDuration=22968, QueueBufferDuration=528021, GpuCompleted=9223372036854775807, SwapBuffersCompleted=436007534517, DisplayPresentTime=0, 
12-05 11:35:31.612 W/libc    (633): Access denied finding property "service.bootanim.exit"
12-05 11:35:31.604 W/HwBinder:633_2(633): type=1400 audit(0.0:6426): avc: denied { read } for name="u:object_r:bootanim_system_prop:s0" dev="tmpfs" ino=22652 scontext=u:r:hal_graphics_composer_default:s0 tcontext=u:object_r:bootanim_system_prop:s0 tclass=file permissive=0
12-05 11:35:31.632 W/libc    (633): Access denied finding property "service.bootanim.exit"
12-05 11:35:31.624 W/HwBinder:633_2(633): type=1400 audit(0.0:6427): avc: denied { read } for name="u:object_r:bootanim_system_prop:s0" dev="tmpfs" ino=22652 scontext=u:r:hal_graphics_composer_default:s0 tcontext=u:object_r:bootanim_system_prop:s0 tclass=file permissive=0
12-05 11:35:31.648 W/libc    (633): Access denied finding property "service.bootanim.exit"
12-05 11:35:31.648 W/audit   (0): audit_lost=4338 audit_rate_limit=5 audit_backlog_limit=64
12-05 11:35:31.648 E/audit   (0): rate limit exceeded
12-05 11:35:31.656 W/HidlServiceManagement(16938): Waited one second for android.hardware.secure_element@1.0::ISecureElement/eSE1
12-05 11:35:31.657 I/hwservicemanager(622): Since android.hardware.secure_element@1.0::ISecureElement/eSE1 is not registered, trying to start it as a lazy HAL.
12-05 11:35:31.657 I/HidlServiceManagement(16938): getService: Trying again for android.hardware.secure_element@1.0::ISecureElement/eSE1...
12-05 11:35:31.659 W/libc    (622): Unable to set property "ctl.interface_start" to "android.hardware.secure_element@1.0::ISecureElement/eSE1": error code: 0x20
12-05 11:35:31.659 I/hwservicemanager(622): Tried to start android.hardware.secure_element@1.0::ISecureElement/eSE1 as a lazy service, but was unable to. Usually this happens when a service is not installed, but if the service is intended to be used as a lazy service, then it may be configured incorrectly.
12-05 11:35:31.659 E/init    (0): Control message: Could not find 'android.hardware.secure_element@1.0::ISecureElement/eSE1' for ctl.interface_start from pid: 622 (/system/bin/hwservicemanager)
12-05 11:35:31.665 W/libc    (633): Access denied finding property "service.bootanim.exit"
12-05 11:35:31.682 W/libc    (633): Access denied finding property "service.bootanim.exit"
12-05 11:35:31.698 W/libc    (633): Access denied finding property "service.bootanim.exit"
12-05 11:35:31.714 W/libc    (633): Access denied finding property "service.bootanim.exit"
12-05 11:35:31.732 W/libc    (633): Access denied finding property "service.bootanim.exit"
12-05 11:35:31.748 W/libc    (633): Access denied finding property "service.bootanim.exit"
12-05 11:35:31.766 W/libc    (633): Access denied finding property "service.bootanim.exit"
12-05 11:35:31.780 W/libc    (633): Access denied finding property "service.bootanim.exit"
12-05 11:35:31.796 W/libc    (633): Access denied finding property "service.bootanim.exit"
12-05 11:35:31.814 W/healthd (0): battery l=34 v=4046 t=38.0 h=2 st=2 c=-1685546 fc=3246000 cc=111 chg=a
12-05 11:35:31.856 W/libc    (633): Access denied finding property "service.bootanim.exit"
12-05 11:35:31.922 W/libc    (633): Access denied finding property "service.bootanim.exit"
12-05 11:35:32.411 W/HidlServiceManagement(14975): Waited one second for android.hardware.drm@1.4::IDrmFactory/clearkey
12-05 11:35:32.412 I/hwservicemanager(622): Since android.hardware.drm@1.4::IDrmFactory/clearkey is not registered, trying to start it as a lazy HAL.
12-05 11:35:32.412 I/HidlServiceManagement(14975): getService: Trying again for android.hardware.drm@1.4::IDrmFactory/clearkey...
12-05 11:35:32.415 I/init    (0): Control message: Processed ctl.interface_start for 'android.hardware.drm@1.4::IDrmFactory/clearkey' from pid: 622 (/system/bin/hwservicemanager)
12-05 11:35:32.601 V/ANDR-PERF-RESOURCEQS(999): Failed to apply optimization [2, 0]
12-05 11:35:32.601 V/ANDR-PERF-RESOURCEQS(999): Failed to apply optimization [2, 0]
12-05 11:35:32.603 E/StrictMode(4009): Tried to access the API:ViewConfiguration which needs to have proper configuration from a non-UI Context:com.android.quickstep.inputconsumers.OtherActivityInputConsumer@865d582 The API:ViewConfiguration needs a proper configuration. Use UI contexts such as an activity or a context created via createWindowContext(Display, int, Bundle) or  createConfigurationContext(Configuration) with a proper configuration.
12-05 11:35:32.603 E/StrictMode(4009): java.lang.IllegalAccessException: Tried to access the API:ViewConfiguration which needs to have proper configuration from a non-UI Context:com.android.quickstep.inputconsumers.OtherActivityInputConsumer@865d582
12-05 11:35:32.603 E/StrictMode(4009): 	at android.os.StrictMode.assertConfigurationContext(StrictMode.java:2296)
12-05 11:35:32.603 E/StrictMode(4009): 	at android.view.ViewConfiguration.get(ViewConfiguration.java:522)
12-05 11:35:32.603 E/StrictMode(4009): 	at com.android.quickstep.inputconsumers.OtherActivityInputConsumer.<init>(OtherActivityInputConsumer.java:174)
12-05 11:35:32.603 E/StrictMode(4009): 	at com.android.quickstep.TouchInteractionService.createOtherActivityInputConsumer(TouchInteractionService.java:773)
12-05 11:35:32.603 E/StrictMode(4009): 	at com.android.quickstep.TouchInteractionService.newBaseConsumer(TouchInteractionService.java:757)
12-05 11:35:32.603 E/StrictMode(4009): 	at com.android.quickstep.TouchInteractionService.newConsumer(TouchInteractionService.java:650)
12-05 11:35:32.603 E/StrictMode(4009): 	at com.android.quickstep.TouchInteractionService.onInputEvent(TouchInteractionService.java:547)
12-05 11:35:32.603 E/StrictMode(4009): 	at com.android.quickstep.TouchInteractionService.$r8$lambda$QnySfMPM3HQvC_OREg1W70p37mY(Unknown Source:0)
12-05 11:35:32.603 E/StrictMode(4009): 	at com.android.quickstep.TouchInteractionService$$ExternalSyntheticLambda4.onInputEvent(Unknown Source:2)
12-05 11:35:32.603 E/StrictMode(4009): 	at com.android.systemui.shared.system.InputChannelCompat$InputEventReceiver$1.onInputEvent(InputChannelCompat.java:74)
12-05 11:35:32.603 E/StrictMode(4009): 	at android.view.InputEventReceiver.dispatchInputEvent(InputEventReceiver.java:259)
12-05 11:35:32.603 E/StrictMode(4009): 	at android.os.MessageQueue.nativePollOnce(Native Method)
12-05 11:35:32.603 E/StrictMode(4009): 	at android.os.MessageQueue.next(MessageQueue.java:335)
12-05 11:35:32.603 E/StrictMode(4009): 	at android.os.Looper.loopOnce(Looper.java:161)
12-05 11:35:32.603 E/StrictMode(4009): 	at android.os.Looper.loop(Looper.java:288)
12-05 11:35:32.603 E/StrictMode(4009): 	at android.app.ActivityThread.main(ActivityThread.java:7839)
12-05 11:35:32.603 E/StrictMode(4009): 	at java.lang.reflect.Method.invoke(Native Method)
12-05 11:35:32.603 E/StrictMode(4009): 	at com.android.internal.os.RuntimeInit$MethodAndArgsCaller.run(RuntimeInit.java:550)
12-05 11:35:32.603 E/StrictMode(4009): 	at com.android.internal.os.ZygoteInit.main(ZygoteInit.java:1003)
12-05 11:35:32.607 I/DropBoxManagerService(1704): add tag=system_app_strictmode isTagEnabled=true flags=0x2
12-05 11:35:32.611 I/android.hardware.power-service-qti(944): Power setMode: 5 to: 1
12-05 11:35:32.615 I/BpBinder(631): onLastStrongRef automatically unlinking death recipients: <uncached descriptor>
12-05 11:35:32.614 W/HwBinder:633_2(633): type=1400 audit(0.0:6440): avc: denied { read } for name="u:object_r:bootanim_system_prop:s0" dev="tmpfs" ino=22652 scontext=u:r:hal_graphics_composer_default:s0 tcontext=u:object_r:bootanim_system_prop:s0 tclass=file permissive=0
12-05 11:35:32.621 W/libc    (633): Access denied finding property "service.bootanim.exit"
12-05 11:35:32.630 W/libc    (633): Access denied finding property "service.bootanim.exit"
12-05 11:35:32.614 W/HwBinder:633_2(633): type=1400 audit(0.0:6441): avc: denied { read } for name="u:object_r:bootanim_system_prop:s0" dev="tmpfs" ino=22652 scontext=u:r:hal_graphics_composer_default:s0 tcontext=u:object_r:bootanim_system_prop:s0 tclass=file permissive=0
12-05 11:35:32.635 I/A       (4471): onApplyWindowInsets: systemWindowInsets=Insets{left=0, top=86, right=0, bottom=44}
12-05 11:35:32.635 I/A       (4471): onApplyWindowInsets: systemWindowInsets=Insets{left=0, top=86, right=0, bottom=44}
12-05 11:35:32.641 I/InputDispatcher(1704): Monitor swipe-up (server) is stealing touch from []
12-05 11:35:32.643 D/AutofillManagerService(1704): Close system dialogs
12-05 11:35:32.645 I/LatencyTracker(4009): ACTION_TOGGLE_RECENTS latency=6
12-05 11:35:32.645 V/ShadeControllerImpl(2537): NotificationShadeWindow: com.android.systemui.statusbar.phone.NotificationShadeWindowView{e0c2522 I.E...... ......ID 0,0-1080,2246} canPanelBeCollapsed(): false
12-05 11:35:32.658 W/HidlServiceManagement(16938): Waited one second for android.hardware.secure_element@1.0::ISecureElement/eSE1
12-05 11:35:32.659 I/hwservicemanager(622): Since android.hardware.secure_element@1.0::ISecureElement/eSE1 is not registered, trying to start it as a lazy HAL.
12-05 11:35:32.660 I/HidlServiceManagement(16938): getService: Trying again for android.hardware.secure_element@1.0::ISecureElement/eSE1...
12-05 11:35:32.654 W/HwBinder:633_2(633): type=1400 audit(0.0:6442): avc: denied { read } for name="u:object_r:bootanim_system_prop:s0" dev="tmpfs" ino=22652 scontext=u:r:hal_graphics_composer_default:s0 tcontext=u:object_r:bootanim_system_prop:s0 tclass=file permissive=0
12-05 11:35:32.661 E/init    (0): Control message: Could not find 'android.hardware.secure_element@1.0::ISecureElement/eSE1' for ctl.interface_start from pid: 622 (/system/bin/hwservicemanager)
12-05 11:35:32.666 W/libc    (633): Access denied finding property "service.bootanim.exit"
12-05 11:35:32.669 W/libc    (622): Unable to set property "ctl.interface_start" to "android.hardware.secure_element@1.0::ISecureElement/eSE1": error code: 0x20
12-05 11:35:32.669 I/hwservicemanager(622): Tried to start android.hardware.secure_element@1.0::ISecureElement/eSE1 as a lazy service, but was unable to. Usually this happens when a service is not installed, but if the service is intended to be used as a lazy service, then it may be configured incorrectly.
12-05 11:35:32.670 I/OpenGLRenderer(4471): Davey! duration=9318ms; Flags=1, FrameTimelineVsyncId=35287, IntendedVsync=427760445586, Vsync=427760445586, InputEventId=1468811424, HandleInputStart=427760867436, AnimationStart=427760868634, PerformTraversalsStart=427760869259, DrawStart=427766915249, FrameDeadline=427798112252, FrameInterval=427760864207, FrameStartTime=16666666, SyncQueued=427767980666, SyncStart=427768093634, IssueDrawCommandsStart=427768327488, SwapBuffers=427769117541, FrameCompleted=437078609412, DequeueBufferDuration=22292, QueueBufferDuration=489375, GpuCompleted=437078609412, SwapBuffersCompleted=427769982541, DisplayPresentTime=0, 
12-05 11:35:32.674 W/HwBinder:633_2(633): type=1400 audit(0.0:6443): avc: denied { read } for name="u:object_r:bootanim_system_prop:s0" dev="tmpfs" ino=22652 scontext=u:r:hal_graphics_composer_default:s0 tcontext=u:object_r:bootanim_system_prop:s0 tclass=file permissive=0
12-05 11:35:32.696 W/libc    (633): Access denied finding property "service.bootanim.exit"
12-05 11:35:32.684 W/HwBinder:633_2(633): type=1400 audit(0.0:6444): avc: denied { read } for name="u:object_r:bootanim_system_prop:s0" dev="tmpfs" ino=22652 scontext=u:r:hal_graphics_composer_default:s0 tcontext=u:object_r:bootanim_system_prop:s0 tclass=file permissive=0
12-05 11:35:32.713 W/libc    (633): Access denied finding property "service.bootanim.exit"
12-05 11:35:32.713 W/audit   (0): audit_lost=4350 audit_rate_limit=5 audit_backlog_limit=64
12-05 11:35:32.713 E/audit   (0): rate limit exceeded
12-05 11:35:32.730 W/libc    (633): Access denied finding property "service.bootanim.exit"
12-05 11:35:32.734 I/OpenGLRenderer(4471): Davey! duration=1963ms; Flags=0, FrameTimelineVsyncId=36230, IntendedVsync=435180743441, Vsync=435180743441, InputEventId=1184367087, HandleInputStart=435190796861, AnimationStart=435190799100, PerformTraversalsStart=435190804152, DrawStart=435190991236, FrameDeadline=435217910107, FrameInterval=435190792173, FrameStartTime=16666666, SyncQueued=435192208371, SyncStart=435192310194, IssueDrawCommandsStart=435192604881, SwapBuffers=435193951965, FrameCompleted=437144123422, DequeueBufferDuration=32031, QueueBufferDuration=827760, GpuCompleted=437144123422, SwapBuffersCompleted=435195322225, DisplayPresentTime=0, 
12-05 11:35:32.746 W/libc    (633): Access denied finding property "service.bootanim.exit"
12-05 11:35:32.763 W/libc    (633): Access denied finding property "service.bootanim.exit"
12-05 11:35:32.780 W/libc    (633): Access denied finding property "service.bootanim.exit"
12-05 11:35:32.783 D/vendor.qti.vibrator(1013): Vibrator perform effect 0
12-05 11:35:32.783 D/vendor.qti.vibrator(1013): Starting perform on another thread
12-05 11:35:32.797 W/libc    (633): Access denied finding property "service.bootanim.exit"
12-05 11:35:32.813 W/libc    (633): Access denied finding property "service.bootanim.exit"
12-05 11:35:32.822 D/vendor.qti.vibrator(1013): Notifying perform complete
12-05 11:35:32.823 D/vendor.qti.vibrator(1013): QTI Vibrator off
12-05 11:35:32.830 W/libc    (633): Access denied finding property "service.bootanim.exit"
12-05 11:35:32.846 W/libc    (633): Access denied finding property "service.bootanim.exit"
12-05 11:35:32.863 W/libc    (633): Access denied finding property "service.bootanim.exit"
12-05 11:35:32.880 W/libc    (633): Access denied finding property "service.bootanim.exit"
12-05 11:35:32.896 W/libc    (633): Access denied finding property "service.bootanim.exit"
12-05 11:35:32.913 W/libc    (633): Access denied finding property "service.bootanim.exit"
12-05 11:35:32.930 W/libc    (633): Access denied finding property "service.bootanim.exit"
12-05 11:35:32.948 W/libc    (633): Access denied finding property "service.bootanim.exit"
12-05 11:35:32.965 W/libc    (633): Access denied finding property "service.bootanim.exit"
12-05 11:35:32.973 I/LatencyTracker(1704): ACTION_START_RECENTS_ANIMATION latency=55
12-05 11:35:32.981 W/libc    (633): Access denied finding property "service.bootanim.exit"
12-05 11:35:32.998 W/libc    (633): Access denied finding property "service.bootanim.exit"
12-05 11:35:33.015 W/libc    (633): Access denied finding property "service.bootanim.exit"
12-05 11:35:33.033 W/ServiceManager(1704): Permission failure: android.permission.HIGH_SAMPLING_RATE_SENSORS from uid=10084 pid=4009
12-05 11:35:33.034 W/ServiceManager(1704): Permission failure: android.permission.HIGH_SAMPLING_RATE_SENSORS from uid=10084 pid=4009
12-05 11:35:33.034 I/sensors-hal(970): batch:180, android.sensor.accelerometer/50, period=200000000, max_latency=0
12-05 11:35:33.037 I/sensors-hal(970): batch:189, android.sensor.accelerometer/50, period=200000000, max_latency=0 request completed
12-05 11:35:33.037 I/sensors-hal(970): flush:209, android.sensor.accelerometer/50
12-05 11:35:33.039 I/sensors-hal(970): flush:215, android.sensor.accelerometer/50 completed
12-05 11:35:33.046 V/ANDR-PERF-RESOURCEQS(999): Failed to apply optimization [2, 0]
12-05 11:35:33.047 V/ANDR-PERF-RESOURCEQS(999): Failed to apply optimization [2, 0]
12-05 11:35:33.048 W/libc    (633): Access denied finding property "service.bootanim.exit"
12-05 11:35:33.065 W/libc    (633): Access denied finding property "service.bootanim.exit"
12-05 11:35:33.081 W/libc    (633): Access denied finding property "service.bootanim.exit"
12-05 11:35:33.098 W/libc    (633): Access denied finding property "service.bootanim.exit"
12-05 11:35:33.114 W/libc    (633): Access denied finding property "service.bootanim.exit"
12-05 11:35:33.131 W/libc    (633): Access denied finding property "service.bootanim.exit"
12-05 11:35:33.147 W/libc    (633): Access denied finding property "service.bootanim.exit"
12-05 11:35:33.164 W/libc    (633): Access denied finding property "service.bootanim.exit"
12-05 11:35:33.181 W/libc    (633): Access denied finding property "service.bootanim.exit"
12-05 11:35:33.197 W/libc    (633): Access denied finding property "service.bootanim.exit"
12-05 11:35:33.214 W/libc    (633): Access denied finding property "service.bootanim.exit"
12-05 11:35:33.231 W/libc    (633): Access denied finding property "service.bootanim.exit"
12-05 11:35:33.247 W/libc    (633): Access denied finding property "service.bootanim.exit"
12-05 11:35:33.264 W/libc    (633): Access denied finding property "service.bootanim.exit"
12-05 11:35:33.280 W/libc    (633): Access denied finding property "service.bootanim.exit"
12-05 11:35:33.297 W/libc    (633): Access denied finding property "service.bootanim.exit"
12-05 11:35:33.314 W/libc    (633): Access denied finding property "service.bootanim.exit"
12-05 11:35:33.330 W/libc    (633): Access denied finding property "service.bootanim.exit"
12-05 11:35:33.348 W/libc    (633): Access denied finding property "service.bootanim.exit"
12-05 11:35:33.413 W/HidlServiceManagement(14975): Waited one second for android.hardware.drm@1.4::IDrmFactory/clearkey
12-05 11:35:33.413 I/hwservicemanager(622): Since android.hardware.drm@1.4::IDrmFactory/clearkey is not registered, trying to start it as a lazy HAL.
12-05 11:35:33.414 I/HidlServiceManagement(14975): getService: Trying again for android.hardware.drm@1.4::IDrmFactory/clearkey...
12-05 11:35:33.415 I/init    (0): Control message: Processed ctl.interface_start for 'android.hardware.drm@1.4::IDrmFactory/clearkey' from pid: 622 (/system/bin/hwservicemanager)
12-05 11:35:33.429 W/libc    (633): Access denied finding property "service.bootanim.exit"
12-05 11:35:33.651 V/ANDR-PERF-RESOURCEQS(999): Failed to apply optimization [2, 0]
12-05 11:35:33.651 V/ANDR-PERF-RESOURCEQS(999): Failed to apply optimization [2, 0]
12-05 11:35:33.661 W/HidlServiceManagement(16938): Waited one second for android.hardware.secure_element@1.0::ISecureElement/eSE1
12-05 11:35:33.661 I/hwservicemanager(622): Since android.hardware.secure_element@1.0::ISecureElement/eSE1 is not registered, trying to start it as a lazy HAL.
12-05 11:35:33.662 I/HidlServiceManagement(16938): getService: Trying again for android.hardware.secure_element@1.0::ISecureElement/eSE1...
12-05 11:35:33.662 W/libc    (622): Unable to set property "ctl.interface_start" to "android.hardware.secure_element@1.0::ISecureElement/eSE1": error code: 0x20
12-05 11:35:33.662 I/hwservicemanager(622): Tried to start android.hardware.secure_element@1.0::ISecureElement/eSE1 as a lazy service, but was unable to. Usually this happens when a service is not installed, but if the service is intended to be used as a lazy service, then it may be configured incorrectly.
12-05 11:35:33.662 E/init    (0): Control message: Could not find 'android.hardware.secure_element@1.0::ISecureElement/eSE1' for ctl.interface_start from pid: 622 (/system/bin/hwservicemanager)
12-05 11:35:33.762 W/libc    (633): Access denied finding property "service.bootanim.exit"
12-05 11:35:33.754 W/HwBinder:633_2(633): type=1400 audit(0.0:6484): avc: denied { read } for name="u:object_r:bootanim_system_prop:s0" dev="tmpfs" ino=22652 scontext=u:r:hal_graphics_composer_default:s0 tcontext=u:object_r:bootanim_system_prop:s0 tclass=file permissive=0
12-05 11:35:33.796 W/libc    (633): Access denied finding property "service.bootanim.exit"
12-05 11:35:33.784 W/HwBinder:633_2(633): type=1400 audit(0.0:6485): avc: denied { read } for name="u:object_r:bootanim_system_prop:s0" dev="tmpfs" ino=22652 scontext=u:r:hal_graphics_composer_default:s0 tcontext=u:object_r:bootanim_system_prop:s0 tclass=file permissive=0
12-05 11:35:33.813 W/libc    (633): Access denied finding property "service.bootanim.exit"
12-05 11:35:33.804 W/HwBinder:633_2(633): type=1400 audit(0.0:6486): avc: denied { read } for name="u:object_r:bootanim_system_prop:s0" dev="tmpfs" ino=22652 scontext=u:r:hal_graphics_composer_default:s0 tcontext=u:object_r:bootanim_system_prop:s0 tclass=file permissive=0
12-05 11:35:33.863 W/libc    (633): Access denied finding property "service.bootanim.exit"
12-05 11:35:33.854 W/HwBinder:633_2(633): type=1400 audit(0.0:6487): avc: denied { read } for name="u:object_r:bootanim_system_prop:s0" dev="tmpfs" ino=22652 scontext=u:r:hal_graphics_composer_default:s0 tcontext=u:object_r:bootanim_system_prop:s0 tclass=file permissive=0
12-05 11:35:33.879 W/libc    (633): Access denied finding property "service.bootanim.exit"
12-05 11:35:33.864 W/HwBinder:633_2(633): type=1400 audit(0.0:6488): avc: denied { read } for name="u:object_r:bootanim_system_prop:s0" dev="tmpfs" ino=22652 scontext=u:r:hal_graphics_composer_default:s0 tcontext=u:object_r:bootanim_system_prop:s0 tclass=file permissive=0
12-05 11:35:33.896 W/libc    (633): Access denied finding property "service.bootanim.exit"
12-05 11:35:33.896 W/audit   (0): audit_lost=4389 audit_rate_limit=5 audit_backlog_limit=64
12-05 11:35:33.896 E/audit   (0): rate limit exceeded
12-05 11:35:33.912 W/libc    (633): Access denied finding property "service.bootanim.exit"
12-05 11:35:33.929 W/libc    (633): Access denied finding property "service.bootanim.exit"
12-05 11:35:33.946 W/libc    (633): Access denied finding property "service.bootanim.exit"
12-05 11:35:34.029 W/libc    (633): Access denied finding property "service.bootanim.exit"
12-05 11:35:34.158 W/healthd (0): battery l=34 v=4027 t=38.0 h=2 st=2 c=-1546874 fc=3246000 cc=111 chg=a
12-05 11:35:34.196 W/libc    (633): Access denied finding property "service.bootanim.exit"
12-05 11:35:34.279 W/libc    (633): Access denied finding property "service.bootanim.exit"
12-05 11:35:34.414 W/HidlServiceManagement(14975): Waited one second for android.hardware.drm@1.4::IDrmFactory/clearkey
12-05 11:35:34.415 I/hwservicemanager(622): Since android.hardware.drm@1.4::IDrmFactory/clearkey is not registered, trying to start it as a lazy HAL.
12-05 11:35:34.415 I/HidlServiceManagement(14975): getService: Trying again for android.hardware.drm@1.4::IDrmFactory/clearkey...
12-05 11:35:34.417 I/init    (0): Control message: Processed ctl.interface_start for 'android.hardware.drm@1.4::IDrmFactory/clearkey' from pid: 622 (/system/bin/hwservicemanager)
12-05 11:35:34.616 W/BroadcastQueue(1704): Background execution not allowed: receiving Intent { act=android.intent.action.DROPBOX_ENTRY_ADDED flg=0x10 (has extras) } to com.google.android.gms/.stats.service.DropBoxEntryAddedReceiver
12-05 11:35:34.616 W/BroadcastQueue(1704): Background execution not allowed: receiving Intent { act=android.intent.action.DROPBOX_ENTRY_ADDED flg=0x10 (has extras) } to com.google.android.gms/.chimera.GmsIntentOperationService$PersistentTrustedReceiver
12-05 11:35:34.652 V/ANDR-PERF-RESOURCEQS(999): Failed to apply optimization [2, 0]
12-05 11:35:34.652 V/ANDR-PERF-RESOURCEQS(999): Failed to apply optimization [2, 0]
12-05 11:35:34.662 W/HidlServiceManagement(16938): Waited one second for android.hardware.secure_element@1.0::ISecureElement/eSE1
12-05 11:35:34.662 I/hwservicemanager(622): Since android.hardware.secure_element@1.0::ISecureElement/eSE1 is not registered, trying to start it as a lazy HAL.
12-05 11:35:34.662 I/HidlServiceManagement(16938): getService: Trying again for android.hardware.secure_element@1.0::ISecureElement/eSE1...
12-05 11:35:34.664 W/libc    (622): Unable to set property "ctl.interface_start" to "android.hardware.secure_element@1.0::ISecureElement/eSE1": error code: 0x20
12-05 11:35:34.664 I/hwservicemanager(622): Tried to start android.hardware.secure_element@1.0::ISecureElement/eSE1 as a lazy service, but was unable to. Usually this happens when a service is not installed, but if the service is intended to be used as a lazy service, then it may be configured incorrectly.
12-05 11:35:34.664 E/init    (0): Control message: Could not find 'android.hardware.secure_element@1.0::ISecureElement/eSE1' for ctl.interface_start from pid: 622 (/system/bin/hwservicemanager)
12-05 11:35:34.729 W/libc    (633): Access denied finding property "service.bootanim.exit"
12-05 11:35:34.745 W/libc    (633): Access denied finding property "service.bootanim.exit"
12-05 11:35:34.762 W/libc    (633): Access denied finding property "service.bootanim.exit"
12-05 11:35:34.779 W/libc    (633): Access denied finding property "service.bootanim.exit"
12-05 11:35:34.764 W/HwBinder:633_2(633): type=1400 audit(0.0:6499): avc: denied { read } for name="u:object_r:bootanim_system_prop:s0" dev="tmpfs" ino=22652 scontext=u:r:hal_graphics_composer_default:s0 tcontext=u:object_r:bootanim_system_prop:s0 tclass=file permissive=0
12-05 11:35:34.781 I/android.hardware.power-service-qti(944): Power setMode: 5 to: 0
12-05 11:35:34.784 I/OpenGLRenderer(4009): Davey! duration=9223371597693ms; Flags=0, FrameTimelineVsyncId=36614, IntendedVsync=439157631692, Vsync=439157631692, InputEventId=313719701, HandleInputStart=439158509620, AnimationStart=439158510140, PerformTraversalsStart=439158510401, DrawStart=439158570192, FrameDeadline=439190798358, FrameInterval=439158508526, FrameStartTime=16666666, SyncQueued=439160879932, SyncStart=439164319776, IssueDrawCommandsStart=439164483057, SwapBuffers=439206522484, FrameCompleted=9223372036854775807, DequeueBufferDuration=15324167, QueueBufferDuration=454219, GpuCompleted=9223372036854775807, SwapBuffersCompleted=439207241911, DisplayPresentTime=432078342279, 
12-05 11:35:34.786 D/StartingSurfaceDrawer(2537): Task start finish, remove starting surface for task 127
12-05 11:35:34.786 V/StartingSurfaceDrawer(2537): Removing splash screen window for task: 127
12-05 11:35:34.794 W/InputManager-JNI(1704): Input channel object '3dd811f Splash Screen com.android.chrome (client)' was disposed without first being removed with the input manager!
12-05 11:35:34.784 W/HwBinder:633_2(633): type=1400 audit(0.0:6500): avc: denied { read } for name="u:object_r:bootanim_system_prop:s0" dev="tmpfs" ino=22652 scontext=u:r:hal_graphics_composer_default:s0 tcontext=u:object_r:bootanim_system_prop:s0 tclass=file permissive=0
12-05 11:35:34.798 W/libc    (633): Access denied finding property "service.bootanim.exit"
12-05 11:35:34.806 I/ActivityTaskManager(1704): START u0 {act=android.settings.APPLICATION_DETAILS_SETTINGS dat=package:com.android.chrome flg=0x10008000 cmp=com.android.settings/.applications.InstalledAppDetails bnds=[204,470][876,624] (has extras)} from uid 10084
12-05 11:35:34.814 W/ActivityTaskManager(1704): Can't find TaskDisplayArea to determine support for multi window. Task id=128 attached=false
12-05 11:35:34.804 W/HwBinder:633_2(633): type=1400 audit(0.0:6501): avc: denied { read } for name="u:object_r:bootanim_system_prop:s0" dev="tmpfs" ino=22652 scontext=u:r:hal_graphics_composer_default:s0 tcontext=u:object_r:bootanim_system_prop:s0 tclass=file permissive=0
12-05 11:35:34.814 W/libc    (633): Access denied finding property "service.bootanim.exit"
12-05 11:35:34.819 I/android.hardware.power-service-qti(944): Power setMode: 5 to: 1
12-05 11:35:34.819 V/ANDR-PERF-RESOURCEQS(999): Failed to apply optimization [2, 1]
12-05 11:35:34.819 V/ANDR-PERF-RESOURCEQS(999): Failed to apply optimization [2, 1]
12-05 11:35:34.819 V/ANDR-PERF-RESOURCEQS(999): Failed to apply optimization [2, 0]
12-05 11:35:34.819 V/ANDR-PERF-RESOURCEQS(999): Failed to apply optimization [2, 0]
12-05 11:35:34.826 W/WindowManager(1704): Failed looking up window session=Session{dcceedf 2537:u0a10086} callers=com.android.server.wm.WindowManagerService.windowForClientLocked:5603 com.android.server.wm.WindowManagerService.relayoutWindow:2222 com.android.server.wm.Session.relayout:235 
12-05 11:35:34.824 W/HwBinder:633_2(633): type=1400 audit(0.0:6502): avc: denied { read } for name="u:object_r:bootanim_system_prop:s0" dev="tmpfs" ino=22652 scontext=u:r:hal_graphics_composer_default:s0 tcontext=u:object_r:bootanim_system_prop:s0 tclass=file permissive=0
12-05 11:35:34.831 W/libc    (633): Access denied finding property "service.bootanim.exit"
12-05 11:35:34.832 W/WindowManager(1704): Failed looking up window session=Session{dcceedf 2537:u0a10086} callers=com.android.server.wm.WindowManagerService.windowForClientLocked:5603 com.android.server.wm.WindowManagerService.removeWindow:2026 com.android.server.wm.Session.remove:218 
12-05 11:35:34.834 D/PhoneStartingWindowTypeAlgorithm(2537): preferredStartingWindowType newTask:true taskSwitch:true processRunning:true allowTaskSnapshot:true activityCreated:false useEmptySplashScreen:true legacySplashScreen:false topIsHome:false
12-05 11:35:34.834 W/ActivityTaskManager(1704): Tried to set launchTime (0) < mLastActivityLaunchTime (132346)
12-05 11:35:34.839 D/StartingSurfaceDrawer(2537): addSplashScreen com.android.settings theme=7f13033d task=128 suggestType=3
12-05 11:35:34.846 W/libc    (633): Access denied finding property "service.bootanim.exit"
12-05 11:35:34.846 D/StartingSurfaceDrawer(2537): window attributes color: 0 icon null duration 0 brandImage null
12-05 11:35:34.834 W/HwBinder:633_2(633): type=1400 audit(0.0:6503): avc: denied { read } for name="u:object_r:bootanim_system_prop:s0" dev="tmpfs" ino=22652 scontext=u:r:hal_graphics_composer_default:s0 tcontext=u:object_r:bootanim_system_prop:s0 tclass=file permissive=0
12-05 11:35:34.847 D/SplashScreenView(2537): Build android.window.SplashScreenView{bfb92e6 V.E...... ......ID 0,0-0,0}
12-05 11:35:34.847 D/SplashScreenView(2537): Icon: view: null drawable: null size: 0
12-05 11:35:34.847 D/SplashScreenView(2537): Branding: view: android.view.View{4c3d027 G.ED..... ......I. 0,0-0,0 #10204a6 android:id/splashscreen_branding_view} drawable: null size w: 0 h: 0
12-05 11:35:34.847 D/StartingSurfaceDrawer(2537): fillViewWithIcon surfaceWindowView android.window.SplashScreenView{bfb92e6 V.E...... ......ID 0,0-0,0}
12-05 11:35:34.863 W/libc    (633): Access denied finding property "service.bootanim.exit"
12-05 11:35:34.879 D/SettingsActivity(4954): Starting onCreate
12-05 11:35:34.880 W/libc    (633): Access denied finding property "service.bootanim.exit"
12-05 11:35:34.884 D/SettingsActivity(4954): Starting to set activity title
12-05 11:35:34.884 D/SettingsActivity(4954): Done setting title
12-05 11:35:34.884 D/SettingsActivity(4954): Switching to fragment com.android.settings.applications.appinfo.AppInfoDashboardFragment
12-05 11:35:34.897 W/libc    (633): Access denied finding property "service.bootanim.exit"
12-05 11:35:34.913 W/libc    (633): Access denied finding property "service.bootanim.exit"
12-05 11:35:34.913 W/audit   (0): audit_lost=4402 audit_rate_limit=5 audit_backlog_limit=64
12-05 11:35:34.913 E/audit   (0): rate limit exceeded
12-05 11:35:34.926 D/PrefCtrlListHelper(4954): Could not find Context-only controller for pref: com.android.settings.applications.appinfo.AppSettingPreferenceController
12-05 11:35:34.926 D/PrefCtrlListHelper(4954): Could not find Context-only controller for pref: com.android.settings.applications.appinfo.AppNotificationPreferenceController
12-05 11:35:34.928 D/PrefCtrlListHelper(4954): Could not find Context-only controller for pref: com.android.settings.applications.appinfo.AppPermissionPreferenceController
12-05 11:35:34.928 D/PrefCtrlListHelper(4954): Could not find Context-only controller for pref: com.android.settings.applications.appinfo.AppStoragePreferenceController
12-05 11:35:34.929 V/ANDR-PERF-RESOURCEQS(999): Failed to apply optimization [2, 0]
12-05 11:35:34.929 V/ANDR-PERF-RESOURCEQS(999): Failed to apply optimization [2, 0]
12-05 11:35:34.929 D/PrefCtrlListHelper(4954): Could not find Context-only controller for pref: com.android.settings.applications.appinfo.InstantAppDomainsPreferenceController
12-05 11:35:34.930 D/PrefCtrlListHelper(4954): Could not find Context-only controller for pref: com.android.settings.applications.appinfo.AppDataUsagePreferenceController
12-05 11:35:34.931 D/PrefCtrlListHelper(4954): Could not find Context-only controller for pref: com.android.settings.applications.appinfo.ExtraAppInfoPreferenceController
12-05 11:35:34.932 D/PrefCtrlListHelper(4954): Could not find Context-only controller for pref: com.android.settings.applications.appinfo.TimeSpentInAppPreferenceController
12-05 11:35:34.932 D/PrefCtrlListHelper(4954): Could not find Context-only controller for pref: com.android.settings.applications.appinfo.AppOpenByDefaultPreferenceController
12-05 11:35:34.932 W/libc    (633): Access denied finding property "service.bootanim.exit"
12-05 11:35:34.934 D/PrefCtrlListHelper(4954): Could not find Context-only controller for pref: com.android.settings.applications.appinfo.AppHibernationPreferenceCategoryController
12-05 11:35:34.934 D/PrefCtrlListHelper(4954): Could not find Context-only controller for pref: com.android.settings.applications.appinfo.HibernationSwitchPreferenceController
12-05 11:35:34.935 D/PrefCtrlListHelper(4954): Could not find Context-only controller for pref: com.android.settings.applications.appinfo.AdvancedAppInfoPreferenceCategoryController
12-05 11:35:34.935 D/PrefCtrlListHelper(4954): Could not find Context-only controller for pref: com.android.settings.applications.appinfo.DrawOverlayDetailPreferenceController
12-05 11:35:34.936 D/PrefCtrlListHelper(4954): Could not find Context-only controller for pref: com.android.settings.applications.appinfo.WriteSystemSettingsPreferenceController
12-05 11:35:34.937 D/PrefCtrlListHelper(4954): Could not find Context-only controller for pref: com.android.settings.applications.specialaccess.pictureinpicture.PictureInPictureDetailPreferenceController
12-05 11:35:34.938 D/PrefCtrlListHelper(4954): Could not find Context-only controller for pref: com.android.settings.applications.appinfo.ExternalSourceDetailPreferenceController
12-05 11:35:34.938 D/PrefCtrlListHelper(4954): Could not find Context-only controller for pref: com.android.settings.applications.specialaccess.interactacrossprofiles.InteractAcrossProfilesDetailsPreferenceController
12-05 11:35:34.938 D/PrefCtrlListHelper(4954): Could not find Context-only controller for pref: com.android.settings.applications.appinfo.AlarmsAndRemindersDetailPreferenceController
12-05 11:35:34.939 D/PrefCtrlListHelper(4954): Could not find Context-only controller for pref: com.android.settings.applications.appinfo.AppInstallerPreferenceCategoryController
12-05 11:35:34.939 D/PrefCtrlListHelper(4954): Could not find Context-only controller for pref: com.android.settings.applications.appinfo.AppInstallerInfoPreferenceController
12-05 11:35:34.939 D/PrefCtrlListHelper(4954): Could not find Context-only controller for pref: com.android.settings.applications.appinfo.AppVersionPreferenceController
12-05 11:35:34.939 D/PrefCtrlListHelper(4954): Could not find Context-only controller for pref: com.android.settings.applications.appinfo.AppPackageNamePreferenceController
12-05 11:35:34.949 W/libc    (633): Access denied finding property "service.bootanim.exit"
12-05 11:35:34.965 W/InstrumentedPrefFrag(4954): Screen title missing for fragment com.android.settings.applications.appinfo.AppInfoDashboardFragment
12-05 11:35:34.965 W/libc    (633): Access denied finding property "service.bootanim.exit"
12-05 11:35:34.968 I/A       (4471): onApplyWindowInsets: systemWindowInsets=Insets{left=0, top=86, right=0, bottom=44}
12-05 11:35:34.969 I/A       (4471): onApplyWindowInsets: systemWindowInsets=Insets{left=0, top=86, right=0, bottom=44}
12-05 11:35:34.977 D/AppInfoDashboard(4954): NO dashboard tiles for AppInfoDashboard
12-05 11:35:34.977 D/AppInfoDashboard(4954): All preferences added, reporting fully drawn
12-05 11:35:34.979 D/SettingsActivity(4954): Executed frag manager pendingTransactions
12-05 11:35:34.980 W/libc    (633): Access denied finding property "service.bootanim.exit"
12-05 11:35:34.993 W/AppButtonsPrefCtl(4954): App is not explicitly stopped
12-05 11:35:34.994 D/SettingsActivity(4954): No enabled state changed, skipping updateCategory call
12-05 11:35:34.996 W/libc    (633): Access denied finding property "service.bootanim.exit"
12-05 11:35:35.012 I/netd    (821): trafficSwapActiveStatsMap() <0.37ms>
12-05 11:35:35.013 W/libc    (633): Access denied finding property "service.bootanim.exit"
12-05 11:35:35.016 I/netd    (821): tetherGetStats() -> {[]} <0.85ms>
12-05 11:35:35.030 W/libc    (633): Access denied finding property "service.bootanim.exit"
12-05 11:35:35.046 W/libc    (633): Access denied finding property "service.bootanim.exit"
12-05 11:35:35.054 D/IntervalStats(1704): Unable to parse usage stats packages: [118, 125, 129]
12-05 11:35:35.072 D/IntervalStats(1704): Unable to parse usage stats packages: [118, 125, 129]
12-05 11:35:35.087 D/IntervalStats(1704): Unable to parse usage stats packages: [118, 125, 129]
12-05 11:35:35.105 D/IntervalStats(1704): Unable to parse usage stats packages: [118, 125, 129]
12-05 11:35:35.122 W/libc    (633): Access denied finding property "service.bootanim.exit"
12-05 11:35:35.214 D/IntervalStats(1704): Unable to parse usage stats packages: [118, 125, 129]
12-05 11:35:35.227 D/IntervalStats(1704): Unable to parse usage stats packages: [118, 125, 129]
12-05 11:35:35.240 D/IntervalStats(1704): Unable to parse usage stats packages: [118, 125, 129]
12-05 11:35:35.254 D/IntervalStats(1704): Unable to parse usage stats packages: [118, 125, 129]
12-05 11:35:35.284 W/ActivityTaskManager(1704): Activity top resumed state loss timeout for ActivityRecord{c2f1779 u0 com.android.chrome/com.google.android.apps.chrome.Main t127}
12-05 11:35:35.301 W/AppButtonsPrefCtl(4954): App is not explicitly stopped
12-05 11:35:35.321 W/libc    (633): Access denied finding property "service.bootanim.exit"
12-05 11:35:35.416 W/HidlServiceManagement(14975): Waited one second for android.hardware.drm@1.4::IDrmFactory/clearkey
12-05 11:35:35.416 I/hwservicemanager(622): Since android.hardware.drm@1.4::IDrmFactory/clearkey is not registered, trying to start it as a lazy HAL.
12-05 11:35:35.416 I/HidlServiceManagement(14975): getService: Trying again for android.hardware.drm@1.4::IDrmFactory/clearkey...
12-05 11:35:35.418 I/init    (0): Control message: Processed ctl.interface_start for 'android.hardware.drm@1.4::IDrmFactory/clearkey' from pid: 622 (/system/bin/hwservicemanager)
12-05 11:35:35.422 D/StartingSurfaceDrawer(2537): Task start finish, remove starting surface for task 128
12-05 11:35:35.422 V/StartingSurfaceDrawer(2537): Removing splash screen window for task: 128
12-05 11:35:35.424 I/Role    (13564): com.android.chrome not qualified for android.app.role.HOME due to missing RequiredComponent{mIntentFilterData=IntentFilterData{mAction='android.intent.action.MAIN', mCategories='[android.intent.category.HOME]', mDataScheme='null', mDataType='null'}, mPermission='null'}
12-05 11:35:35.429 I/ActivityTaskManager(1704): Displayed com.android.settings/.applications.InstalledAppDetails: +620ms
12-05 11:35:35.429 I/ActivityTaskManager(1704): Fully drawn com.android.settings/.applications.InstalledAppDetails: +620ms
12-05 11:35:35.430 I/Role    (13564): com.android.chrome not qualified for android.app.role.DIALER due to missing RequiredComponent{mIntentFilterData=IntentFilterData{mAction='android.intent.action.DIAL', mCategories='[]', mDataScheme='null', mDataType='null'}, mPermission='null'}
12-05 11:35:35.432 I/Role    (13564): com.android.chrome not qualified for android.app.role.SMS due to missing RequiredComponent{mIntentFilterData=IntentFilterData{mAction='android.provider.Telephony.SMS_DELIVER', mCategories='[]', mDataScheme='null', mDataType='null'}, mPermission='android.permission.BROADCAST_SMS'}
12-05 11:35:35.441 W/libc    (633): Access denied finding property "service.bootanim.exit"
12-05 11:35:35.457 W/libc    (633): Access denied finding property "service.bootanim.exit"
12-05 11:35:35.459 I/GoogleInputMethodService(5083): GoogleInputMethodService.onFinishInput():3316 
12-05 11:35:35.460 I/GoogleInputMethodService(5083): GoogleInputMethodService.updateDeviceLockedStatus():2181 checkRepeatedly = false, unlocked = true
12-05 11:35:35.460 I/GoogleInputMethodService(5083): GoogleInputMethodService.onStartInput():1989 
12-05 11:35:35.463 I/GoogleInputMethodService(5083): GoogleInputMethodService.updateDeviceLockedStatus():2181 checkRepeatedly = true, unlocked = true
12-05 11:35:35.474 W/libc    (633): Access denied finding property "service.bootanim.exit"
12-05 11:35:35.482 I/ThermalEngine(1166): ACTION: CPU - Setting CPU[4] to 9
12-05 11:35:35.487 I/android.hardware.power-service-qti(944): Power setMode: 5 to: 0
12-05 11:35:35.491 W/libc    (633): Access denied finding property "service.bootanim.exit"
12-05 11:35:35.492 I/CPU5    (0): update max cpu_capacity 729
12-05 11:35:35.499 I/sensors-hal(970): batch:180, android.sensor.accelerometer/50, period=200000000, max_latency=2000000000
12-05 11:35:35.501 I/sensors-hal(970): batch:189, android.sensor.accelerometer/50, period=200000000, max_latency=2000000000 request completed
12-05 11:35:35.507 W/libc    (633): Access denied finding property "service.bootanim.exit"
12-05 11:35:35.525 W/libc    (633): Access denied finding property "service.bootanim.exit"
12-05 11:35:35.533 W/InputManager-JNI(1704): Input channel object '186e794 Splash Screen com.android.settings (client)' was disposed without first being removed with the input manager!
12-05 11:35:35.541 W/libc    (633): Access denied finding property "service.bootanim.exit"
12-05 11:35:35.541 V/ANDR-PERF-RESOURCEQS(999): Failed to apply optimization [2, 0]
12-05 11:35:35.541 V/ANDR-PERF-RESOURCEQS(999): Failed to apply optimization [2, 0]
12-05 11:35:35.573 W/libc    (633): Access denied finding property "service.bootanim.exit"
12-05 11:35:35.591 W/libc    (633): Access denied finding property "service.bootanim.exit"
12-05 11:35:35.608 W/libc    (633): Access denied finding property "service.bootanim.exit"
12-05 11:35:35.663 W/HidlServiceManagement(16938): Waited one second for android.hardware.secure_element@1.0::ISecureElement/eSE1
12-05 11:35:35.664 I/hwservicemanager(622): Since android.hardware.secure_element@1.0::ISecureElement/eSE1 is not registered, trying to start it as a lazy HAL.
12-05 11:35:35.665 I/HidlServiceManagement(16938): getService: Trying again for android.hardware.secure_element@1.0::ISecureElement/eSE1...
12-05 11:35:35.666 W/libc    (622): Unable to set property "ctl.interface_start" to "android.hardware.secure_element@1.0::ISecureElement/eSE1": error code: 0x20
12-05 11:35:35.666 I/hwservicemanager(622): Tried to start android.hardware.secure_element@1.0::ISecureElement/eSE1 as a lazy service, but was unable to. Usually this happens when a service is not installed, but if the service is intended to be used as a lazy service, then it may be configured incorrectly.
12-05 11:35:35.666 E/init    (0): Control message: Could not find 'android.hardware.secure_element@1.0::ISecureElement/eSE1' for ctl.interface_start from pid: 622 (/system/bin/hwservicemanager)
12-05 11:35:35.712 D/AppInfoDashboard(4954): Package change irrelevant, skipping
12-05 11:35:35.713 D/AppInfoDashboard(4954): Package change irrelevant, skipping
12-05 11:35:35.714 D/AppInfoDashboard(4954): Package change irrelevant, skipping
12-05 11:35:35.714 D/AppInfoDashboard(4954): Package change irrelevant, skipping
12-05 11:35:35.719 D/AppInfoDashboard(4954): Package change irrelevant, skipping
12-05 11:35:35.719 D/AppInfoDashboard(4954): Package change irrelevant, skipping
12-05 11:35:35.724 D/AppInfoDashboard(4954): Package change irrelevant, skipping
12-05 11:35:35.725 D/AppInfoDashboard(4954): Package change irrelevant, skipping
12-05 11:35:35.726 D/AppInfoDashboard(4954): Package change irrelevant, skipping
12-05 11:35:35.731 D/AppInfoDashboard(4954): Package change irrelevant, skipping
12-05 11:35:35.732 D/AppInfoDashboard(4954): Package change irrelevant, skipping
12-05 11:35:35.736 D/AppInfoDashboard(4954): Package change irrelevant, skipping
12-05 11:35:35.737 D/AppInfoDashboard(4954): Package change irrelevant, skipping
12-05 11:35:35.745 D/AppInfoDashboard(4954): Package change irrelevant, skipping
12-05 11:35:35.747 D/AppInfoDashboard(4954): Package change irrelevant, skipping
12-05 11:35:35.749 D/AppInfoDashboard(4954): Package change irrelevant, skipping
12-05 11:35:35.751 D/AppInfoDashboard(4954): Package change irrelevant, skipping
12-05 11:35:35.753 D/AppInfoDashboard(4954): Package change irrelevant, skipping
12-05 11:35:35.755 D/AppInfoDashboard(4954): Package change irrelevant, skipping
12-05 11:35:35.757 D/AppInfoDashboard(4954): Package change irrelevant, skipping
12-05 11:35:35.761 D/AppInfoDashboard(4954): Package change irrelevant, skipping
12-05 11:35:35.764 D/AppInfoDashboard(4954): Package change irrelevant, skipping
12-05 11:35:35.766 D/AppInfoDashboard(4954): Package change irrelevant, skipping
12-05 11:35:35.766 D/AppInfoDashboard(4954): Package change irrelevant, skipping
12-05 11:35:35.769 D/AppInfoDashboard(4954): Package change irrelevant, skipping
12-05 11:35:35.771 D/AppInfoDashboard(4954): Package change irrelevant, skipping
12-05 11:35:35.775 D/AppInfoDashboard(4954): Package change irrelevant, skipping
12-05 11:35:35.777 D/AppInfoDashboard(4954): Package change irrelevant, skipping
12-05 11:35:35.779 D/AppInfoDashboard(4954): Package change irrelevant, skipping
12-05 11:35:35.782 D/AppInfoDashboard(4954): Package change irrelevant, skipping
12-05 11:35:35.796 D/AppInfoDashboard(4954): Package change irrelevant, skipping
12-05 11:35:35.797 D/AppInfoDashboard(4954): Package change irrelevant, skipping
12-05 11:35:35.797 D/AppInfoDashboard(4954): Package change irrelevant, skipping
12-05 11:35:35.797 D/AppInfoDashboard(4954): Package change irrelevant, skipping
12-05 11:35:35.800 D/AppInfoDashboard(4954): Package change irrelevant, skipping
12-05 11:35:35.803 D/AppInfoDashboard(4954): Package change irrelevant, skipping
12-05 11:35:35.806 D/AppInfoDashboard(4954): Package change irrelevant, skipping
12-05 11:35:35.808 D/AppInfoDashboard(4954): Package change irrelevant, skipping
12-05 11:35:35.810 D/AppInfoDashboard(4954): Package change irrelevant, skipping
12-05 11:35:35.812 D/AppInfoDashboard(4954): Package change irrelevant, skipping
12-05 11:35:35.813 D/AppInfoDashboard(4954): Package change irrelevant, skipping
12-05 11:35:35.815 D/AppInfoDashboard(4954): Package change irrelevant, skipping
12-05 11:35:35.816 D/AppInfoDashboard(4954): Package change irrelevant, skipping
12-05 11:35:35.821 D/AppInfoDashboard(4954): Package change irrelevant, skipping
12-05 11:35:35.823 D/AppInfoDashboard(4954): Package change irrelevant, skipping
12-05 11:35:35.824 D/AppInfoDashboard(4954): Package change irrelevant, skipping
12-05 11:35:35.827 D/AppInfoDashboard(4954): Package change irrelevant, skipping
12-05 11:35:35.828 D/AppInfoDashboard(4954): Package change irrelevant, skipping
12-05 11:35:35.904 D/IntervalStats(1704): Unable to parse usage stats packages: [118, 125, 129]
12-05 11:35:35.894 W/HwBinder:633_2(633): type=1400 audit(0.0:6528): avc: denied { read } for name="u:object_r:bootanim_system_prop:s0" dev="tmpfs" ino=22652 scontext=u:r:hal_graphics_composer_default:s0 tcontext=u:object_r:bootanim_system_prop:s0 tclass=file permissive=0
12-05 11:35:35.906 W/libc    (633): Access denied finding property "service.bootanim.exit"
12-05 11:35:35.938 D/IntervalStats(1704): Unable to parse usage stats packages: [118, 125, 129]
