12-05 11:35:48.736 I/cr_LibraryLoader(17279): Successfully loaded native library
12-05 11:35:48.738 I/cr_CachingUmaRecorder(17279): Flushed 2 samples from 2 histograms.
12-05 11:35:48.740 I/ActivityManager(1704): dumpStackTraces pids=null nativepids=null
12-05 11:35:48.744 I/ActivityManager(1704): Dumping to /data/anr/anr_2021-12-05-11-35-48-743
12-05 11:35:48.745 I/ActivityManager(1704): Collecting stacks for pid 16938
12-05 11:35:48.745 W/system_server(1704): libdebuggerd_client: Failed to read "/proc/16938/task/16938/wchan": No such file or directory
12-05 11:35:48.745 W/system_server(1704): libdebuggerd_client: Failed to read "/proc/16938/task/16943/wchan": No such file or directory
12-05 11:35:48.745 W/system_server(1704): libdebuggerd_client: Failed to read "/proc/16938/task/16944/wchan": No such file or directory
12-05 11:35:48.745 W/system_server(1704): libdebuggerd_client: Failed to read "/proc/16938/task/16945/wchan": No such file or directory
12-05 11:35:48.745 W/system_server(1704): libdebuggerd_client: Failed to read "/proc/16938/task/16946/wchan": No such file or directory
12-05 11:35:48.745 W/system_server(1704): libdebuggerd_client: Failed to read "/proc/16938/task/16947/wchan": No such file or directory
12-05 11:35:48.745 W/system_server(1704): libdebuggerd_client: Failed to read "/proc/16938/task/16948/wchan": No such file or directory
12-05 11:35:48.745 W/system_server(1704): libdebuggerd_client: Failed to read "/proc/16938/task/16949/wchan": No such file or directory
12-05 11:35:48.746 W/system_server(1704): libdebuggerd_client: Failed to read "/proc/16938/task/16950/wchan": No such file or directory
12-05 11:35:48.746 W/system_server(1704): libdebuggerd_client: Failed to read "/proc/16938/task/16951/wchan": No such file or directory
12-05 11:35:48.746 W/system_server(1704): libdebuggerd_client: Failed to read "/proc/16938/task/16952/wchan": No such file or directory
12-05 11:35:48.746 W/system_server(1704): libdebuggerd_client: Failed to read "/proc/16938/task/16954/wchan": No such file or directory
12-05 11:35:48.746 W/system_server(1704): libdebuggerd_client: Failed to read "/proc/16938/task/16955/wchan": No such file or directory
12-05 11:35:48.746 W/system_server(1704): libdebuggerd_client: Failed to read "/proc/16938/task/16957/wchan": No such file or directory
12-05 11:35:48.746 I/system_server(1704): libdebuggerd_client: started dumping process 16938
12-05 11:35:48.747 I/tombstoned(733): registered intercept for pid 16938 and type kDebuggerdJavaBacktrace
12-05 11:35:48.747 I/com.android.se(16938): Thread[6,tid=16943,WaitingInMainSignalCatcherLoop,Thread*=0x7db369e200,peer=0x12e00580,"Signal Catcher"]: reacting to signal 3
12-05 11:35:48.747 I/com.android.se(16938): 
12-05 11:35:48.794 I/tombstoned(733): received crash request for pid 16938
12-05 11:35:48.794 I/tombstoned(733): found intercept fd 512 for pid 16938 and type kDebuggerdJavaBacktrace
12-05 11:35:48.795 W/tombstoned(733): missing output fd
12-05 11:35:48.795 I/com.android.se(16938): Wrote stack traces to tombstoned
12-05 11:35:48.802 I/system_server(1704): libdebuggerd_client: done dumping process 16938
12-05 11:35:48.811 I/ActivityManager(1704): Done dumping
12-05 11:35:48.815 E/ActivityManager(1704): ANR in com.android.se
12-05 11:35:48.815 E/ActivityManager(1704): PID: 16938
12-05 11:35:48.815 E/ActivityManager(1704): Reason: executing service com.android.se/.SecureElementService
12-05 11:35:48.815 E/ActivityManager(1704): ErrorId: 17a6f1df-e68c-43bc-9d19-2964cbfc0e81
12-05 11:35:48.815 E/ActivityManager(1704): Frozen: false
12-05 11:35:48.815 E/ActivityManager(1704): Load: 0.0 / 0.0 / 0.0
12-05 11:35:48.815 E/ActivityManager(1704): CPU usage from 8747ms to 0ms ago (2021-12-05 11:35:39.901 to 2021-12-05 11:35:48.649):
12-05 11:35:48.815 E/ActivityManager(1704):   38% 1704/system_server: 28% user + 10% kernel / faults: 37887 minor 1 major
12-05 11:35:48.815 E/ActivityManager(1704):   19% 631/surfaceflinger: 13% user + 6.7% kernel / faults: 125 minor
12-05 11:35:48.815 E/ActivityManager(1704):   15% 16218/com.pluscubed.matlog: 13% user + 2.7% kernel / faults: 14853 minor
12-05 11:35:48.815 E/ActivityManager(1704):   11% 2537/com.android.systemui: 8.7% user + 3% kernel / faults: 3093 minor 1 major
12-05 11:35:48.815 E/ActivityManager(1704):   6.8% 633/android.hardware.graphics.composer@2.3-service: 3.9% user + 2.8% kernel / faults: 12 minor
12-05 11:35:48.815 E/ActivityManager(1704):   5.5% 4009/com.android.launcher3: 4.4% user + 1.1% kernel / faults: 2067 minor
12-05 11:35:48.815 E/ActivityManager(1704):   4.8% 4954/com.android.settings: 3.3% user + 1.5% kernel / faults: 1939 minor
12-05 11:35:48.815 E/ActivityManager(1704):   4.3% 4399/com.android.vending: 3.7% user + 0.5% kernel / faults: 318 minor
12-05 11:35:48.815 E/ActivityManager(1704):   4.2% 3978/com.google.android.gms: 3.5% user + 0.6% kernel / faults: 5247 minor
12-05 11:35:48.815 E/ActivityManager(1704):   1.5% 1028/audioserver: 0% user + 1.5% kernel / faults: 67 minor 1 major
12-05 11:35:48.815 E/ActivityManager(1704):   1.3% 5820/org.telegram.messenger: 1.1% user + 0.1% kernel / faults: 2361 minor
12-05 11:35:48.815 E/ActivityManager(1704):   2.9% 4471/com.google.android.googlequicksearchbox:search: 2.2% user + 0.6% kernel / faults: 4967 minor
12-05 11:35:48.815 E/ActivityManager(1704):   2.7% 3751/com.google.android.gms.persistent: 1.9% user + 0.7% kernel / faults: 782 minor
12-05 11:35:48.815 E/ActivityManager(1704):   2.6% 875/kworker/u17:27: 0% user + 2.6% kernel
12-05 11:35:48.815 E/ActivityManager(1704):   2.2% 309/adreno_dispatch: 0% user + 2.2% kernel
12-05 11:35:48.815 E/ActivityManager(1704):   0.9% 941/android.hardware.audio.service: 0% user + 0.8% kernel / faults: 1 minor
12-05 11:35:48.815 E/ActivityManager(1704):   0.9% 1192/mediaserver: 0.5% user + 0.3% kernel / faults: 213 minor
12-05 11:35:48.815 E/ActivityManager(1704):   2.1% 17033/com.android.documentsui: 1.5% user + 0.5% kernel / faults: 2428 minor 16 major
12-05 11:35:48.815 E/ActivityManager(1704):   2% 619/logd: 1% user + 1% kernel / faults: 60 minor
12-05 11:35:48.815 E/ActivityManager(1704):   1.7% 263/crtc_commit:112: 0% user + 1.7% kernel
12-05 11:35:48.815 E/ActivityManager(1704):   1.5% 628/sugov:4: 0% user + 1.5% kernel
12-05 11:35:48.815 E/ActivityManager(1704):   1.5% 16424/kworker/u17:0: 0% user + 1.5% kernel
12-05 11:35:48.815 E/ActivityManager(1704):   1.4% 620/lmkd: 0.1% user + 1.3% kernel
12-05 11:35:48.815 E/ActivityManager(1704):   0.5% 1243/media.swcodec: 0.4% user + 0% kernel / faults: 188 minor
12-05 11:35:48.815 E/ActivityManager(1704):   1% 104/system: 0% user + 1% kernel
12-05 11:35:48.815 E/ActivityManager(1704):   1% 372/kworker/u16:7: 0% user + 1% kernel
12-05 11:35:48.815 E/ActivityManager(1704):   0% 15031/com.android.chrome_zygote: 0% user + 0% kernel / faults: 147 minor
12-05 11:35:48.815 E/ActivityManager(1704):   1% 16553/logcat: 0.4% user + 0.5% kernel
12-05 11:35:48.815 E/ActivityManager(1704):   0.7% 1182/installd: 0.2% user + 0.5% kernel / faults: 4 minor
12-05 11:35:48.815 E/ActivityManager(1704):   0.6% 1/init: 0.1% user + 0.5% kernel
12-05 11:35:48.815 E/ActivityManager(1704):   0.2% 4190/com.android.providers.media.module: 0.2% user + 0% kernel / faults: 1241 minor 2 major
12-05 11:35:48.815 E/ActivityManager(1704):   0.2% 5147/com.google.android.googlequicksearchbox:interactor: 0.2% user + 0% kernel / faults: 1245 minor
12-05 11:35:48.815 E/ActivityManager(1704):   0.2% 8580/com.google.android.gms.unstable: 0.2% user + 0% kernel / faults: 682 minor
12-05 11:35:48.815 E/ActivityManager(1704):   0.5% 371/kworker/u16:6: 0% user + 0.5% kernel
12-05 11:35:48.815 E/ActivityManager(1704):   0.5% 820/statsd: 0.5% user + 0% kernel / faults: 10 minor
12-05 11:35:48.815 E/ActivityManager(1704):   0% 823/zygote: 0% user + 0% kernel / faults: 86 minor
12-05 11:35:48.815 E/ActivityManager(1704):   0.2% 1544/kworker/u16:8: 0% user + 0.2% kernel
12-05 11:35:48.815 E/ActivityManager(1704):   0.1% 86/lpass_smem_glin: 0% user + 0.1% kernel
12-05 11:35:48.815 E/ActivityManager(1704):   0.4% 264/crtc_event:112: 0% user + 0.4% kernel
12-05 11:35:48.815 E/ActivityManager(1704):   0.4% 621/servicemanager: 0.3% user + 0.1% kernel
12-05 11:35:48.815 E/ActivityManager(1704):   0.1% 821/netd: 0% user + 0% kernel / faults: 132 minor 1 major
12-05 11:35:48.815 E/ActivityManager(1704):   0.4% 822/zygote64: 0% user + 0.4% kernel / faults: 80 minor
12-05 11:35:48.815 E/ActivityManager(1704):   0.4% 999/vendor.qti.hardware.perf@2.0-service: 0% user + 0.4% kernel / faults: 51 minor
12-05 11:35:48.815 E/ActivityManager(1704):   0.4% 2512/cds_ol_rx_threa: 0% user + 0.4% kernel
12-05 11:35:48.815 E/ActivityManager(1704):   0.3% 7/rcu_preempt: 0% user + 0.3% kernel
12-05 11:35:48.815 E/ActivityManager(1704):   0.3% 373/irq/287-NVT-ts: 0% user + 0.3% kernel
12-05 11:35:48.815 E/ActivityManager(1704):   0.3% 622/hwservicemanager: 0.1% user + 0.2% kernel / faults: 24 minor
12-05 11:35:48.815 E/ActivityManager(1704):   0.3% 634/vendor.qti.hardware.display.allocator@1.0-service: 0% user + 0.3% kernel / faults: 104 minor
12-05 11:35:48.815 E/ActivityManager(1704):   0.3% 5083/com.google.android.inputmethod.latin: 0.2% user + 0.1% kernel / faults: 166 minor
12-05 11:35:48.815 E/ActivityManager(1704):   0.3% 9332/com.facebook.lite:fbns: 0.2% user + 0.1% kernel / faults: 195 minor 1 major
12-05 11:35:48.815 E/ActivityManager(1704):   0.3% 9755/com.google.android.apps.docs: 0.1% user + 0.2% kernel / faults: 40 minor
12-05 11:35:48.815 E/ActivityManager(1704):   0.3% 13564/com.android.permissioncontroller: 0.3% user + 0% kernel / faults: 108 minor
12-05 11:35:48.815 E/ActivityManager(1704):   0.1% 14038/com.android.webview:sandboxed_process0:org.chromium.content.app.SandboxedProcessService0:0: 0% user + 0% kernel / faults: 176 minor
12-05 11:35:48.815 E/ActivityManager(1704):   0.2% 10/rcuop/0: 0% user + 0.2% kernel
12-05 11:35:48.815 E/ActivityManager(1704):   0% 85/smem_native_lpa: 0% user + 0% kernel
12-05 11:35:48.815 E/ActivityManager(1704):   0.2% 552/ueventd: 0.2% user + 0% kernel
12-05 11:35:48.815 E/ActivityManager(1704):   0.2% 627/sugov:0: 0% user + 0.2% kernel
12-05 11:35:48.815 E/ActivityManager(1704):   0.2% 955/android.hardware.health@2.1-service: 0% user + 0.2% kernel
12-05 11:35:48.815 E/ActivityManager(1704):   0.2% 970/android.hardware.sensors@1.0-service: 0.1% user + 0.1% kernel
12-05 11:35:48.815 E/ActivityManager(1704):   0% 2924/com.android.phone: 0% user + 0% kernel / faults: 39 minor
12-05 11:35:48.815 E/ActivityManager(1704):   0% 5502/com.mgoogle.android.gms: 0% user + 0% kernel / faults: 204 minor
12-05 11:35:48.815 E/ActivityManager(1704):   0.2% 10995/com.instagram.android: 0.1% user + 0.1% kernel / faults: 15 minor
12-05 11:35:48.815 E/ActivityManager(1704):   0% 8/rcu_sched: 0% user + 0% kernel
12-05 11:35:48.815 E/ActivityManager(1704):   0.1% 21/rcuop/1: 0.1% user + 0% kernel
12-05 11:35:48.815 E/ActivityManager(1704):   0.1% 29/rcuop/2: 0% user + 0.1% kernel
12-05 11:35:48.815 E/ActivityManager(1704):   0.1% 37/rcuop/3: 0% user + 0.1% kernel
12-05 11:35:48.815 E/ActivityManager(1704):   0.1% 61/rcuop/6: 0% user + 0.1% kernel
12-05 11:35:48.815 E/ActivityManager(1704):   0% 62/rcuos/6: 0% user + 0% kernel
12-05 11:35:48.815 E/ActivityManager(1704):   0% 74/kworker/0:1: 0% user + 0% kernel
12-05 11:35:48.815 E/ActivityManager(1704):   0% 113/kworker/1:2: 0% user + 0% kernel
12-05 11:35:48.815 E/ActivityManager(1704):   0.1% 205/IPCRTR_dsps_sme: 0% user + 0.1% kernel
12-05 11:35:48.815 E/ActivityManager(1704):   0% 414/kworker/0:2: 0% user + 0% kernel
12-05 11:35:48.815 E/ActivityManager(1704):   0% 611/kworker/6:1H: 0% user + 0% kernel
12-05 11:35:48.815 E/ActivityManager(1704):   0% 685/android.system.suspend@1.0-service: 0% user + 0% kernel
12-05 11:35:48.815 E/ActivityManager(1704):   0% 836/iptables-restore: 0% user + 0% kernel
12-05 11:35:48.815 E/ActivityManager(1704):   0.1% 944/android.hardware.power-service-qti: 0% user + 0.1% kernel
12-05 11:35:48.815 E/ActivityManager(1704):   0% 1160/traced: 0% user + 0% kernel / faults: 18 minor
12-05 11:35:48.815 E/ActivityManager(1704):   0.1% 1166/thermal-engine: 0% user + 0.1% kernel
12-05 11:35:48.815 E/ActivityManager(1704):   0% 1168/cameraserver: 0% user + 0% kernel / faults: 5 minor
12-05 11:35:48.815 E/ActivityManager(1704):   0% 1186/media.extractor: 0% user + 0% kernel / faults: 48 minor
12-05 11:35:48.815 E/ActivityManager(1704):   0% 1189/media.metrics: 0% user + 0% kernel / faults: 30 minor
12-05 11:35:48.815 E/ActivityManager(1704):   0.1% 1356/msm_irqbalance: 0% user + 0.1% kernel
12-05 11:35:48.815 E/ActivityManager(1704):   0.1% 2772/com.android.networkstack.process: 0% user + 0.1% kernel / faults: 51 minor
12-05 11:35:48.815 E/ActivityManager(1704):   0% 3799/android.process.acore: 0% user + 0% kernel
12-05 11:35:48.815 E/ActivityManager(1704):   0.1% 3948/irq/16-1436400.: 0% user + 0.1% kernel
12-05 11:35:48.815 E/ActivityManager(1704):   0% 3953/irq/17-114a000.: 0% user + 0% kernel
12-05 11:35:48.815 E/ActivityManager(1704):   0% 4100/com.google.process.gservices: 0% user + 0% kernel / faults: 10 minor
12-05 11:35:48.815 E/ActivityManager(1704):   0% 4117/android.ext.services: 0% user + 0% kernel / faults: 103 minor 11 major
12-05 11:35:48.815 E/ActivityManager(1704):   0.1% 4140/adbd: 0.1% user + 0% kernel
12-05 11:35:48.815 E/ActivityManager(1704):   0.1% 4167/org.lineageos.settings: 0% user + 0.1% kernel / faults: 33 minor
12-05 11:35:48.815 E/ActivityManager(1704):   0% 4226/com.jaga.ibraceletplus.keepfit: 0% user + 0% kernel / faults: 41 minor
12-05 11:35:48.815 E/ActivityManager(1704):   0.1% 4661/kworker/1:2H: 0.1% user + 0% kernel
12-05 11:35:48.815 E/ActivityManager(1704):   0% 5224/com.google.android.apps.photos: 0% user + 0% kernel / faults: 17 minor
12-05 11:35:48.815 E/ActivityManager(1704):   0.1% 5588/com.whatsapp: 0.1% user + 0% kernel / faults: 3 minor
12-05 11:35:48.815 E/ActivityManager(1704):   0% 10660/com.mgoogle.android.gms:persistent: 0% user + 0% kernel / faults: 13 minor
12-05 11:35:48.815 E/ActivityManager(1704):   0% 11280/com.instagram.android:mqtt: 0% user + 0% kernel
12-05 11:35:48.815 E/ActivityManager(1704):   0.1% 12030/com.vanced.android.apps.youtube.music: 0.1% user + 0% kernel / faults: 2 minor
12-05 11:35:48.815 E/ActivityManager(1704):   0% 12374/com.android.vending:instant_app_installer: 0% user + 0% kernel / faults: 2 minor
12-05 11:35:48.815 E/ActivityManager(1704):   0.1% 14143/kworker/0:2H: 0% user + 0.1% kernel
12-05 11:35:48.815 E/ActivityManager(1704):   0% 16602/kworker/2:4: 0% user + 0% kernel
12-05 11:35:48.815 E/ActivityManager(1704):  +0% 17064/com.android.externalstorage: 0% user + 0% kernel
12-05 11:35:48.815 E/ActivityManager(1704):  +0% 17096/com.adobe.scan.android: 0% user + 0% kernel
12-05 11:35:48.815 E/ActivityManager(1704):  +0% 17221/com.android.chrome: 0% user + 0% kernel
12-05 11:35:48.815 E/ActivityManager(1704):  +0% 17279/com.android.chrome:sandboxed_process0:org.chromium.content.app.SandboxedProcessService0:0: 0% user + 0% kernel
12-05 11:35:48.815 E/ActivityManager(1704):  +0% 17310/com.android.chrome:privileged_process0: 0% user + 0% kernel
12-05 11:35:48.815 E/ActivityManager(1704): 31% TOTAL: 18% user + 11% kernel + 0.2% iowait + 0.8% irq + 0.3% softirq
12-05 11:35:48.815 E/ActivityManager(1704): CPU usage from 453078ms to 453078ms ago (1969-12-31 19:00:00.000 to 1969-12-31 19:00:00.000) with 0% awake:
12-05 11:35:48.815 E/ActivityManager(1704): 0% TOTAL: 0% user + 0% kernel
12-05 11:35:48.822 I/DropBoxManagerService(1704): add tag=system_app_anr isTagEnabled=true flags=0x6
12-05 11:35:48.822 D/CompatibilityChangeReporter(1704): Compat change id reported: 135634846; UID 10143; state: DISABLED
12-05 11:35:48.822 D/CompatibilityChangeReporter(1704): Compat change id reported: 143937733; UID 10143; state: ENABLED
12-05 11:35:48.831 I/ActivityManager(1704): Killing 16938:com.android.se/1068 (adj -800): bg anr
12-05 11:35:48.832 D/ActivityManager(1704): Completed ANR of com.android.se in 183ms, latency 0ms
12-05 11:35:48.844 W/BroadcastQueue(1704): Background execution not allowed: receiving Intent { act=android.intent.action.DROPBOX_ENTRY_ADDED flg=0x10 (has extras) } to com.google.android.gms/.stats.service.DropBoxEntryAddedReceiver
12-05 11:35:48.844 W/BroadcastQueue(1704): Background execution not allowed: receiving Intent { act=android.intent.action.DROPBOX_ENTRY_ADDED flg=0x10 (has extras) } to com.google.android.gms/.chimera.GmsIntentOperationService$PersistentTrustedReceiver
12-05 11:35:48.849 D/Zygote  (15031): Forked child process 17424
12-05 11:35:48.852 I/ActivityManager(1704): Start proc 17424:com.android.chrome:sandboxed_process0:org.chromium.content.app.SandboxedProcessService0:3/u0ai27 for  {com.android.chrome/org.chromium.content.app.SandboxedProcessService0:3}
12-05 11:35:48.854 I/cr_tabmodel(17221): Appending tabs being restored to metadata lists, 0, startingNormalCount: 1, startingIncognitoCount: 0
12-05 11:35:48.855 I/cr_tabmodel(17221): Serializing tab lists; counts: 1, 0
12-05 11:35:48.880 I/binder  (0): 17424:17424 ioctl 40046210 ffad84a8 returned -22
12-05 11:35:48.880 D/ProcessState(17424): Binder ioctl to enable oneway spam detection failed: Invalid argument
12-05 11:35:48.881 I/adbd    (4140): jdwp connection from 17424
12-05 11:35:48.885 D/Zygote  (15031): Forked child process 17440
12-05 11:35:48.887 W/ActivityManager(1704): Slow operation: 52ms so far, now at startProcess: returned from zygote!
12-05 11:35:48.901 W/ActivityManager(1704): Slow operation: 66ms so far, now at startProcess: done updating battery stats
12-05 11:35:48.901 W/ActivityManager(1704): Slow operation: 66ms so far, now at startProcess: building log message
12-05 11:35:48.901 I/ActivityManager(1704): Start proc 17440:com.android.chrome:sandboxed_process0:org.chromium.content.app.SandboxedProcessService0:4/u0ai28 for  {com.android.chrome/org.chromium.content.app.SandboxedProcessService0:4}
12-05 11:35:48.903 I/PlayCore(17221): UID: [10143]  PID: [17221] SplitInstallService : deferredInstall([image_editor])
12-05 11:35:48.903 W/ActivityManager(1704): Slow operation: 69ms so far, now at startProcess: starting to update pids map
12-05 11:35:48.904 W/ActivityManager(1704): Slow operation: 69ms so far, now at startProcess: done updating pids map
12-05 11:35:48.904 W/ActivityManager(1704): Slow operation: 63ms so far, now at startProcess: asking zygote to start proc
12-05 11:35:48.905 D/CompatibilityChangeReporter(1704): Compat change id reported: 143937733; UID 10143; state: ENABLED
12-05 11:35:48.905 D/ProcessState(17440): Binder ioctl to enable oneway spam detection failed: Invalid argument
12-05 11:35:48.906 I/PlayCore(17221): UID: [10143]  PID: [17221] SplitInstallService : Initiate binding to the service.
12-05 11:35:48.905 I/binder  (0): 17440:17440 ioctl 40046210 ffad84a8 returned -22
12-05 11:35:48.913 W/ActivityManager(1704): Missing app error report, app = com.android.se crashing = false notResponding = true
12-05 11:35:48.914 I/adbd    (4140): jdwp connection from 17440
12-05 11:35:48.919 I/Finsky  (4399): [2] wha.a(1): Connecting InstallListener to SplitInstallService broadcaster...
12-05 11:35:48.921 D/CompatibilityChangeReporter(1704): Compat change id reported: 135634846; UID 10143; state: DISABLED
12-05 11:35:48.921 D/CompatibilityChangeReporter(17424): Compat change id reported: 171979766; UID 90027; state: ENABLED
12-05 11:35:48.938 D/Zygote  (15031): Forked child process 17459
12-05 11:35:48.940 D/CompatibilityChangeReporter(1704): Compat change id reported: 135634846; UID 10143; state: DISABLED
12-05 11:35:48.940 W/ActivityManager(1704): Slow operation: 98ms so far, now at startProcess: returned from zygote!
12-05 11:35:48.941 D/CompatibilityChangeReporter(17440): Compat change id reported: 171979766; UID 90028; state: ENABLED
12-05 11:35:48.943 W/ActivityManager(1704): Slow operation: 102ms so far, now at startProcess: done updating battery stats
12-05 11:35:48.943 W/ActivityManager(1704): Slow operation: 102ms so far, now at startProcess: building log message
12-05 11:35:48.943 I/ActivityManager(1704): Start proc 17459:com.android.chrome:sandboxed_process0:org.chromium.content.app.SandboxedProcessService0:5/u0ai29 for  {com.android.chrome/org.chromium.content.app.SandboxedProcessService0:5}
12-05 11:35:48.944 W/ActivityManager(1704): Slow operation: 102ms so far, now at startProcess: starting to update pids map
12-05 11:35:48.944 W/ActivityManager(1704): Slow operation: 102ms so far, now at startProcess: done updating pids map
12-05 11:35:48.944 W/ActivityManager(1704): Slow operation: 84ms so far, now at startProcess: asking zygote to start proc
12-05 11:35:48.944 D/CompatibilityChangeReporter(1704): Compat change id reported: 143937733; UID 10143; state: ENABLED
12-05 11:35:48.958 I/cr_VrCoreVersionChecker(17221): Unable to find VrCore.
12-05 11:35:48.965 D/NetworkSecurityConfig(17440): Using Network Security Config from resource 0_resource_name_obfuscated debugBuild: false
12-05 11:35:48.966 I/ActivityManager(1704): Process com.android.se (pid 16938) has died: pers PER 
12-05 11:35:48.968 D/NetworkSecurityConfig(17440): Using Network Security Config from resource 0_resource_name_obfuscated debugBuild: false
12-05 11:35:48.968 D/NetworkSecurityConfig(17424): Using Network Security Config from resource 0_resource_name_obfuscated debugBuild: false
12-05 11:35:48.968 W/ActivityManager(1704): Scheduling restart of crashed service com.android.se/.SecureElementService in 0ms for persistent
12-05 11:35:48.969 W/ActivityManager(1704): Re-adding persistent process ProcessRecord{655718a 16938:com.android.se/1068}
12-05 11:35:48.969 D/NetworkSecurityConfig(17424): Using Network Security Config from resource 0_resource_name_obfuscated debugBuild: false
12-05 11:35:48.970 I/cr_SplitCompatApp(17424): Launched version=96.0.4664.45 minSdkVersion=29 isBundle=true processName=com.android.chrome:sandboxed_process0:org.chromium.content.app.SandboxedProcessService0:3 isIsolated=true
12-05 11:35:48.970 I/Zygote  (822): Process 16938 exited due to signal 9 (Killed)
12-05 11:35:48.971 I/cr_SplitCompatApp(17440): Launched version=96.0.4664.45 minSdkVersion=29 isBundle=true processName=com.android.chrome:sandboxed_process0:org.chromium.content.app.SandboxedProcessService0:4 isIsolated=true
12-05 11:35:48.972 D/CompatibilityChangeReporter(1704): Compat change id reported: 135634846; UID 1068; state: DISABLED
12-05 11:35:48.975 D/ProcessState(17459): Binder ioctl to enable oneway spam detection failed: Invalid argument
12-05 11:35:48.975 I/binder  (0): 17459:17459 ioctl 40046210 ffad84a8 returned -22
12-05 11:35:48.978 I/adbd    (4140): jdwp connection from 17459
12-05 11:35:48.979 D/Zygote  (15031): Forked child process 17466
12-05 11:35:48.980 W/ActivityManager(1704): Slow operation: 120ms so far, now at startProcess: returned from zygote!
12-05 11:35:48.980 W/SystemServiceRegistry(17424): No service published for: uimode
12-05 11:35:48.981 W/ActivityManager(1704): Slow operation: 121ms so far, now at startProcess: done updating battery stats
12-05 11:35:48.981 W/ActivityManager(1704): Slow operation: 121ms so far, now at startProcess: building log message
12-05 11:35:48.981 I/ActivityManager(1704): Start proc 17466:com.android.chrome:sandboxed_process0:org.chromium.content.app.SandboxedProcessService0:6/u0ai30 for  {com.android.chrome/org.chromium.content.app.SandboxedProcessService0:6}
12-05 11:35:48.981 W/ActivityManager(1704): Slow operation: 121ms so far, now at startProcess: starting to update pids map
12-05 11:35:48.981 W/ActivityManager(1704): Slow operation: 121ms so far, now at startProcess: done updating pids map
12-05 11:35:48.981 W/ActivityManager(1704): Slow operation: 92ms so far, now at startProcess: asking zygote to start proc
12-05 11:35:48.984 I/cr_ChildProcessService(17424): Creating new ChildProcessService pid=17424
12-05 11:35:48.991 W/SystemServiceRegistry(17440): No service published for: uimode
12-05 11:35:48.991 I/libprocessgroup(1704): Successfully killed process cgroup uid 1068 pid 16938 in 159ms
12-05 11:35:48.992 I/libprocessgroup(1704): Successfully killed process cgroup uid 1068 pid 16938 in 0ms
12-05 11:35:48.998 E/SELinux (621): avc:  denied  { find } for pid=17424 uid=90027 name=content_capture scontext=u:r:isolated_app:s0:c512,c768 tcontext=u:object_r:content_capture_service:s0 tclass=service_manager permissive=0
12-05 11:35:49.005 I/cr_ChildProcessService(17440): Creating new ChildProcessService pid=17440
12-05 11:35:49.005 D/Zygote  (15031): Forked child process 17486
12-05 11:35:49.006 W/ActivityManager(1704): Slow operation: 117ms so far, now at startProcess: returned from zygote!
12-05 11:35:49.006 I/adbd    (4140): jdwp connection from 17466
12-05 11:35:49.006 D/ProcessState(17466): Binder ioctl to enable oneway spam detection failed: Invalid argument
12-05 11:35:49.009 I/cr_LibraryLoader(17424): Using linker: org.chromium.base.library_loader.ModernLinker
12-05 11:35:49.006 I/binder  (0): 17466:17466 ioctl 40046210 ffad84a8 returned -22
12-05 11:35:49.013 E/cr_ChromiumAndroidLinker(17424): ReserveAddressWithHint: Address range starting at 0xbb581000 was not free to use
12-05 11:35:49.014 W/ActivityManager(1704): Slow operation: 125ms so far, now at startProcess: done updating battery stats
12-05 11:35:49.014 W/ActivityManager(1704): Slow operation: 126ms so far, now at startProcess: building log message
12-05 11:35:49.014 I/ActivityManager(1704): Start proc 17486:com.android.chrome:sandboxed_process0:org.chromium.content.app.SandboxedProcessService0:7/u0ai31 for  {com.android.chrome/org.chromium.content.app.SandboxedProcessService0:7}
12-05 11:35:49.014 W/ActivityManager(1704): Slow operation: 126ms so far, now at startProcess: starting to update pids map
12-05 11:35:49.014 W/ActivityManager(1704): Slow operation: 126ms so far, now at startProcess: done updating pids map
12-05 11:35:49.014 W/ActivityManager(1704): Slow operation: 93ms so far, now at startProcess: asking zygote to start proc
12-05 11:35:49.014 D/CompatibilityChangeReporter(17459): Compat change id reported: 171979766; UID 90029; state: ENABLED
12-05 11:35:49.015 D/CompatibilityChangeReporter(1704): Compat change id reported: 143937733; UID 10143; state: ENABLED
12-05 11:35:49.019 D/ProcessState(17486): Binder ioctl to enable oneway spam detection failed: Invalid argument
12-05 11:35:49.020 E/SELinux (621): avc:  denied  { find } for pid=17440 uid=90028 name=content_capture scontext=u:r:isolated_app:s0:c512,c768 tcontext=u:object_r:content_capture_service:s0 tclass=service_manager permissive=0
12-05 11:35:49.019 I/binder  (0): 17486:17486 ioctl 40046210 ffad84a8 returned -22
12-05 11:35:49.025 I/adbd    (4140): jdwp connection from 17486
12-05 11:35:49.031 I/cr_LibraryLoader(17440): Using linker: org.chromium.base.library_loader.ModernLinker
12-05 11:35:49.039 E/cr_ChromiumAndroidLinker(17440): ReserveAddressWithHint: Address range starting at 0xbb581000 was not free to use
12-05 11:35:49.041 I/cr_LibraryLoader(17424): Successfully loaded native library
12-05 11:35:49.042 I/Choreographer(17221): Skipped 36 frames!  The application may be doing too much work on its main thread.
12-05 11:35:49.047 D/NetworkSecurityConfig(17459): Using Network Security Config from resource 0_resource_name_obfuscated debugBuild: false
12-05 11:35:49.048 D/CompatibilityChangeReporter(17486): Compat change id reported: 171979766; UID 90031; state: ENABLED
12-05 11:35:49.048 D/NetworkSecurityConfig(17459): Using Network Security Config from resource 0_resource_name_obfuscated debugBuild: false
12-05 11:35:49.051 I/cr_CachingUmaRecorder(17424): Flushed 2 samples from 2 histograms.
12-05 11:35:49.052 I/cr_SplitCompatApp(17459): Launched version=96.0.4664.45 minSdkVersion=29 isBundle=true processName=com.android.chrome:sandboxed_process0:org.chromium.content.app.SandboxedProcessService0:5 isIsolated=true
12-05 11:35:49.055 D/Zygote  (15031): Forked child process 17506
12-05 11:35:49.056 I/cr_LibraryLoader(17440): Successfully loaded native library
12-05 11:35:49.057 W/ActivityManager(1704): Slow operation: 135ms so far, now at startProcess: returned from zygote!
12-05 11:35:49.057 I/cr_CachingUmaRecorder(17440): Flushed 2 samples from 2 histograms.
12-05 11:35:49.063 W/ActivityManager(1704): Slow operation: 142ms so far, now at startProcess: done updating battery stats
12-05 11:35:49.063 W/ActivityManager(1704): Slow operation: 142ms so far, now at startProcess: building log message
12-05 11:35:49.063 I/ActivityManager(1704): Start proc 17506:com.android.chrome:sandboxed_process0:org.chromium.content.app.SandboxedProcessService0:8/u0ai32 for  {com.android.chrome/org.chromium.content.app.SandboxedProcessService0:8}
12-05 11:35:49.063 W/ActivityManager(1704): Slow operation: 142ms so far, now at startProcess: starting to update pids map
12-05 11:35:49.064 W/ActivityManager(1704): Slow operation: 142ms so far, now at startProcess: done updating pids map
12-05 11:35:49.064 W/ActivityManager(1704): Slow operation: 124ms so far, now at startProcess: asking zygote to start proc
12-05 11:35:49.064 D/CompatibilityChangeReporter(1704): Compat change id reported: 143937733; UID 10143; state: ENABLED
12-05 11:35:49.064 D/BoundBrokerSvc(3751): onUnbind: Intent { act=com.google.android.gms.clearcut.service.START pkg=com.google.android.gms }
12-05 11:35:49.078 D/CompatibilityChangeReporter(17466): Compat change id reported: 171979766; UID 90030; state: ENABLED
12-05 11:35:49.082 D/ProcessState(17506): Binder ioctl to enable oneway spam detection failed: Invalid argument
12-05 11:35:49.086 I/adbd    (4140): jdwp connection from 17506
12-05 11:35:49.086 W/SystemServiceRegistry(17459): No service published for: uimode
12-05 11:35:49.090 I/cr_ChildProcessService(17459): Creating new ChildProcessService pid=17459
12-05 11:35:49.082 I/binder  (0): 17506:17506 ioctl 40046210 ffad84a8 returned -22
12-05 11:35:49.093 D/Zygote  (15031): Forked child process 17528
12-05 11:35:49.096 W/ActivityManager(1704): Slow operation: 156ms so far, now at startProcess: returned from zygote!
12-05 11:35:49.097 W/ActivityManager(1704): Slow operation: 158ms so far, now at startProcess: done updating battery stats
12-05 11:35:49.097 W/ActivityManager(1704): Slow operation: 158ms so far, now at startProcess: building log message
12-05 11:35:49.097 I/ActivityManager(1704): Start proc 17528:com.android.chrome:sandboxed_process0:org.chromium.content.app.SandboxedProcessService0:9/u0ai33 for  {com.android.chrome/org.chromium.content.app.SandboxedProcessService0:9}
12-05 11:35:49.097 W/ActivityManager(1704): Slow operation: 158ms so far, now at startProcess: starting to update pids map
12-05 11:35:49.098 W/ActivityManager(1704): Slow operation: 158ms so far, now at startProcess: done updating pids map
12-05 11:35:49.098 W/ActivityManager(1704): Slow operation: 146ms so far, now at startProcess: asking zygote to start proc
12-05 11:35:49.098 D/CompatibilityChangeReporter(1704): Compat change id reported: 143937733; UID 10143; state: ENABLED
12-05 11:35:49.101 D/CompatibilityChangeReporter(17506): Compat change id reported: 171979766; UID 90032; state: ENABLED
12-05 11:35:49.103 E/SELinux (621): avc:  denied  { find } for pid=17459 uid=90029 name=content_capture scontext=u:r:isolated_app:s0:c512,c768 tcontext=u:object_r:content_capture_service:s0 tclass=service_manager permissive=0
12-05 11:35:49.106 I/cr_LibraryLoader(17459): Using linker: org.chromium.base.library_loader.ModernLinker
12-05 11:35:49.107 D/NetworkSecurityConfig(17486): Using Network Security Config from resource 0_resource_name_obfuscated debugBuild: false
12-05 11:35:49.109 E/cr_ChromiumAndroidLinker(17459): ReserveAddressWithHint: Address range starting at 0xbb581000 was not free to use
12-05 11:35:49.109 D/NetworkSecurityConfig(17486): Using Network Security Config from resource 0_resource_name_obfuscated debugBuild: false
12-05 11:35:49.111 I/cr_SplitCompatApp(17486): Launched version=96.0.4664.45 minSdkVersion=29 isBundle=true processName=com.android.chrome:sandboxed_process0:org.chromium.content.app.SandboxedProcessService0:7 isIsolated=true
12-05 11:35:49.114 I/chromium(17424): [INFO:child_process_service.cc(69)] ChildProcessService: Exiting child process.
12-05 11:35:49.116 I/cr_LibraryLoader(17459): Successfully loaded native library
12-05 11:35:49.117 I/cr_CachingUmaRecorder(17459): Flushed 2 samples from 2 histograms.
12-05 11:35:49.122 I/ActivityManager(1704): Killing 17424:com.android.chrome:sandboxed_process0:org.chromium.content.app.SandboxedProcessService0:3/u0a143i-8973 (adj 0): isolated not needed
12-05 11:35:49.126 D/NetworkSecurityConfig(17466): Using Network Security Config from resource 0_resource_name_obfuscated debugBuild: false
12-05 11:35:49.126 E/cr_CompositorSurfaceMgr(17221): surfaceCreated format : 0
12-05 11:35:49.127 W/SystemServiceRegistry(17486): No service published for: uimode
12-05 11:35:49.127 D/NetworkSecurityConfig(17466): Using Network Security Config from resource 0_resource_name_obfuscated debugBuild: false
12-05 11:35:49.128 I/chromium(17440): [INFO:child_process_service.cc(69)] ChildProcessService: Exiting child process.
12-05 11:35:49.130 I/cr_SplitCompatApp(17466): Launched version=96.0.4664.45 minSdkVersion=29 isBundle=true processName=com.android.chrome:sandboxed_process0:org.chromium.content.app.SandboxedProcessService0:6 isIsolated=true
12-05 11:35:49.132 D/ProcessState(17528): Binder ioctl to enable oneway spam detection failed: Invalid argument
12-05 11:35:49.133 I/ActivityManager(1704): Killing 17440:com.android.chrome:sandboxed_process0:org.chromium.content.app.SandboxedProcessService0:4/u0a143i-8972 (adj 0): isolated not needed
12-05 11:35:49.132 I/binder  (0): 17528:17528 ioctl 40046210 ffad84a8 returned -22
12-05 11:35:49.135 I/adbd    (4140): jdwp connection from 17528
12-05 11:35:49.136 D/NetworkSecurityConfig(17506): Using Network Security Config from resource 0_resource_name_obfuscated debugBuild: false
12-05 11:35:49.138 W/audit   (0): audit_lost=4615 audit_rate_limit=5 audit_backlog_limit=64
12-05 11:35:49.138 E/audit   (0): rate limit exceeded
12-05 11:35:49.138 W/libc    (633): Access denied finding property "service.bootanim.exit"
12-05 11:35:49.138 D/NetworkSecurityConfig(17506): Using Network Security Config from resource 0_resource_name_obfuscated debugBuild: false
12-05 11:35:49.139 W/SystemServiceRegistry(17466): No service published for: uimode
12-05 11:35:49.141 I/cr_SplitCompatApp(17506): Launched version=96.0.4664.45 minSdkVersion=29 isBundle=true processName=com.android.chrome:sandboxed_process0:org.chromium.content.app.SandboxedProcessService0:8 isIsolated=true
12-05 11:35:49.152 W/SystemServiceRegistry(17506): No service published for: uimode
12-05 11:35:49.153 I/cr_ChildProcessService(17466): Creating new ChildProcessService pid=17466
12-05 11:35:49.153 D/CompatibilityChangeReporter(17528): Compat change id reported: 171979766; UID 90033; state: ENABLED
12-05 11:35:49.164 E/SELinux (621): avc:  denied  { find } for pid=17466 uid=90030 name=content_capture scontext=u:r:isolated_app:s0:c512,c768 tcontext=u:object_r:content_capture_service:s0 tclass=service_manager permissive=0
12-05 11:35:49.164 I/cr_ChildProcessService(17506): Creating new ChildProcessService pid=17506
12-05 11:35:49.166 I/binder  (0): undelivered transaction 628298, process died.
12-05 11:35:49.166 I/binder  (0): undelivered transaction 628299, process died.
12-05 11:35:49.166 I/binder  (0): undelivered transaction 628300, process died.
12-05 11:35:49.169 I/binder  (0): undelivered transaction 628249, process died.
12-05 11:35:49.169 I/binder  (0): undelivered transaction 628250, process died.
12-05 11:35:49.169 I/binder  (0): undelivered transaction 628248, process died.
12-05 11:35:49.169 I/cr_LibraryLoader(17466): Using linker: org.chromium.base.library_loader.ModernLinker
12-05 11:35:49.173 I/OpenGLRenderer(17221): Davey! duration=721ms; Flags=1, FrameTimelineVsyncId=38194, IntendedVsync=452864393851, Vsync=453464393827, InputEventId=0, HandleInputStart=453472544510, AnimationStart=453472546020, PerformTraversalsStart=453473826333, DrawStart=453558357427, FrameDeadline=452884893851, FrameInterval=453472438156, FrameStartTime=16666666, SyncQueued=453566527270, SyncStart=453566660343, IssueDrawCommandsStart=453568766333, SwapBuffers=453581752583, FrameCompleted=453586342479, DequeueBufferDuration=528334, QueueBufferDuration=658750, GpuCompleted=453586342479, SwapBuffersCompleted=453582730447, DisplayPresentTime=3960, 
12-05 11:35:49.173 D/Zygote  (15031): Forked child process 17561
12-05 11:35:49.173 E/SELinux (621): avc:  denied  { find } for pid=17506 uid=90032 name=content_capture scontext=u:r:isolated_app:s0:c512,c768 tcontext=u:object_r:content_capture_service:s0 tclass=service_manager permissive=0
12-05 11:35:49.174 I/cr_LibraryLoader(17506): Using linker: org.chromium.base.library_loader.ModernLinker
12-05 11:35:49.175 E/cr_ChromiumAndroidLinker(17466): ReserveAddressWithHint: Address range starting at 0xbb581000 was not free to use
12-05 11:35:49.176 E/cr_ChromiumAndroidLinker(17506): ReserveAddressWithHint: Address range starting at 0xbb581000 was not free to use
12-05 11:35:49.181 I/Zygote  (15031): Process 17440 exited cleanly (0)
12-05 11:35:49.181 I/Zygote  (15031): Process 17424 exited cleanly (0)
12-05 11:35:49.182 W/ActivityManager(1704): Slow operation: 231ms so far, now at startProcess: returned from zygote!
12-05 11:35:49.183 W/ActivityManager(1704): Slow operation: 232ms so far, now at startProcess: done updating battery stats
12-05 11:35:49.183 W/ActivityManager(1704): Slow operation: 232ms so far, now at startProcess: building log message
12-05 11:35:49.183 D/NetworkSecurityConfig(17528): Using Network Security Config from resource 0_resource_name_obfuscated debugBuild: false
12-05 11:35:49.183 I/ActivityManager(1704): Start proc 17561:com.android.chrome:sandboxed_process0:org.chromium.content.app.SandboxedProcessService0:10/u0ai34 for  {com.android.chrome/org.chromium.content.app.SandboxedProcessService0:10}
12-05 11:35:49.183 W/ActivityManager(1704): Slow operation: 232ms so far, now at startProcess: starting to update pids map
12-05 11:35:49.183 W/ActivityManager(1704): Slow operation: 232ms so far, now at startProcess: done updating pids map
12-05 11:35:49.183 W/ActivityManager(1704): Slow operation: 219ms so far, now at startProcess: asking zygote to start proc
12-05 11:35:49.184 D/CompatibilityChangeReporter(1704): Compat change id reported: 143937733; UID 10143; state: ENABLED
12-05 11:35:49.184 D/NetworkSecurityConfig(17528): Using Network Security Config from resource 0_resource_name_obfuscated debugBuild: false
12-05 11:35:49.185 I/chromium(17459): [INFO:child_process_service.cc(69)] ChildProcessService: Exiting child process.
12-05 11:35:49.186 W/chromium(17221): [WARNING:compositor_view.cc(341)] Child process died (type=6) pid=17424)
12-05 11:35:49.187 I/cr_SplitCompatApp(17528): Launched version=96.0.4664.45 minSdkVersion=29 isBundle=true processName=com.android.chrome:sandboxed_process0:org.chromium.content.app.SandboxedProcessService0:9 isIsolated=true
12-05 11:35:49.187 W/chromium(17221): [WARNING:compositor_view.cc(341)] Child process died (type=6) pid=17440)
12-05 11:35:49.187 E/cr_CompositorSurfaceMgr(17221): SurfaceState : detach from parent : 0
12-05 11:35:49.188 E/cr_CompositorSurfaceMgr(17221): surfaceDestroyed format : 0
12-05 11:35:49.189 D/CompatibilityChangeReporter(1704): Compat change id reported: 135634846; UID 10143; state: DISABLED
12-05 11:35:49.194 I/PlayCore(17221): UID: [10143]  PID: [17221] SplitInstallService : ServiceConnectionImpl.onServiceConnected(ComponentInfo{com.android.vending/com.google.android.finsky.splitinstallservice.SplitInstallService})
12-05 11:35:49.197 I/PlayCore(17221): UID: [10143]  PID: [17221] SplitInstallService : linkToDeath
12-05 11:35:49.198 W/SystemServiceRegistry(17528): No service published for: uimode
12-05 11:35:49.200 E/system_server(1704): Cannot read thread CPU times for PID 1704
12-05 11:35:49.202 I/cr_ChildProcessService(17528): Creating new ChildProcessService pid=17528
12-05 11:35:49.205 I/binder  (0): 17561:17561 ioctl 40046210 ffad84a8 returned -22
12-05 11:35:49.204 I/cr_LibraryLoader(17466): Successfully loaded native library
12-05 11:35:49.204 I/adbd    (4140): jdwp connection from 17561
12-05 11:35:49.205 D/ProcessState(17561): Binder ioctl to enable oneway spam detection failed: Invalid argument
12-05 11:35:49.211 I/libprocessgroup(1704): Successfully killed process cgroup uid 90027 pid 17424 in 85ms
12-05 11:35:49.211 I/libprocessgroup(1704): Successfully killed process cgroup uid 90028 pid 17440 in 0ms
12-05 11:35:49.216 I/cr_ChildProcessService(17486): Creating new ChildProcessService pid=17486
12-05 11:35:49.219 E/SELinux (621): avc:  denied  { find } for pid=17528 uid=90033 name=content_capture scontext=u:r:isolated_app:s0:c512,c768 tcontext=u:object_r:content_capture_service:s0 tclass=service_manager permissive=0
12-05 11:35:49.220 I/cr_LibraryLoader(17506): Successfully loaded native library
12-05 11:35:49.220 I/cr_CachingUmaRecorder(17466): Flushed 2 samples from 2 histograms.
12-05 11:35:49.225 I/cr_CachingUmaRecorder(17506): Flushed 2 samples from 2 histograms.
12-05 11:35:49.231 W/healthd (0): battery l=35 v=3964 t=38.0 h=2 st=2 c=-985839 fc=3246000 cc=111 chg=a
12-05 11:35:49.237 D/hw-ProcessState(17310): Binder ioctl to enable oneway spam detection failed: Invalid argument
12-05 11:35:49.237 I/binder  (0): 17310:17332 ioctl 40046210 c8dd9a88 returned -22
12-05 11:35:49.239 D/Zygote  (15031): Forked child process 17579
12-05 11:35:49.240 W/ActivityManager(1704): Slow operation: 276ms so far, now at startProcess: returned from zygote!
12-05 11:35:49.241 W/ActivityManager(1704): Slow operation: 276ms so far, now at startProcess: done updating battery stats
12-05 11:35:49.241 W/ActivityManager(1704): Slow operation: 276ms so far, now at startProcess: building log message
12-05 11:35:49.241 I/ActivityManager(1704): Start proc 17579:com.android.chrome:sandboxed_process0:org.chromium.content.app.SandboxedProcessService0:11/u0ai35 for  {com.android.chrome/org.chromium.content.app.SandboxedProcessService0:11}
12-05 11:35:49.241 W/ActivityManager(1704): Slow operation: 276ms so far, now at startProcess: starting to update pids map
12-05 11:35:49.241 W/ActivityManager(1704): Slow operation: 276ms so far, now at startProcess: done updating pids map
12-05 11:35:49.241 W/ActivityManager(1704): Slow operation: 271ms so far, now at startProcess: asking zygote to start proc
12-05 11:35:49.241 I/Gralloc4(17310): mapper 4.x is not supported
12-05 11:35:49.251 W/Gralloc3(17310): mapper 3.x is not supported
12-05 11:35:49.255 D/CompatibilityChangeReporter(1704): Compat change id reported: 135634846; UID 10143; state: DISABLED
12-05 11:35:49.256 I/adbd    (4140): jdwp connection from 17579
12-05 11:35:49.257 D/ProcessState(17579): Binder ioctl to enable oneway spam detection failed: Invalid argument
12-05 11:35:49.259 E/SELinux (621): avc:  denied  { find } for pid=17486 uid=90031 name=content_capture scontext=u:r:isolated_app:s0:c512,c768 tcontext=u:object_r:content_capture_service:s0 tclass=service_manager permissive=0
12-05 11:35:49.257 I/binder  (0): 17579:17579 ioctl 40046210 ffad84a8 returned -22
12-05 11:35:49.262 I/hwservicemanager(622): getTransport: Cannot find entry android.hardware.graphics.allocator@4.0::IAllocator/default in either framework or device VINTF manifest.
12-05 11:35:49.262 W/Gralloc4(17310): allocator 4.x is not supported
12-05 11:35:49.265 I/hwservicemanager(622): getTransport: Cannot find entry android.hardware.graphics.allocator@3.0::IAllocator/default in either framework or device VINTF manifest.
12-05 11:35:49.266 W/Gralloc3(17310): allocator 3.x is not supported
12-05 11:35:49.266 D/CompatibilityChangeReporter(17561): Compat change id reported: 171979766; UID 90034; state: ENABLED
12-05 11:35:49.278 D/Zygote  (822): Forked child process 17605
12-05 11:35:49.278 W/ActivityManager(1704): Slow operation: 309ms so far, now at startProcess: returned from zygote!
12-05 11:35:49.284 I/PlayCore(17221): UID: [10143]  PID: [17221] SplitInstallService : onDeferredInstall
12-05 11:35:49.284 I/PlayCore(17221): UID: [10143]  PID: [17221] SplitInstallService : Unbind from service.
12-05 11:35:49.285 W/ActivityManager(1704): Slow operation: 316ms so far, now at startProcess: done updating battery stats
12-05 11:35:49.285 W/ActivityManager(1704): Slow operation: 316ms so far, now at startProcess: building log message
12-05 11:35:49.285 I/ActivityManager(1704): Start proc 17605:com.android.se/1068 for restart com.android.se
12-05 11:35:49.285 W/ActivityManager(1704): Slow operation: 316ms so far, now at startProcess: starting to update pids map
12-05 11:35:49.286 W/ActivityManager(1704): Slow operation: 316ms so far, now at startProcess: done updating pids map
12-05 11:35:49.286 W/ActivityManager(1704): Slow operation: 97ms so far, now at startProcess: asking zygote to start proc
12-05 11:35:49.286 D/CompatibilityChangeReporter(1704): Compat change id reported: 143937733; UID 10143; state: ENABLED
12-05 11:35:49.274 W/composer@2.3-se(633): type=1400 audit(0.0:6781): avc: denied { read } for name="u:object_r:bootanim_system_prop:s0" dev="tmpfs" ino=22652 scontext=u:r:hal_graphics_composer_default:s0 tcontext=u:object_r:bootanim_system_prop:s0 tclass=file permissive=0
12-05 11:35:49.290 W/libc    (633): Access denied finding property "service.bootanim.exit"
12-05 11:35:49.292 D/NetworkSecurityConfig(17561): Using Network Security Config from resource 0_resource_name_obfuscated debugBuild: false
12-05 11:35:49.296 D/CompatibilityChangeReporter(17579): Compat change id reported: 171979766; UID 90035; state: ENABLED
12-05 11:35:49.297 D/NetworkSecurityConfig(17561): Using Network Security Config from resource 0_resource_name_obfuscated debugBuild: false
12-05 11:35:49.304 I/cr_SplitCompatApp(17561): Launched version=96.0.4664.45 minSdkVersion=29 isBundle=true processName=com.android.chrome:sandboxed_process0:org.chromium.content.app.SandboxedProcessService0:10 isIsolated=true
12-05 11:35:49.294 W/composer@2.3-se(633): type=1400 audit(0.0:6782): avc: denied { read } for name="u:object_r:bootanim_system_prop:s0" dev="tmpfs" ino=22652 scontext=u:r:hal_graphics_composer_default:s0 tcontext=u:object_r:bootanim_system_prop:s0 tclass=file permissive=0
12-05 11:35:49.308 W/libc    (633): Access denied finding property "service.bootanim.exit"
12-05 11:35:49.316 D/NetworkSecurityConfig(17579): Using Network Security Config from resource 0_resource_name_obfuscated debugBuild: false
12-05 11:35:49.318 D/NetworkSecurityConfig(17579): Using Network Security Config from resource 0_resource_name_obfuscated debugBuild: false
12-05 11:35:49.326 D/ProcessState(17605): Binder ioctl to enable oneway spam detection failed: Invalid argument
12-05 11:35:49.326 I/binder  (0): 17605:17605 ioctl 40046210 7fc451c0f4 returned -22
12-05 11:35:49.330 I/adbd    (4140): jdwp connection from 17605
12-05 11:35:49.331 I/cr_SplitCompatApp(17579): Launched version=96.0.4664.45 minSdkVersion=29 isBundle=true processName=com.android.chrome:sandboxed_process0:org.chromium.content.app.SandboxedProcessService0:11 isIsolated=true
12-05 11:35:49.331 I/ActivityManager(1704): Process com.android.chrome:sandboxed_process0:org.chromium.content.app.SandboxedProcessService0:5 (pid 17459) has died: vis BTOP
12-05 11:35:49.332 I/libprocessgroup(1704): Successfully killed process cgroup uid 90029 pid 17459 in 0ms
12-05 11:35:49.333 D/Zygote  (15031): Forked child process 17622
12-05 11:35:49.333 I/Zygote  (15031): Process 17459 exited cleanly (0)
12-05 11:35:49.334 I/chromium(17506): [INFO:child_process_service.cc(69)] ChildProcessService: Exiting child process.
12-05 11:35:49.335 I/chromium(17466): [INFO:child_process_service.cc(69)] ChildProcessService: Exiting child process.
12-05 11:35:49.336 W/ActivityManager(1704): Slow operation: 148ms so far, now at startProcess: returned from zygote!
12-05 11:35:49.336 W/ActivityManager(1704): Scheduling restart of crashed service com.android.chrome/org.chromium.content.app.SandboxedProcessService0:5 in 1000ms for connection
12-05 11:35:49.337 W/SystemServiceRegistry(17561): No service published for: uimode
12-05 11:35:49.341 E/system_server(1704): Cannot read thread CPU times for PID 1704
12-05 11:35:49.344 I/cr_ChildProcessService(17561): Creating new ChildProcessService pid=17561
12-05 11:35:49.348 W/SystemServiceRegistry(17579): No service published for: uimode
12-05 11:35:49.351 I/cr_ChildProcessService(17579): Creating new ChildProcessService pid=17579
12-05 11:35:49.354 I/Zygote  (15031): Process 17466 exited cleanly (0)
12-05 11:35:49.354 W/chromium(17221): [WARNING:compositor_view.cc(341)] Child process died (type=6) pid=17459)
12-05 11:35:49.359 W/chromium(17221): [WARNING:compositor_view.cc(341)] Child process died (type=6) pid=17466)
12-05 11:35:49.366 I/ActivityTaskManager(1704): Displayed com.android.chrome/com.google.android.apps.chrome.Main: +1s332ms
12-05 11:35:49.367 D/StartingSurfaceDrawer(2537): Task start finish, remove starting surface for task 130
12-05 11:35:49.368 V/StartingSurfaceDrawer(2537): Removing splash screen window for task: 130
12-05 11:35:49.368 I/Zygote  (15031): Process 17506 exited cleanly (0)
12-05 11:35:49.370 W/ActivityManager(1704): Slow operation: 181ms so far, now at startProcess: done updating battery stats
12-05 11:35:49.370 W/ActivityManager(1704): Slow operation: 182ms so far, now at startProcess: building log message
12-05 11:35:49.370 I/ActivityManager(1704): Start proc 17622:com.android.chrome:sandboxed_process0:org.chromium.content.app.SandboxedProcessService0:12/u0ai36 for  {com.android.chrome/org.chromium.content.app.SandboxedProcessService0:12}
